172.21.0.1 - - [16/Jan/2024:14:32:14 +0000] GET /api/am/devportal/v2/apis/510ded44-638f-4f40-9900-7034dc91967f/documents HTTP/1.1 200 92 https://localhost:9443/devportal/apis/510ded44-638f-4f40-9900-7034dc91967f/overview Mozilla/5.0 (X11; Linux x86_64) AppleWebKit/537.36 (KHTML, like Gecko) Chrome/120.0.0.0 Safari/537.36 0.011
172.21.0.1 - - [16/Jan/2024:14:32:14 +0000] GET /api/am/devportal/v2/apis/510ded44-638f-4f40-9900-7034dc91967f/thumbnail HTTP/1.1 204 - https://localhost:9443/devportal/apis/510ded44-638f-4f40-9900-7034dc91967f/overview Mozilla/5.0 (X11; Linux x86_64) AppleWebKit/537.36 (KHTML, like Gecko) Chrome/120.0.0.0 Safari/537.36 0.011
172.21.0.1 - - [16/Jan/2024:14:32:14 +0000] GET /api/am/devportal/v2/apis/510ded44-638f-4f40-9900-7034dc91967f/comments?limit=5&offset=0 HTTP/1.1 200 101 https://localhost:9443/devportal/apis/510ded44-638f-4f40-9900-7034dc91967f/overview Mozilla/5.0 (X11; Linux x86_64) AppleWebKit/537.36 (KHTML, like Gecko) Chrome/120.0.0.0 Safari/537.36 0.011
172.21.0.1 - - [16/Jan/2024:14:32:14 +0000] GET /api/am/devportal/v2/apis/510ded44-638f-4f40-9900-7034dc91967f/ratings HTTP/1.1 200 125 https://localhost:9443/devportal/apis/510ded44-638f-4f40-9900-7034dc91967f/overview Mozilla/5.0 (X11; Linux x86_64) AppleWebKit/537.36 (KHTML, like Gecko) Chrome/120.0.0.0 Safari/537.36 0.016
172.21.0.1 - - [16/Jan/2024:14:32:15 +0000] GET /devportal/site/public/images/_favicon.ico HTTP/1.1 200 1150 https://localhost:9443/devportal/apis/510ded44-638f-4f40-9900-7034dc91967f/credentials Mozilla/5.0 (X11; Linux x86_64) AppleWebKit/537.36 (KHTML, like Gecko) Chrome/120.0.0.0 Safari/537.36 0.001
172.21.0.1 - - [16/Jan/2024:14:32:15 +0000] GET /devportal/site/public/dist/APICredentials.33c4b26f236c4e460bfc.bundle.js HTTP/1.1 200 15975 https://localhost:9443/devportal/apis/510ded44-638f-4f40-9900-7034dc91967f/credentials Mozilla/5.0 (X11; Linux x86_64) AppleWebKit/537.36 (KHTML, like Gecko) Chrome/120.0.0.0 Safari/537.36 0.004
172.21.0.1 - - [16/Jan/2024:14:32:15 +0000] GET /devportal/site/public/dist/1.dfee9ae3c1584f828b5f.bundle.js HTTP/1.1 200 43564 https://localhost:9443/devportal/apis/510ded44-638f-4f40-9900-7034dc91967f/credentials Mozilla/5.0 (X11; Linux x86_64) AppleWebKit/537.36 (KHTML, like Gecko) Chrome/120.0.0.0 Safari/537.36 0.009
127.0.0.1 - - [16/Jan/2024:14:32:16 +0000] GET /keymanager-operations/dcr/register/jhYtVjnztTTcwdpeuHeSoZIZAcoa HTTP/1.1 200 560 - Apache-HttpClient/4.5.13 (Java/11.0.10) 0.004
172.21.0.1 - - [16/Jan/2024:14:32:16 +0000] POST /api/am/devportal/v2/subscriptions HTTP/1.1 201 571 https://localhost:9443/devportal/apis/510ded44-638f-4f40-9900-7034dc91967f/credentials Mozilla/5.0 (X11; Linux x86_64) AppleWebKit/537.36 (KHTML, like Gecko) Chrome/120.0.0.0 Safari/537.36 0.041
172.21.0.1 - - [16/Jan/2024:14:32:16 +0000] GET /api/am/devportal/v2/applications?limit=5000 HTTP/1.1 200 343 https://localhost:9443/devportal/apis/510ded44-638f-4f40-9900-7034dc91967f/credentials Mozilla/5.0 (X11; Linux x86_64) AppleWebKit/537.36 (KHTML, like Gecko) Chrome/120.0.0.0 Safari/537.36 0.008
172.21.0.1 - - [16/Jan/2024:14:32:16 +0000] GET /api/am/devportal/v2/apis/510ded44-638f-4f40-9900-7034dc91967f HTTP/1.1 200 944 https://localhost:9443/devportal/apis/510ded44-638f-4f40-9900-7034dc91967f/credentials Mozilla/5.0 (X11; Linux x86_64) AppleWebKit/537.36 (KHTML, like Gecko) Chrome/120.0.0.0 Safari/537.36 0.024
127.0.0.1 - - [16/Jan/2024:14:32:16 +0000] GET /keymanager-operations/dcr/register/jhYtVjnztTTcwdpeuHeSoZIZAcoa HTTP/1.1 200 560 - Apache-HttpClient/4.5.13 (Java/11.0.10) 0.004
172.21.0.1 - - [16/Jan/2024:14:32:16 +0000] GET /api/am/devportal/v2/subscriptions?apiId=510ded44-638f-4f40-9900-7034dc91967f&limit=5000 HTTP/1.1 200 618 https://localhost:9443/devportal/apis/510ded44-638f-4f40-9900-7034dc91967f/credentials Mozilla/5.0 (X11; Linux x86_64) AppleWebKit/537.36 (KHTML, like Gecko) Chrome/120.0.0.0 Safari/537.36 0.035
127.0.0.1 - - [16/Jan/2024:14:32:16 +0000] GET /keymanager-operations/dcr/register/jhYtVjnztTTcwdpeuHeSoZIZAcoa HTTP/1.1 200 560 - Apache-HttpClient/4.5.13 (Java/11.0.10) 0.006
172.21.0.1 - - [16/Jan/2024:14:32:16 +0000] GET /api/am/devportal/v2/subscriptions?apiId=510ded44-638f-4f40-9900-7034dc91967f&limit=25 HTTP/1.1 200 617 https://localhost:9443/devportal/apis/510ded44-638f-4f40-9900-7034dc91967f/credentials Mozilla/5.0 (X11; Linux x86_64) AppleWebKit/537.36 (KHTML, like Gecko) Chrome/120.0.0.0 Safari/537.36 0.050
172.21.0.1 - - [16/Jan/2024:14:32:17 +0000] GET /api/am/devportal/v2/swagger.yaml HTTP/1.1 200 22477 https://localhost:9443/devportal/apis/510ded44-638f-4f40-9900-7034dc91967f/credentials Mozilla/5.0 (X11; Linux x86_64) AppleWebKit/537.36 (KHTML, like Gecko) Chrome/120.0.0.0 Safari/537.36 0.007
172.21.0.1 - - [16/Jan/2024:14:32:17 +0000] GET /api/am/devportal/v2/swagger.yaml HTTP/1.1 200 22477 https://localhost:9443/devportal/apis/510ded44-638f-4f40-9900-7034dc91967f/credentials Mozilla/5.0 (X11; Linux x86_64) AppleWebKit/537.36 (KHTML, like Gecko) Chrome/120.0.0.0 Safari/537.36 0.008
127.0.0.1 - - [16/Jan/2024:14:32:17 +0000] GET /oauth2/token/.well-known/openid-configuration HTTP/1.1 200 2195 - Apache-HttpClient/4.5.13 (Java/11.0.10) 0.004
172.21.0.1 - - [16/Jan/2024:14:32:17 +0000] GET /api/am/devportal/v2/key-managers HTTP/1.1 200 586 https://localhost:9443/devportal/apis/510ded44-638f-4f40-9900-7034dc91967f/credentials Mozilla/5.0 (X11; Linux x86_64) AppleWebKit/537.36 (KHTML, like Gecko) Chrome/120.0.0.0 Safari/537.36 0.034
127.0.0.1 - - [16/Jan/2024:14:32:18 +0000] GET /keymanager-operations/dcr/register/jhYtVjnztTTcwdpeuHeSoZIZAcoa HTTP/1.1 200 560 - Apache-HttpClient/4.5.13 (Java/11.0.10) 0.005
172.21.0.1 - - [16/Jan/2024:14:32:18 +0000] GET /api/am/devportal/v2/applications/a56847b6-9e03-42a3-a369-4d12a47e88f3 HTTP/1.1 200 321 https://localhost:9443/devportal/apis/510ded44-638f-4f40-9900-7034dc91967f/credentials Mozilla/5.0 (X11; Linux x86_64) AppleWebKit/537.36 (KHTML, like Gecko) Chrome/120.0.0.0 Safari/537.36 0.015
127.0.0.1 - - [16/Jan/2024:14:32:18 +0000] GET /keymanager-operations/dcr/register/jhYtVjnztTTcwdpeuHeSoZIZAcoa HTTP/1.1 200 560 - Apache-HttpClient/4.5.13 (Java/11.0.10) 0.004
172.21.0.1 - - [16/Jan/2024:14:32:18 +0000] GET /api/am/devportal/v2/applications/a56847b6-9e03-42a3-a369-4d12a47e88f3 HTTP/1.1 200 321 https://localhost:9443/devportal/apis/510ded44-638f-4f40-9900-7034dc91967f/credentials Mozilla/5.0 (X11; Linux x86_64) AppleWebKit/537.36 (KHTML, like Gecko) Chrome/120.0.0.0 Safari/537.36 0.011
127.0.0.1 - - [16/Jan/2024:14:32:18 +0000] GET /keymanager-operations/dcr/register/jhYtVjnztTTcwdpeuHeSoZIZAcoa HTTP/1.1 200 560 - Apache-HttpClient/4.5.13 (Java/11.0.10) 0.002
172.21.0.1 - - [16/Jan/2024:14:32:18 +0000] GET /api/am/devportal/v2/applications/a56847b6-9e03-42a3-a369-4d12a47e88f3/oauth-keys HTTP/1.1 200 708 https://localhost:9443/devportal/apis/510ded44-638f-4f40-9900-7034dc91967f/credentials Mozilla/5.0 (X11; Linux x86_64) AppleWebKit/537.36 (KHTML, like Gecko) Chrome/120.0.0.0 Safari/537.36 0.010
172.21.0.1 - - [16/Jan/2024:14:32:18 +0000] GET /api/am/devportal/v2/swagger.yaml HTTP/1.1 200 22477 https://localhost:9443/devportal/apis/510ded44-638f-4f40-9900-7034dc91967f/credentials Mozilla/5.0 (X11; Linux x86_64) AppleWebKit/537.36 (KHTML, like Gecko) Chrome/120.0.0.0 Safari/537.36 0.006
127.0.0.1 - - [16/Jan/2024:14:32:18 +0000] GET /keymanager-operations/dcr/register/jhYtVjnztTTcwdpeuHeSoZIZAcoa HTTP/1.1 200 560 - Apache-HttpClient/4.5.13 (Java/11.0.10) 0.004
172.21.0.1 - - [16/Jan/2024:14:32:18 +0000] GET /api/am/devportal/v2/applications/a56847b6-9e03-42a3-a369-4d12a47e88f3 HTTP/1.1 200 321 https://localhost:9443/devportal/apis/510ded44-638f-4f40-9900-7034dc91967f/credentials Mozilla/5.0 (X11; Linux x86_64) AppleWebKit/537.36 (KHTML, like Gecko) Chrome/120.0.0.0 Safari/537.36 0.014
127.0.0.1 - - [16/Jan/2024:14:32:18 +0000] GET /keymanager-operations/dcr/register/jhYtVjnztTTcwdpeuHeSoZIZAcoa HTTP/1.1 200 560 - Apache-HttpClient/4.5.13 (Java/11.0.10) 0.003
172.21.0.1 - - [16/Jan/2024:14:32:18 +0000] GET /api/am/devportal/v2/applications/a56847b6-9e03-42a3-a369-4d12a47e88f3/oauth-keys HTTP/1.1 200 708 https://localhost:9443/devportal/apis/510ded44-638f-4f40-9900-7034dc91967f/credentials Mozilla/5.0 (X11; Linux x86_64) AppleWebKit/537.36 (KHTML, like Gecko) Chrome/120.0.0.0 Safari/537.36 0.011
127.0.0.1 - - [16/Jan/2024:14:32:21 +0000] GET /keymanager-operations/dcr/register/jhYtVjnztTTcwdpeuHeSoZIZAcoa HTTP/1.1 200 560 - Apache-HttpClient/4.5.13 (Java/11.0.10) 0.004
172.21.0.1 - - [16/Jan/2024:14:32:21 +0000] GET /api/am/devportal/v2/applications/a56847b6-9e03-42a3-a369-4d12a47e88f3/oauth-keys HTTP/1.1 200 708 https://localhost:9443/devportal/apis/510ded44-638f-4f40-9900-7034dc91967f/credentials Mozilla/5.0 (X11; Linux x86_64) AppleWebKit/537.36 (KHTML, like Gecko) Chrome/120.0.0.0 Safari/537.36 0.011
127.0.0.1 - - [16/Jan/2024:14:32:21 +0000] GET /keymanager-operations/dcr/register/jhYtVjnztTTcwdpeuHeSoZIZAcoa HTTP/1.1 200 560 - Apache-HttpClient/4.5.13 (Java/11.0.10) 0.003
127.0.0.1 - - [16/Jan/2024:14:32:21 +0000] POST /oauth2/token HTTP/1.1 200 1065 - Apache-HttpClient/4.5.13 (Java/11.0.10) 0.011
172.21.0.1 - - [16/Jan/2024:14:32:21 +0000] POST /api/am/devportal/v2/applications/a56847b6-9e03-42a3-a369-4d12a47e88f3/oauth-keys/7aed9985-002a-407b-a06b-4b7c42335799/generate-token HTTP/1.1 200 809 https://localhost:9443/devportal/apis/510ded44-638f-4f40-9900-7034dc91967f/credentials Mozilla/5.0 (X11; Linux x86_64) AppleWebKit/537.36 (KHTML, like Gecko) Chrome/120.0.0.0 Safari/537.36 0.041
172.21.0.1 - - [16/Jan/2024:14:32:41 +0000] GET /api/am/publisher/v2/apis/510ded44-638f-4f40-9900-7034dc91967f/revisions?query=deployed%3Atrue HTTP/1.1 200 327 https://localhost:9443/publisher/apis/510ded44-638f-4f40-9900-7034dc91967f/overview Mozilla/5.0 (X11; Linux x86_64) AppleWebKit/537.36 (KHTML, like Gecko) Chrome/120.0.0.0 Safari/537.36 0.005
172.21.0.1 - - [16/Jan/2024:14:32:41 +0000] GET /api/am/publisher/v2/apis/510ded44-638f-4f40-9900-7034dc91967f/swagger HTTP/1.1 200 653 https://localhost:9443/publisher/apis/510ded44-638f-4f40-9900-7034dc91967f/overview Mozilla/5.0 (X11; Linux x86_64) AppleWebKit/537.36 (KHTML, like Gecko) Chrome/120.0.0.0 Safari/537.36 0.025
