172.26.0.1 - - [17/Jan/2024:06:38:01 +0000] GET /logincontext?sessionDataKey=4ba45675-fa73-44bf-b0b9-25d8e73b3f50&relyingParty=t0eegfR7zJzfZ7t5EaLLAHgFEnMa&tenantDomain=carbon.super&_=1705473480917 HTTP/1.1 200 20 https://localhost:9443/authenticationendpoint/login.do?client_id=t0eegfR7zJzfZ7t5EaLLAHgFEnMa&commonAuthCallerPath=%2Foauth2%2Fauthorize&forceAuth=false&passiveAuth=false&redirect_uri=https%3A%2F%2Flocalhost%3A9443%2Fdevportal%2Fservices%2Fauth%2Fcallback%2Flogin&response_type=code&scope=apim%3Aadmin+apim%3Aapi_key+apim%3Aapp_import_export+apim%3Aapp_manage+apim%3Astore_settings+apim%3Asub_alert_manage+apim%3Asub_manage+apim%3Asubscribe+openid&state=%2Fapis%2F8b05a2c6-cd79-417d-b762-93994127c08d%2Fcomments&tenantDomain=carbon.super&sessionDataKey=4ba45675-fa73-44bf-b0b9-25d8e73b3f50&relyingParty=t0eegfR7zJzfZ7t5EaLLAHgFEnMa&type=oidc&sp=apim_devportal&isSaaSApp=true&authenticators=BasicAuthenticator%3ALOCAL Mozilla/5.0 (X11; Linux x86_64) AppleWebKit/537.36 (KHTML, like Gecko) Chrome/120.0.0.0 Safari/537.36 0.040
172.26.0.1 - - [17/Jan/2024:06:38:04 +0000] GET /logincontext?sessionDataKey=4ba45675-fa73-44bf-b0b9-25d8e73b3f50&relyingParty=t0eegfR7zJzfZ7t5EaLLAHgFEnMa&tenantDomain=carbon.super&_=1705473480918 HTTP/1.1 200 20 https://localhost:9443/authenticationendpoint/login.do?client_id=t0eegfR7zJzfZ7t5EaLLAHgFEnMa&commonAuthCallerPath=%2Foauth2%2Fauthorize&forceAuth=false&passiveAuth=false&redirect_uri=https%3A%2F%2Flocalhost%3A9443%2Fdevportal%2Fservices%2Fauth%2Fcallback%2Flogin&response_type=code&scope=apim%3Aadmin+apim%3Aapi_key+apim%3Aapp_import_export+apim%3Aapp_manage+apim%3Astore_settings+apim%3Asub_alert_manage+apim%3Asub_manage+apim%3Asubscribe+openid&state=%2Fapis%2F8b05a2c6-cd79-417d-b762-93994127c08d%2Fcomments&tenantDomain=carbon.super&sessionDataKey=4ba45675-fa73-44bf-b0b9-25d8e73b3f50&relyingParty=t0eegfR7zJzfZ7t5EaLLAHgFEnMa&type=oidc&sp=apim_devportal&isSaaSApp=true&authenticators=BasicAuthenticator%3ALOCAL Mozilla/5.0 (X11; Linux x86_64) AppleWebKit/537.36 (KHTML, like Gecko) Chrome/120.0.0.0 Safari/537.36 0.002
172.26.0.1 - - [17/Jan/2024:06:38:04 +0000] POST /commonauth HTTP/1.1 302 - https://localhost:9443/authenticationendpoint/login.do?client_id=t0eegfR7zJzfZ7t5EaLLAHgFEnMa&commonAuthCallerPath=%2Foauth2%2Fauthorize&forceAuth=false&passiveAuth=false&redirect_uri=https%3A%2F%2Flocalhost%3A9443%2Fdevportal%2Fservices%2Fauth%2Fcallback%2Flogin&response_type=code&scope=apim%3Aadmin+apim%3Aapi_key+apim%3Aapp_import_export+apim%3Aapp_manage+apim%3Astore_settings+apim%3Asub_alert_manage+apim%3Asub_manage+apim%3Asubscribe+openid&state=%2Fapis%2F8b05a2c6-cd79-417d-b762-93994127c08d%2Fcomments&tenantDomain=carbon.super&sessionDataKey=4ba45675-fa73-44bf-b0b9-25d8e73b3f50&relyingParty=t0eegfR7zJzfZ7t5EaLLAHgFEnMa&type=oidc&sp=apim_devportal&isSaaSApp=true&authenticators=BasicAuthenticator%3ALOCAL Mozilla/5.0 (X11; Linux x86_64) AppleWebKit/537.36 (KHTML, like Gecko) Chrome/120.0.0.0 Safari/537.36 0.153
172.26.0.1 - - [17/Jan/2024:06:38:04 +0000] GET /oauth2/authorize?sessionDataKey=c1ca4de4-74af-44d0-b815-38fb155287b3 HTTP/1.1 302 - https://localhost:9443/authenticationendpoint/login.do?client_id=t0eegfR7zJzfZ7t5EaLLAHgFEnMa&commonAuthCallerPath=%2Foauth2%2Fauthorize&forceAuth=false&passiveAuth=false&redirect_uri=https%3A%2F%2Flocalhost%3A9443%2Fdevportal%2Fservices%2Fauth%2Fcallback%2Flogin&response_type=code&scope=apim%3Aadmin+apim%3Aapi_key+apim%3Aapp_import_export+apim%3Aapp_manage+apim%3Astore_settings+apim%3Asub_alert_manage+apim%3Asub_manage+apim%3Asubscribe+openid&state=%2Fapis%2F8b05a2c6-cd79-417d-b762-93994127c08d%2Fcomments&tenantDomain=carbon.super&sessionDataKey=4ba45675-fa73-44bf-b0b9-25d8e73b3f50&relyingParty=t0eegfR7zJzfZ7t5EaLLAHgFEnMa&type=oidc&sp=apim_devportal&isSaaSApp=true&authenticators=BasicAuthenticator%3ALOCAL Mozilla/5.0 (X11; Linux x86_64) AppleWebKit/537.36 (KHTML, like Gecko) Chrome/120.0.0.0 Safari/537.36 0.096
127.0.0.1 - - [17/Jan/2024:06:38:04 +0000] POST /oauth2/token HTTP/1.1 200 1325 - Jakarta Commons-HttpClient/3.1 0.031
172.26.0.1 - - [17/Jan/2024:06:38:04 +0000] GET /devportal/services/auth/callback/login?code=31fcf5f0-4870-3d4c-a787-049d3a32da96&state=%2Fapis%2F8b05a2c6-cd79-417d-b762-93994127c08d%2Fcomments&session_state=34111254e17c37d23d63b04436c6b0c38bf977af42847de72d49fcb177465d85.gibz_NJxGT-i-z05aZQ1-A HTTP/1.1 302 - https://localhost:9443/authenticationendpoint/login.do?client_id=t0eegfR7zJzfZ7t5EaLLAHgFEnMa&commonAuthCallerPath=%2Foauth2%2Fauthorize&forceAuth=false&passiveAuth=false&redirect_uri=https%3A%2F%2Flocalhost%3A9443%2Fdevportal%2Fservices%2Fauth%2Fcallback%2Flogin&response_type=code&scope=apim%3Aadmin+apim%3Aapi_key+apim%3Aapp_import_export+apim%3Aapp_manage+apim%3Astore_settings+apim%3Asub_alert_manage+apim%3Asub_manage+apim%3Asubscribe+openid&state=%2Fapis%2F8b05a2c6-cd79-417d-b762-93994127c08d%2Fcomments&tenantDomain=carbon.super&sessionDataKey=4ba45675-fa73-44bf-b0b9-25d8e73b3f50&relyingParty=t0eegfR7zJzfZ7t5EaLLAHgFEnMa&type=oidc&sp=apim_devportal&isSaaSApp=true&authenticators=BasicAuthenticator%3ALOCAL Mozilla/5.0 (X11; Linux x86_64) AppleWebKit/537.36 (KHTML, like Gecko) Chrome/120.0.0.0 Safari/537.36 0.052
172.26.0.1 - - [17/Jan/2024:06:38:04 +0000] GET /devportal/apis/8b05a2c6-cd79-417d-b762-93994127c08d/comments HTTP/1.1 200 2031 https://localhost:9443/authenticationendpoint/login.do?client_id=t0eegfR7zJzfZ7t5EaLLAHgFEnMa&commonAuthCallerPath=%2Foauth2%2Fauthorize&forceAuth=false&passiveAuth=false&redirect_uri=https%3A%2F%2Flocalhost%3A9443%2Fdevportal%2Fservices%2Fauth%2Fcallback%2Flogin&response_type=code&scope=apim%3Aadmin+apim%3Aapi_key+apim%3Aapp_import_export+apim%3Aapp_manage+apim%3Astore_settings+apim%3Asub_alert_manage+apim%3Asub_manage+apim%3Asubscribe+openid&state=%2Fapis%2F8b05a2c6-cd79-417d-b762-93994127c08d%2Fcomments&tenantDomain=carbon.super&sessionDataKey=4ba45675-fa73-44bf-b0b9-25d8e73b3f50&relyingParty=t0eegfR7zJzfZ7t5EaLLAHgFEnMa&type=oidc&sp=apim_devportal&isSaaSApp=true&authenticators=BasicAuthenticator%3ALOCAL Mozilla/5.0 (X11; Linux x86_64) AppleWebKit/537.36 (KHTML, like Gecko) Chrome/120.0.0.0 Safari/537.36 0.006
172.26.0.1 - - [17/Jan/2024:06:38:04 +0000] GET /devportal/services/settings/settings.js HTTP/1.1 200 965 https://localhost:9443/devportal/apis/8b05a2c6-cd79-417d-b762-93994127c08d/comments Mozilla/5.0 (X11; Linux x86_64) AppleWebKit/537.36 (KHTML, like Gecko) Chrome/120.0.0.0 Safari/537.36 0.005
172.26.0.1 - - [17/Jan/2024:06:38:04 +0000] GET /devportal/site/public/css/overrides.css HTTP/1.1 200 - https://localhost:9443/devportal/apis/8b05a2c6-cd79-417d-b762-93994127c08d/comments Mozilla/5.0 (X11; Linux x86_64) AppleWebKit/537.36 (KHTML, like Gecko) Chrome/120.0.0.0 Safari/537.36 0.006
172.26.0.1 - - [17/Jan/2024:06:38:05 +0000] GET /devportal/site/public/locales/en.json HTTP/1.1 200 44152 https://localhost:9443/devportal/apis/8b05a2c6-cd79-417d-b762-93994127c08d/comments Mozilla/5.0 (X11; Linux x86_64) AppleWebKit/537.36 (KHTML, like Gecko) Chrome/120.0.0.0 Safari/537.36 0.015
172.26.0.1 - - [17/Jan/2024:06:38:05 +0000] GET /api/am/devportal/v2/swagger.yaml HTTP/1.1 200 22477 https://localhost:9443/devportal/apis/8b05a2c6-cd79-417d-b762-93994127c08d/comments Mozilla/5.0 (X11; Linux x86_64) AppleWebKit/537.36 (KHTML, like Gecko) Chrome/120.0.0.0 Safari/537.36 0.025
172.26.0.1 - - [17/Jan/2024:06:38:05 +0000] GET /devportal/site/public/images/_favicon.ico HTTP/1.1 200 1150 https://localhost:9443/devportal/apis/8b05a2c6-cd79-417d-b762-93994127c08d/comments Mozilla/5.0 (X11; Linux x86_64) AppleWebKit/537.36 (KHTML, like Gecko) Chrome/120.0.0.0 Safari/537.36 0.002
172.26.0.1 - - [17/Jan/2024:06:38:05 +0000] GET /api/am/devportal/v2/settings HTTP/1.1 200 592 https://localhost:9443/devportal/apis/8b05a2c6-cd79-417d-b762-93994127c08d/comments Mozilla/5.0 (X11; Linux x86_64) AppleWebKit/537.36 (KHTML, like Gecko) Chrome/120.0.0.0 Safari/537.36 0.034
172.26.0.1 - - [17/Jan/2024:06:38:05 +0000] GET /devportal/site/public/dist/ProtectedApp.824ba3b4b8e9a2967729.bundle.js HTTP/1.1 200 71446 https://localhost:9443/devportal/apis/8b05a2c6-cd79-417d-b762-93994127c08d/comments Mozilla/5.0 (X11; Linux x86_64) AppleWebKit/537.36 (KHTML, like Gecko) Chrome/120.0.0.0 Safari/537.36 0.012
172.26.0.1 - - [17/Jan/2024:06:38:05 +0000] GET /devportal/site/public/dist/vendors~ProtectedApp.a1a55e633861af6d46c0.bundle.js HTTP/1.1 200 195845 https://localhost:9443/devportal/apis/8b05a2c6-cd79-417d-b762-93994127c08d/comments Mozilla/5.0 (X11; Linux x86_64) AppleWebKit/537.36 (KHTML, like Gecko) Chrome/120.0.0.0 Safari/537.36 0.045
127.0.0.1 - - [17/Jan/2024:06:38:05 +0000] GET /api/am/devportal/v2/settings HTTP/1.1 200 604 - Jakarta Commons-HttpClient/3.1 0.037
172.26.0.1 - - [17/Jan/2024:06:38:05 +0000] GET /devportal/services/configs?loginPrompt=false HTTP/1.1 302 - https://localhost:9443/devportal/apis/8b05a2c6-cd79-417d-b762-93994127c08d/comments Mozilla/5.0 (X11; Linux x86_64) AppleWebKit/537.36 (KHTML, like Gecko) Chrome/120.0.0.0 Safari/537.36 0.066
172.26.0.1 - - [17/Jan/2024:06:38:05 +0000] GET /devportal/site/public/theme/temporary_environments_config.json HTTP/1.1 200 - https://localhost:9443/devportal/apis/8b05a2c6-cd79-417d-b762-93994127c08d/comments Mozilla/5.0 (X11; Linux x86_64) AppleWebKit/537.36 (KHTML, like Gecko) Chrome/120.0.0.0 Safari/537.36 0.002
172.26.0.1 - - [17/Jan/2024:06:38:05 +0000] GET /devportal/site/public/theme/temporary_features_config.json HTTP/1.1 200 - https://localhost:9443/devportal/apis/8b05a2c6-cd79-417d-b762-93994127c08d/comments Mozilla/5.0 (X11; Linux x86_64) AppleWebKit/537.36 (KHTML, like Gecko) Chrome/120.0.0.0 Safari/537.36 0.003
172.26.0.1 - - [17/Jan/2024:06:38:05 +0000] - 400 - - - 0.000
172.26.0.1 - - [17/Jan/2024:06:38:05 +0000] GET /api/am/devportal/v2/tenants?state=active HTTP/1.1 200 96 https://localhost:9443/devportal/apis/8b05a2c6-cd79-417d-b762-93994127c08d/comments Mozilla/5.0 (X11; Linux x86_64) AppleWebKit/537.36 (KHTML, like Gecko) Chrome/120.0.0.0 Safari/537.36 0.007
172.26.0.1 - - [17/Jan/2024:06:38:05 +0000] GET /oauth2/authorize?response_type=code&client_id=t0eegfR7zJzfZ7t5EaLLAHgFEnMa&scope=apim:admin%20apim:api_key%20apim:app_import_export%20apim:app_manage%20apim:store_settings%20apim:sub_alert_manage%20apim:sub_manage%20apim:subscribe%20openid&state=/apis/8b05a2c6-cd79-417d-b762-93994127c08d/comments&redirect_uri=https://localhost:9443/devportal/services/auth/callback/login&prompt=none HTTP/1.1 302 - https://localhost:9443/devportal/apis/8b05a2c6-cd79-417d-b762-93994127c08d/comments Mozilla/5.0 (X11; Linux x86_64) AppleWebKit/537.36 (KHTML, like Gecko) Chrome/120.0.0.0 Safari/537.36 0.040
127.0.0.1 - - [17/Jan/2024:06:38:05 +0000] POST /oauth2/token HTTP/1.1 200 1325 - Jakarta Commons-HttpClient/3.1 0.014
172.26.0.1 - - [17/Jan/2024:06:38:05 +0000] GET /devportal/services/auth/callback/login?code=915a20b6-f577-3a4f-a863-753d9f3ad499&state=%2Fapis%2F8b05a2c6-cd79-417d-b762-93994127c08d%2Fcomments&session_state=51000fd29d4c0cf6e7bcf4d5c2c7cb973032067686b4855b757141b4741f2f98.rhp2DKXys7FiqqSujIVLXA HTTP/1.1 302 - https://localhost:9443/devportal/apis/8b05a2c6-cd79-417d-b762-93994127c08d/comments Mozilla/5.0 (X11; Linux x86_64) AppleWebKit/537.36 (KHTML, like Gecko) Chrome/120.0.0.0 Safari/537.36 0.073
127.0.0.1 - - [17/Jan/2024:06:38:05 +0000] GET /oauth2/userinfo HTTP/1.1 200 15 - Jakarta Commons-HttpClient/3.1 0.098
172.26.0.1 - - [17/Jan/2024:06:38:05 +0000] GET /devportal/apis/8b05a2c6-cd79-417d-b762-93994127c08d/comments HTTP/1.1 200 2031 https://localhost:9443/devportal/apis/8b05a2c6-cd79-417d-b762-93994127c08d/comments Mozilla/5.0 (X11; Linux x86_64) AppleWebKit/537.36 (KHTML, like Gecko) Chrome/120.0.0.0 Safari/537.36 0.004
172.26.0.1 - - [17/Jan/2024:06:38:05 +0000] GET /devportal/site/public/dist/vendors~ApiListing~Apis~ApplicationDetails.08ac37224f0cd5518eac.bundle.js HTTP/1.1 200 5350 https://localhost:9443/devportal/apis/8b05a2c6-cd79-417d-b762-93994127c08d/comments Mozilla/5.0 (X11; Linux x86_64) AppleWebKit/537.36 (KHTML, like Gecko) Chrome/120.0.0.0 Safari/537.36 0.003
172.26.0.1 - - [17/Jan/2024:06:38:05 +0000] GET /devportal/site/public/dist/vendors~Apis.807bf6b9a5502492c51d.bundle.js HTTP/1.1 200 11779 https://localhost:9443/devportal/apis/8b05a2c6-cd79-417d-b762-93994127c08d/comments Mozilla/5.0 (X11; Linux x86_64) AppleWebKit/537.36 (KHTML, like Gecko) Chrome/120.0.0.0 Safari/537.36 0.004
172.26.0.1 - - [17/Jan/2024:06:38:05 +0000] - 400 - - - 0.000
172.26.0.1 - - [17/Jan/2024:06:38:05 +0000] - 400 - - - 0.000
172.26.0.1 - - [17/Jan/2024:06:38:05 +0000] GET /devportal/site/public/dist/Apis~Landing.24e9096bfcfa01d7b293.bundle.js HTTP/1.1 200 6356 https://localhost:9443/devportal/apis/8b05a2c6-cd79-417d-b762-93994127c08d/comments Mozilla/5.0 (X11; Linux x86_64) AppleWebKit/537.36 (KHTML, like Gecko) Chrome/120.0.0.0 Safari/537.36 0.004
172.26.0.1 - - [17/Jan/2024:06:38:05 +0000] GET /devportal/site/public/dist/vendors~Apis~ApplicationDetails.6b8bb269d872c149f64e.bundle.js HTTP/1.1 200 63596 https://localhost:9443/devportal/apis/8b05a2c6-cd79-417d-b762-93994127c08d/comments Mozilla/5.0 (X11; Linux x86_64) AppleWebKit/537.36 (KHTML, like Gecko) Chrome/120.0.0.0 Safari/537.36 0.017
172.26.0.1 - - [17/Jan/2024:06:38:05 +0000] GET /devportal/site/public/dist/Apis.6b300e16fae186a1127c.bundle.js HTTP/1.1 200 21811 https://localhost:9443/devportal/apis/8b05a2c6-cd79-417d-b762-93994127c08d/comments Mozilla/5.0 (X11; Linux x86_64) AppleWebKit/537.36 (KHTML, like Gecko) Chrome/120.0.0.0 Safari/537.36 0.007
172.26.0.1 - - [17/Jan/2024:06:38:05 +0000] GET /devportal/services/settings/settings.js HTTP/1.1 200 965 https://localhost:9443/devportal/apis/8b05a2c6-cd79-417d-b762-93994127c08d/comments Mozilla/5.0 (X11; Linux x86_64) AppleWebKit/537.36 (KHTML, like Gecko) Chrome/120.0.0.0 Safari/537.36 0.004
172.26.0.1 - - [17/Jan/2024:06:38:05 +0000] GET /devportal/site/public/locales/en.json HTTP/1.1 200 44152 https://localhost:9443/devportal/apis/8b05a2c6-cd79-417d-b762-93994127c08d/comments Mozilla/5.0 (X11; Linux x86_64) AppleWebKit/537.36 (KHTML, like Gecko) Chrome/120.0.0.0 Safari/537.36 0.004
172.26.0.1 - - [17/Jan/2024:06:38:05 +0000] - 400 - - - 0.000
172.26.0.1 - - [17/Jan/2024:06:38:05 +0000] GET /api/am/devportal/v2/swagger.yaml HTTP/1.1 200 22477 https://localhost:9443/devportal/apis/8b05a2c6-cd79-417d-b762-93994127c08d/comments Mozilla/5.0 (X11; Linux x86_64) AppleWebKit/537.36 (KHTML, like Gecko) Chrome/120.0.0.0 Safari/537.36 0.013
127.0.0.1 - - [17/Jan/2024:06:38:06 +0000] POST /oauth2/introspect HTTP/1.1 200 341 - Jakarta Commons-HttpClient/3.1 0.376
172.26.0.1 - - [17/Jan/2024:06:38:06 +0000] GET /devportal/services/auth/introspect HTTP/1.1 200 354 https://localhost:9443/devportal/apis/8b05a2c6-cd79-417d-b762-93994127c08d/comments Mozilla/5.0 (X11; Linux x86_64) AppleWebKit/537.36 (KHTML, like Gecko) Chrome/120.0.0.0 Safari/537.36 0.517
172.26.0.1 - - [17/Jan/2024:06:38:06 +0000] - 400 - - - 0.000
172.26.0.1 - - [17/Jan/2024:06:38:06 +0000] GET /devportal/site/public/images/_favicon.ico HTTP/1.1 200 1150 https://localhost:9443/devportal/apis/8b05a2c6-cd79-417d-b762-93994127c08d/comments Mozilla/5.0 (X11; Linux x86_64) AppleWebKit/537.36 (KHTML, like Gecko) Chrome/120.0.0.0 Safari/537.36 0.001
172.26.0.1 - - [17/Jan/2024:06:38:06 +0000] GET /api/am/devportal/v2/settings HTTP/1.1 200 592 https://localhost:9443/devportal/apis/8b05a2c6-cd79-417d-b762-93994127c08d/comments Mozilla/5.0 (X11; Linux x86_64) AppleWebKit/537.36 (KHTML, like Gecko) Chrome/120.0.0.0 Safari/537.36 0.050
172.26.0.1 - - [17/Jan/2024:06:38:06 +0000] GET /devportal/site/public/theme/temporary_environments_config.json HTTP/1.1 200 - https://localhost:9443/devportal/apis/8b05a2c6-cd79-417d-b762-93994127c08d/comments Mozilla/5.0 (X11; Linux x86_64) AppleWebKit/537.36 (KHTML, like Gecko) Chrome/120.0.0.0 Safari/537.36 0.002
172.26.0.1 - - [17/Jan/2024:06:38:06 +0000] - 400 - - - 0.000
172.26.0.1 - - [17/Jan/2024:06:38:06 +0000] - 400 - - - 0.000
172.26.0.1 - - [17/Jan/2024:06:38:06 +0000] GET /devportal/site/public/theme/temporary_features_config.json HTTP/1.1 200 - https://localhost:9443/devportal/apis/8b05a2c6-cd79-417d-b762-93994127c08d/comments Mozilla/5.0 (X11; Linux x86_64) AppleWebKit/537.36 (KHTML, like Gecko) Chrome/120.0.0.0 Safari/537.36 0.004
172.26.0.1 - - [17/Jan/2024:06:38:06 +0000] GET /api/am/devportal/v2/tenants?state=active HTTP/1.1 200 96 https://localhost:9443/devportal/apis/8b05a2c6-cd79-417d-b762-93994127c08d/comments Mozilla/5.0 (X11; Linux x86_64) AppleWebKit/537.36 (KHTML, like Gecko) Chrome/120.0.0.0 Safari/537.36 0.009
127.0.0.1 - - [17/Jan/2024:06:38:06 +0000] GET /oauth2/userinfo HTTP/1.1 200 15 - Jakarta Commons-HttpClient/3.1 0.011
127.0.0.1 - - [17/Jan/2024:06:38:06 +0000] POST /oauth2/introspect HTTP/1.1 200 341 - Jakarta Commons-HttpClient/3.1 0.010
172.26.0.1 - - [17/Jan/2024:06:38:06 +0000] GET /devportal/services/auth/introspect HTTP/1.1 200 354 https://localhost:9443/devportal/apis/8b05a2c6-cd79-417d-b762-93994127c08d/comments Mozilla/5.0 (X11; Linux x86_64) AppleWebKit/537.36 (KHTML, like Gecko) Chrome/120.0.0.0 Safari/537.36 0.056
172.26.0.1 - - [17/Jan/2024:06:38:06 +0000] GET /devportal/site/public/dist/vendors~ApiListing~Apis~ApplicationDetails.08ac37224f0cd5518eac.bundle.js HTTP/1.1 200 5350 https://localhost:9443/devportal/apis/8b05a2c6-cd79-417d-b762-93994127c08d/comments Mozilla/5.0 (X11; Linux x86_64) AppleWebKit/537.36 (KHTML, like Gecko) Chrome/120.0.0.0 Safari/537.36 0.004
172.26.0.1 - - [17/Jan/2024:06:38:06 +0000] GET /devportal/site/public/dist/vendors~Apis.807bf6b9a5502492c51d.bundle.js HTTP/1.1 200 11779 https://localhost:9443/devportal/apis/8b05a2c6-cd79-417d-b762-93994127c08d/comments Mozilla/5.0 (X11; Linux x86_64) AppleWebKit/537.36 (KHTML, like Gecko) Chrome/120.0.0.0 Safari/537.36 0.005
172.26.0.1 - - [17/Jan/2024:06:38:06 +0000] - 400 - - - 0.000
172.26.0.1 - - [17/Jan/2024:06:38:06 +0000] - 400 - - - 0.000
172.26.0.1 - - [17/Jan/2024:06:38:06 +0000] - 400 - - - 0.000
172.26.0.1 - - [17/Jan/2024:06:38:06 +0000] GET /devportal/site/public/dist/vendors~Apis~ApplicationDetails.6b8bb269d872c149f64e.bundle.js HTTP/1.1 200 63596 https://localhost:9443/devportal/apis/8b05a2c6-cd79-417d-b762-93994127c08d/comments Mozilla/5.0 (X11; Linux x86_64) AppleWebKit/537.36 (KHTML, like Gecko) Chrome/120.0.0.0 Safari/537.36 0.017
172.26.0.1 - - [17/Jan/2024:06:38:06 +0000] GET /oidc/checksession?client_id=t0eegfR7zJzfZ7t5EaLLAHgFEnMa&redirect_uri=https://localhost:9443/devportal/services/auth/callback/login HTTP/1.1 200 3130 https://localhost:9443/devportal/apis/8b05a2c6-cd79-417d-b762-93994127c08d/comments Mozilla/5.0 (X11; Linux x86_64) AppleWebKit/537.36 (KHTML, like Gecko) Chrome/120.0.0.0 Safari/537.36 0.004
172.26.0.1 - - [17/Jan/2024:06:38:06 +0000] GET /devportal/site/public/dist/Apis~Landing.24e9096bfcfa01d7b293.bundle.js HTTP/1.1 200 6356 https://localhost:9443/devportal/apis/8b05a2c6-cd79-417d-b762-93994127c08d/comments Mozilla/5.0 (X11; Linux x86_64) AppleWebKit/537.36 (KHTML, like Gecko) Chrome/120.0.0.0 Safari/537.36 0.003
172.26.0.1 - - [17/Jan/2024:06:38:06 +0000] GET /devportal/site/public/dist/Apis.6b300e16fae186a1127c.bundle.js HTTP/1.1 200 21811 https://localhost:9443/devportal/apis/8b05a2c6-cd79-417d-b762-93994127c08d/comments Mozilla/5.0 (X11; Linux x86_64) AppleWebKit/537.36 (KHTML, like Gecko) Chrome/120.0.0.0 Safari/537.36 0.005
172.26.0.1 - - [17/Jan/2024:06:38:06 +0000] GET /devportal HTTP/1.1 302 - https://localhost:9443/devportal/apis/8b05a2c6-cd79-417d-b762-93994127c08d/comments Mozilla/5.0 (X11; Linux x86_64) AppleWebKit/537.36 (KHTML, like Gecko) Chrome/120.0.0.0 Safari/537.36 0.000
172.26.0.1 - - [17/Jan/2024:06:38:06 +0000] GET /devportal/ HTTP/1.1 200 2031 https://localhost:9443/devportal/apis/8b05a2c6-cd79-417d-b762-93994127c08d/comments Mozilla/5.0 (X11; Linux x86_64) AppleWebKit/537.36 (KHTML, like Gecko) Chrome/120.0.0.0 Safari/537.36 0.005
172.26.0.1 - - [17/Jan/2024:06:38:06 +0000] GET /api/am/devportal/v2/settings HTTP/1.1 200 818 https://localhost:9443/devportal/apis/8b05a2c6-cd79-417d-b762-93994127c08d/comments Mozilla/5.0 (X11; Linux x86_64) AppleWebKit/537.36 (KHTML, like Gecko) Chrome/120.0.0.0 Safari/537.36 0.074
172.26.0.1 - - [17/Jan/2024:06:38:06 +0000] - 400 - - - 0.000
172.26.0.1 - - [17/Jan/2024:06:38:06 +0000] GET /api/am/devportal/v2/apis/8b05a2c6-cd79-417d-b762-93994127c08d HTTP/1.1 200 948 https://localhost:9443/devportal/apis/8b05a2c6-cd79-417d-b762-93994127c08d/comments Mozilla/5.0 (X11; Linux x86_64) AppleWebKit/537.36 (KHTML, like Gecko) Chrome/120.0.0.0 Safari/537.36 0.037
172.26.0.1 - - [17/Jan/2024:06:38:06 +0000] GET /devportal HTTP/1.1 302 - https://localhost:9443/devportal/apis/8b05a2c6-cd79-417d-b762-93994127c08d/comments Mozilla/5.0 (X11; Linux x86_64) AppleWebKit/537.36 (KHTML, like Gecko) Chrome/120.0.0.0 Safari/537.36 0.000
172.26.0.1 - - [17/Jan/2024:06:38:06 +0000] GET /api/am/devportal/v2/applications?limit=5000 HTTP/1.1 200 343 https://localhost:9443/devportal/apis/8b05a2c6-cd79-417d-b762-93994127c08d/comments Mozilla/5.0 (X11; Linux x86_64) AppleWebKit/537.36 (KHTML, like Gecko) Chrome/120.0.0.0 Safari/537.36 0.086
172.26.0.1 - - [17/Jan/2024:06:38:06 +0000] GET /devportal/ HTTP/1.1 200 2031 https://localhost:9443/devportal/apis/8b05a2c6-cd79-417d-b762-93994127c08d/comments Mozilla/5.0 (X11; Linux x86_64) AppleWebKit/537.36 (KHTML, like Gecko) Chrome/120.0.0.0 Safari/537.36 0.003
172.26.0.1 - - [17/Jan/2024:06:38:06 +0000] GET /devportal/site/public/dist/APIComments.2d2dc404bcef1ee2cd62.bundle.js HTTP/1.1 200 11415 https://localhost:9443/devportal/apis/8b05a2c6-cd79-417d-b762-93994127c08d/comments Mozilla/5.0 (X11; Linux x86_64) AppleWebKit/537.36 (KHTML, like Gecko) Chrome/120.0.0.0 Safari/537.36 0.004
172.26.0.1 - - [17/Jan/2024:06:38:06 +0000] GET /api/am/devportal/v2/apis/8b05a2c6-cd79-417d-b762-93994127c08d/comments?limit=5&offset=0 HTTP/1.1 200 101 https://localhost:9443/devportal/apis/8b05a2c6-cd79-417d-b762-93994127c08d/comments Mozilla/5.0 (X11; Linux x86_64) AppleWebKit/537.36 (KHTML, like Gecko) Chrome/120.0.0.0 Safari/537.36 0.020
127.0.0.1 - - [17/Jan/2024:06:38:07 +0000] GET /keymanager-operations/dcr/register/jhYtVjnztTTcwdpeuHeSoZIZAcoa HTTP/1.1 200 560 - Apache-HttpClient/4.5.13 (Java/11.0.10) 0.691
127.0.0.1 - - [17/Jan/2024:06:38:07 +0000] GET /keymanager-operations/dcr/register/jhYtVjnztTTcwdpeuHeSoZIZAcoa HTTP/1.1 200 560 - Apache-HttpClient/4.5.13 (Java/11.0.10) 0.688
172.26.0.1 - - [17/Jan/2024:06:38:07 +0000] GET /api/am/devportal/v2/subscriptions?apiId=8b05a2c6-cd79-417d-b762-93994127c08d&limit=25 HTTP/1.1 200 620 https://localhost:9443/devportal/apis/8b05a2c6-cd79-417d-b762-93994127c08d/comments Mozilla/5.0 (X11; Linux x86_64) AppleWebKit/537.36 (KHTML, like Gecko) Chrome/120.0.0.0 Safari/537.36 0.782
172.26.0.1 - - [17/Jan/2024:06:38:07 +0000] GET /api/am/devportal/v2/subscriptions?apiId=8b05a2c6-cd79-417d-b762-93994127c08d&limit=5000 HTTP/1.1 200 621 https://localhost:9443/devportal/apis/8b05a2c6-cd79-417d-b762-93994127c08d/comments Mozilla/5.0 (X11; Linux x86_64) AppleWebKit/537.36 (KHTML, like Gecko) Chrome/120.0.0.0 Safari/537.36 0.782
172.26.0.1 - - [17/Jan/2024:06:38:07 +0000] GET /devportal/site/public/images/_favicon.ico HTTP/1.1 200 1150 https://localhost:9443/devportal/apis/8b05a2c6-cd79-417d-b762-93994127c08d/credentials Mozilla/5.0 (X11; Linux x86_64) AppleWebKit/537.36 (KHTML, like Gecko) Chrome/120.0.0.0 Safari/537.36 0.001
172.26.0.1 - - [17/Jan/2024:06:38:07 +0000] GET /devportal/site/public/dist/APICredentials.33c4b26f236c4e460bfc.bundle.js HTTP/1.1 200 15975 https://localhost:9443/devportal/apis/8b05a2c6-cd79-417d-b762-93994127c08d/credentials Mozilla/5.0 (X11; Linux x86_64) AppleWebKit/537.36 (KHTML, like Gecko) Chrome/120.0.0.0 Safari/537.36 0.004
172.26.0.1 - - [17/Jan/2024:06:38:07 +0000] GET /devportal/site/public/dist/1.dfee9ae3c1584f828b5f.bundle.js HTTP/1.1 200 43564 https://localhost:9443/devportal/apis/8b05a2c6-cd79-417d-b762-93994127c08d/credentials Mozilla/5.0 (X11; Linux x86_64) AppleWebKit/537.36 (KHTML, like Gecko) Chrome/120.0.0.0 Safari/537.36 0.009
127.0.0.1 - - [17/Jan/2024:06:38:08 +0000] GET /api/am/publisher/v2/settings HTTP/1.1 200 982 - Jakarta Commons-HttpClient/3.1 0.053
172.26.0.1 - - [17/Jan/2024:06:38:09 +0000] GET /api/am/devportal/v2/swagger.yaml HTTP/1.1 200 22477 https://localhost:9443/devportal/apis/8b05a2c6-cd79-417d-b762-93994127c08d/credentials Mozilla/5.0 (X11; Linux x86_64) AppleWebKit/537.36 (KHTML, like Gecko) Chrome/120.0.0.0 Safari/537.36 0.009
172.26.0.1 - - [17/Jan/2024:06:38:09 +0000] GET /api/am/devportal/v2/swagger.yaml HTTP/1.1 200 22477 https://localhost:9443/devportal/apis/8b05a2c6-cd79-417d-b762-93994127c08d/credentials Mozilla/5.0 (X11; Linux x86_64) AppleWebKit/537.36 (KHTML, like Gecko) Chrome/120.0.0.0 Safari/537.36 0.008
127.0.0.1 - - [17/Jan/2024:06:38:09 +0000] GET /oauth2/token/.well-known/openid-configuration HTTP/1.1 200 2195 - Apache-HttpClient/4.5.13 (Java/11.0.10) 0.005
172.26.0.1 - - [17/Jan/2024:06:38:09 +0000] GET /api/am/devportal/v2/key-managers HTTP/1.1 200 586 https://localhost:9443/devportal/apis/8b05a2c6-cd79-417d-b762-93994127c08d/credentials Mozilla/5.0 (X11; Linux x86_64) AppleWebKit/537.36 (KHTML, like Gecko) Chrome/120.0.0.0 Safari/537.36 0.089
127.0.0.1 - - [17/Jan/2024:06:38:09 +0000] GET /api/am/service-catalog/v0/settings HTTP/1.1 200 86 - Jakarta Commons-HttpClient/3.1 0.739
172.26.0.1 - - [17/Jan/2024:06:38:09 +0000] GET /publisher/services/auth/login?not-Login HTTP/1.1 302 - https://localhost:9443/publisher/apis/8b05a2c6-cd79-417d-b762-93994127c08d/overview Mozilla/5.0 (X11; Linux x86_64) AppleWebKit/537.36 (KHTML, like Gecko) Chrome/120.0.0.0 Safari/537.36 0.836
127.0.0.1 - - [17/Jan/2024:06:38:09 +0000] GET /keymanager-operations/dcr/register/jhYtVjnztTTcwdpeuHeSoZIZAcoa HTTP/1.1 200 560 - Apache-HttpClient/4.5.13 (Java/11.0.10) 0.006
172.26.0.1 - - [17/Jan/2024:06:38:09 +0000] GET /oauth2/authorize?response_type=code&client_id=6ohzxkf6pu3Q_sozO9zW10PIarAa&scope=apim:admin%20apim:api_create%20apim:api_delete%20apim:api_generate_key%20apim:api_import_export%20apim:api_product_import_export%20apim:api_publish%20apim:api_view%20apim:app_import_export%20apim:client_certificates_add%20apim:client_certificates_update%20apim:client_certificates_view%20apim:comment_view%20apim:comment_write%20apim:document_create%20apim:document_manage%20apim:ep_certificates_add%20apim:ep_certificates_update%20apim:ep_certificates_view%20apim:mediation_policy_create%20apim:mediation_policy_manage%20apim:mediation_policy_view%20apim:pub_alert_manage%20apim:publisher_settings%20apim:shared_scope_manage%20apim:subscription_block%20apim:subscription_view%20apim:threat_protection_policy_create%20apim:threat_protection_policy_manage%20openid%20service_catalog:service_view%20service_catalog:service_write&state=/apis/8b05a2c6-cd79-417d-b762-93994127c08d/overview&redirect_uri=https://localhost:9443/publisher/services/auth/callback/login&prompt=none HTTP/1.1 302 - https://localhost:9443/publisher/apis/8b05a2c6-cd79-417d-b762-93994127c08d/overview Mozilla/5.0 (X11; Linux x86_64) AppleWebKit/537.36 (KHTML, like Gecko) Chrome/120.0.0.0 Safari/537.36 0.084
172.26.0.1 - - [17/Jan/2024:06:38:09 +0000] GET /api/am/devportal/v2/applications/a56847b6-9e03-42a3-a369-4d12a47e88f3 HTTP/1.1 200 321 https://localhost:9443/devportal/apis/8b05a2c6-cd79-417d-b762-93994127c08d/credentials Mozilla/5.0 (X11; Linux x86_64) AppleWebKit/537.36 (KHTML, like Gecko) Chrome/120.0.0.0 Safari/537.36 0.053
127.0.0.1 - - [17/Jan/2024:06:38:09 +0000] POST /oauth2/token HTTP/1.1 200 2007 - Jakarta Commons-HttpClient/3.1 0.013
172.26.0.1 - - [17/Jan/2024:06:38:09 +0000] GET /publisher/services/auth/callback/login?code=09b298ab-d9b1-3aec-ba35-06fe06072118&state=%2Fapis%2F8b05a2c6-cd79-417d-b762-93994127c08d%2Foverview&session_state=b8c8253923a4527c82ceb7b7601f52bddc3ccfa75edf138c7ba72416ed4e873c.W8g4dn3mJpfqciyzWxjRxg HTTP/1.1 302 - https://localhost:9443/publisher/apis/8b05a2c6-cd79-417d-b762-93994127c08d/overview Mozilla/5.0 (X11; Linux x86_64) AppleWebKit/537.36 (KHTML, like Gecko) Chrome/120.0.0.0 Safari/537.36 0.052
172.26.0.1 - - [17/Jan/2024:06:38:09 +0000] GET /publisher/apis/8b05a2c6-cd79-417d-b762-93994127c08d/overview HTTP/1.1 200 1056 https://localhost:9443/publisher/apis/8b05a2c6-cd79-417d-b762-93994127c08d/overview Mozilla/5.0 (X11; Linux x86_64) AppleWebKit/537.36 (KHTML, like Gecko) Chrome/120.0.0.0 Safari/537.36 0.004
172.26.0.1 - - [17/Jan/2024:06:38:09 +0000] GET /publisher/site/public/css/main.css HTTP/1.1 200 1752 https://localhost:9443/publisher/apis/8b05a2c6-cd79-417d-b762-93994127c08d/overview Mozilla/5.0 (X11; Linux x86_64) AppleWebKit/537.36 (KHTML, like Gecko) Chrome/120.0.0.0 Safari/537.36 0.003
172.26.0.1 - - [17/Jan/2024:06:38:09 +0000] GET /publisher/site/public/css/draftjs.css HTTP/1.1 200 2643 https://localhost:9443/publisher/apis/8b05a2c6-cd79-417d-b762-93994127c08d/overview Mozilla/5.0 (X11; Linux x86_64) AppleWebKit/537.36 (KHTML, like Gecko) Chrome/120.0.0.0 Safari/537.36 0.002
172.26.0.1 - - [17/Jan/2024:06:38:09 +0000] GET /publisher/services/settings/settings.js HTTP/1.1 200 1865 https://localhost:9443/publisher/apis/8b05a2c6-cd79-417d-b762-93994127c08d/overview Mozilla/5.0 (X11; Linux x86_64) AppleWebKit/537.36 (KHTML, like Gecko) Chrome/120.0.0.0 Safari/537.36 0.005
172.26.0.1 - - [17/Jan/2024:06:38:09 +0000] GET /publisher/site/public/fonts/iconfont/material-icons.css HTTP/1.1 200 970 https://localhost:9443/publisher/apis/8b05a2c6-cd79-417d-b762-93994127c08d/overview Mozilla/5.0 (X11; Linux x86_64) AppleWebKit/537.36 (KHTML, like Gecko) Chrome/120.0.0.0 Safari/537.36 0.002
127.0.0.1 - - [17/Jan/2024:06:38:09 +0000] GET /keymanager-operations/dcr/register/jhYtVjnztTTcwdpeuHeSoZIZAcoa HTTP/1.1 200 560 - Apache-HttpClient/4.5.13 (Java/11.0.10) 0.005
172.26.0.1 - - [17/Jan/2024:06:38:09 +0000] GET /api/am/devportal/v2/applications/a56847b6-9e03-42a3-a369-4d12a47e88f3 HTTP/1.1 200 321 https://localhost:9443/devportal/apis/8b05a2c6-cd79-417d-b762-93994127c08d/credentials Mozilla/5.0 (X11; Linux x86_64) AppleWebKit/537.36 (KHTML, like Gecko) Chrome/120.0.0.0 Safari/537.36 0.017
172.26.0.1 - - [17/Jan/2024:06:38:09 +0000] GET /publisher/site/public/locales/en.json HTTP/1.1 200 194602 https://localhost:9443/publisher/apis/8b05a2c6-cd79-417d-b762-93994127c08d/overview Mozilla/5.0 (X11; Linux x86_64) AppleWebKit/537.36 (KHTML, like Gecko) Chrome/120.0.0.0 Safari/537.36 0.010
127.0.0.1 - - [17/Jan/2024:06:38:09 +0000] GET /keymanager-operations/dcr/register/jhYtVjnztTTcwdpeuHeSoZIZAcoa HTTP/1.1 200 560 - Apache-HttpClient/4.5.13 (Java/11.0.10) 0.004
172.26.0.1 - - [17/Jan/2024:06:38:09 +0000] GET /oidc/checksession?client_id=6ohzxkf6pu3Q_sozO9zW10PIarAa&redirect_uri=https://localhost:9443/publisher/services/auth/callback/login HTTP/1.1 200 3130 https://localhost:9443/publisher/apis/8b05a2c6-cd79-417d-b762-93994127c08d/overview Mozilla/5.0 (X11; Linux x86_64) AppleWebKit/537.36 (KHTML, like Gecko) Chrome/120.0.0.0 Safari/537.36 0.005
172.26.0.1 - - [17/Jan/2024:06:38:09 +0000] GET /publisher/site/public/dist/ProtectedApps.8633bb016fecd98c9d94.bundle.js HTTP/1.1 200 109136 https://localhost:9443/publisher/apis/8b05a2c6-cd79-417d-b762-93994127c08d/overview Mozilla/5.0 (X11; Linux x86_64) AppleWebKit/537.36 (KHTML, like Gecko) Chrome/120.0.0.0 Safari/537.36 0.020
172.26.0.1 - - [17/Jan/2024:06:38:09 +0000] GET /api/am/devportal/v2/applications/a56847b6-9e03-42a3-a369-4d12a47e88f3/oauth-keys HTTP/1.1 200 708 https://localhost:9443/devportal/apis/8b05a2c6-cd79-417d-b762-93994127c08d/credentials Mozilla/5.0 (X11; Linux x86_64) AppleWebKit/537.36 (KHTML, like Gecko) Chrome/120.0.0.0 Safari/537.36 0.027
172.26.0.1 - - [17/Jan/2024:06:38:09 +0000] GET /api/am/devportal/v2/swagger.yaml HTTP/1.1 200 22477 https://localhost:9443/devportal/apis/8b05a2c6-cd79-417d-b762-93994127c08d/credentials Mozilla/5.0 (X11; Linux x86_64) AppleWebKit/537.36 (KHTML, like Gecko) Chrome/120.0.0.0 Safari/537.36 0.010
172.26.0.1 - - [17/Jan/2024:06:38:09 +0000] GET /publisher/site/public/dist/vendors~ProtectedApps.81ef160a89b9c2b86019.bundle.js HTTP/1.1 200 1252360 https://localhost:9443/publisher/apis/8b05a2c6-cd79-417d-b762-93994127c08d/overview Mozilla/5.0 (X11; Linux x86_64) AppleWebKit/537.36 (KHTML, like Gecko) Chrome/120.0.0.0 Safari/537.36 0.270
127.0.0.1 - - [17/Jan/2024:06:38:10 +0000] GET /keymanager-operations/dcr/register/jhYtVjnztTTcwdpeuHeSoZIZAcoa HTTP/1.1 200 560 - Apache-HttpClient/4.5.13 (Java/11.0.10) 0.003
172.26.0.1 - - [17/Jan/2024:06:38:10 +0000] GET /api/am/devportal/v2/applications/a56847b6-9e03-42a3-a369-4d12a47e88f3 HTTP/1.1 200 321 https://localhost:9443/devportal/apis/8b05a2c6-cd79-417d-b762-93994127c08d/credentials Mozilla/5.0 (X11; Linux x86_64) AppleWebKit/537.36 (KHTML, like Gecko) Chrome/120.0.0.0 Safari/537.36 0.014
127.0.0.1 - - [17/Jan/2024:06:38:10 +0000] GET /keymanager-operations/dcr/register/jhYtVjnztTTcwdpeuHeSoZIZAcoa HTTP/1.1 200 560 - Apache-HttpClient/4.5.13 (Java/11.0.10) 0.003
172.26.0.1 - - [17/Jan/2024:06:38:10 +0000] GET /api/am/devportal/v2/applications/a56847b6-9e03-42a3-a369-4d12a47e88f3/oauth-keys HTTP/1.1 200 708 https://localhost:9443/devportal/apis/8b05a2c6-cd79-417d-b762-93994127c08d/credentials Mozilla/5.0 (X11; Linux x86_64) AppleWebKit/537.36 (KHTML, like Gecko) Chrome/120.0.0.0 Safari/537.36 0.011
127.0.0.1 - - [17/Jan/2024:06:38:10 +0000] GET /api/am/devportal/v2/settings HTTP/1.1 200 604 - Jakarta Commons-HttpClient/3.1 0.050
172.26.0.1 - - [17/Jan/2024:06:38:10 +0000] GET /devportal/services/configs?loginPrompt=false HTTP/1.1 302 - https://localhost:9443/devportal/apis/8b05a2c6-cd79-417d-b762-93994127c08d/credentials Mozilla/5.0 (X11; Linux x86_64) AppleWebKit/537.36 (KHTML, like Gecko) Chrome/120.0.0.0 Safari/537.36 0.070
172.26.0.1 - - [17/Jan/2024:06:38:10 +0000] GET /oauth2/authorize?response_type=code&client_id=t0eegfR7zJzfZ7t5EaLLAHgFEnMa&scope=apim:admin%20apim:api_key%20apim:app_import_export%20apim:app_manage%20apim:store_settings%20apim:sub_alert_manage%20apim:sub_manage%20apim:subscribe%20openid&state=/apis/8b05a2c6-cd79-417d-b762-93994127c08d/credentials&redirect_uri=https://localhost:9443/devportal/services/auth/callback/login&prompt=none HTTP/1.1 302 - https://localhost:9443/devportal/apis/8b05a2c6-cd79-417d-b762-93994127c08d/credentials Mozilla/5.0 (X11; Linux x86_64) AppleWebKit/537.36 (KHTML, like Gecko) Chrome/120.0.0.0 Safari/537.36 0.029
127.0.0.1 - - [17/Jan/2024:06:38:10 +0000] POST /oauth2/token HTTP/1.1 200 1325 - Jakarta Commons-HttpClient/3.1 0.016
172.26.0.1 - - [17/Jan/2024:06:38:10 +0000] GET /devportal/services/auth/callback/login?code=365a0a07-d66f-3c61-910e-e9b9adfa29ee&state=%2Fapis%2F8b05a2c6-cd79-417d-b762-93994127c08d%2Fcredentials&session_state=2dffef19cfffa9deb7ab77acac33825a5ac25276095d38adfcebd716301d4ab7.B2Grypz1vVl82DRJ-FCwpA HTTP/1.1 302 - https://localhost:9443/devportal/apis/8b05a2c6-cd79-417d-b762-93994127c08d/credentials Mozilla/5.0 (X11; Linux x86_64) AppleWebKit/537.36 (KHTML, like Gecko) Chrome/120.0.0.0 Safari/537.36 0.044
172.26.0.1 - - [17/Jan/2024:06:38:10 +0000] GET /devportal/apis/8b05a2c6-cd79-417d-b762-93994127c08d/credentials HTTP/1.1 200 2031 https://localhost:9443/devportal/apis/8b05a2c6-cd79-417d-b762-93994127c08d/credentials Mozilla/5.0 (X11; Linux x86_64) AppleWebKit/537.36 (KHTML, like Gecko) Chrome/120.0.0.0 Safari/537.36 0.005
172.26.0.1 - - [17/Jan/2024:06:38:10 +0000] GET /devportal/site/public/css/overrides.css HTTP/1.1 200 - https://localhost:9443/devportal/apis/8b05a2c6-cd79-417d-b762-93994127c08d/credentials Mozilla/5.0 (X11; Linux x86_64) AppleWebKit/537.36 (KHTML, like Gecko) Chrome/120.0.0.0 Safari/537.36 0.003
172.26.0.1 - - [17/Jan/2024:06:38:10 +0000] GET /devportal/services/settings/settings.js HTTP/1.1 200 965 https://localhost:9443/devportal/apis/8b05a2c6-cd79-417d-b762-93994127c08d/credentials Mozilla/5.0 (X11; Linux x86_64) AppleWebKit/537.36 (KHTML, like Gecko) Chrome/120.0.0.0 Safari/537.36 0.004
172.26.0.1 - - [17/Jan/2024:06:38:10 +0000] GET /devportal/site/public/locales/en.json HTTP/1.1 200 44152 https://localhost:9443/devportal/apis/8b05a2c6-cd79-417d-b762-93994127c08d/credentials Mozilla/5.0 (X11; Linux x86_64) AppleWebKit/537.36 (KHTML, like Gecko) Chrome/120.0.0.0 Safari/537.36 0.004
172.26.0.1 - - [17/Jan/2024:06:38:10 +0000] GET /api/am/devportal/v2/swagger.yaml HTTP/1.1 200 22477 https://localhost:9443/devportal/apis/8b05a2c6-cd79-417d-b762-93994127c08d/credentials Mozilla/5.0 (X11; Linux x86_64) AppleWebKit/537.36 (KHTML, like Gecko) Chrome/120.0.0.0 Safari/537.36 0.010
172.26.0.1 - - [17/Jan/2024:06:38:10 +0000] GET /devportal/site/public/images/_favicon.ico HTTP/1.1 200 1150 https://localhost:9443/devportal/apis/8b05a2c6-cd79-417d-b762-93994127c08d/credentials Mozilla/5.0 (X11; Linux x86_64) AppleWebKit/537.36 (KHTML, like Gecko) Chrome/120.0.0.0 Safari/537.36 0.002
172.26.0.1 - - [17/Jan/2024:06:38:10 +0000] GET /api/am/devportal/v2/settings HTTP/1.1 200 592 https://localhost:9443/devportal/apis/8b05a2c6-cd79-417d-b762-93994127c08d/credentials Mozilla/5.0 (X11; Linux x86_64) AppleWebKit/537.36 (KHTML, like Gecko) Chrome/120.0.0.0 Safari/537.36 0.051
172.26.0.1 - - [17/Jan/2024:06:38:10 +0000] GET /devportal/site/public/dist/ProtectedApp.824ba3b4b8e9a2967729.bundle.js HTTP/1.1 200 71446 https://localhost:9443/devportal/apis/8b05a2c6-cd79-417d-b762-93994127c08d/credentials Mozilla/5.0 (X11; Linux x86_64) AppleWebKit/537.36 (KHTML, like Gecko) Chrome/120.0.0.0 Safari/537.36 0.014
172.26.0.1 - - [17/Jan/2024:06:38:11 +0000] GET /devportal/site/public/dist/vendors~ProtectedApp.a1a55e633861af6d46c0.bundle.js HTTP/1.1 200 195845 https://localhost:9443/devportal/apis/8b05a2c6-cd79-417d-b762-93994127c08d/credentials Mozilla/5.0 (X11; Linux x86_64) AppleWebKit/537.36 (KHTML, like Gecko) Chrome/120.0.0.0 Safari/537.36 0.049
172.26.0.1 - - [17/Jan/2024:06:38:11 +0000] GET /publisher/site/public/images/logo.svg HTTP/1.1 200 18050 https://localhost:9443/publisher/apis/8b05a2c6-cd79-417d-b762-93994127c08d/overview Mozilla/5.0 (X11; Linux x86_64) AppleWebKit/537.36 (KHTML, like Gecko) Chrome/120.0.0.0 Safari/537.36 0.003
172.26.0.1 - - [17/Jan/2024:06:38:11 +0000] GET /api/am/publisher/v2/swagger.yaml HTTP/1.1 200 40158 https://localhost:9443/publisher/apis/8b05a2c6-cd79-417d-b762-93994127c08d/overview Mozilla/5.0 (X11; Linux x86_64) AppleWebKit/537.36 (KHTML, like Gecko) Chrome/120.0.0.0 Safari/537.36 0.016
127.0.0.1 - - [17/Jan/2024:06:38:11 +0000] GET /api/am/devportal/v2/settings HTTP/1.1 200 604 - Jakarta Commons-HttpClient/3.1 0.053
172.26.0.1 - - [17/Jan/2024:06:38:11 +0000] GET /devportal/services/configs?loginPrompt=false HTTP/1.1 302 - https://localhost:9443/devportal/apis/8b05a2c6-cd79-417d-b762-93994127c08d/credentials Mozilla/5.0 (X11; Linux x86_64) AppleWebKit/537.36 (KHTML, like Gecko) Chrome/120.0.0.0 Safari/537.36 0.077
172.26.0.1 - - [17/Jan/2024:06:38:11 +0000] GET /devportal/site/public/theme/temporary_environments_config.json HTTP/1.1 200 - https://localhost:9443/devportal/apis/8b05a2c6-cd79-417d-b762-93994127c08d/credentials Mozilla/5.0 (X11; Linux x86_64) AppleWebKit/537.36 (KHTML, like Gecko) Chrome/120.0.0.0 Safari/537.36 0.002
172.26.0.1 - - [17/Jan/2024:06:38:11 +0000] GET /devportal/site/public/theme/temporary_features_config.json HTTP/1.1 200 - https://localhost:9443/devportal/apis/8b05a2c6-cd79-417d-b762-93994127c08d/credentials Mozilla/5.0 (X11; Linux x86_64) AppleWebKit/537.36 (KHTML, like Gecko) Chrome/120.0.0.0 Safari/537.36 0.003
172.26.0.1 - - [17/Jan/2024:06:38:11 +0000] GET /api/am/devportal/v2/tenants?state=active HTTP/1.1 200 96 https://localhost:9443/devportal/apis/8b05a2c6-cd79-417d-b762-93994127c08d/credentials Mozilla/5.0 (X11; Linux x86_64) AppleWebKit/537.36 (KHTML, like Gecko) Chrome/120.0.0.0 Safari/537.36 0.005
172.26.0.1 - - [17/Jan/2024:06:38:11 +0000] - 400 - - - 0.000
127.0.0.1 - - [17/Jan/2024:06:38:11 +0000] GET /oauth2/userinfo HTTP/1.1 200 15 - Jakarta Commons-HttpClient/3.1 0.014
172.26.0.1 - - [17/Jan/2024:06:38:11 +0000] GET /oauth2/authorize?response_type=code&client_id=t0eegfR7zJzfZ7t5EaLLAHgFEnMa&scope=apim:admin%20apim:api_key%20apim:app_import_export%20apim:app_manage%20apim:store_settings%20apim:sub_alert_manage%20apim:sub_manage%20apim:subscribe%20openid&state=/apis/8b05a2c6-cd79-417d-b762-93994127c08d/credentials&redirect_uri=https://localhost:9443/devportal/services/auth/callback/login&prompt=none HTTP/1.1 302 - https://localhost:9443/devportal/apis/8b05a2c6-cd79-417d-b762-93994127c08d/credentials Mozilla/5.0 (X11; Linux x86_64) AppleWebKit/537.36 (KHTML, like Gecko) Chrome/120.0.0.0 Safari/537.36 0.042
127.0.0.1 - - [17/Jan/2024:06:38:11 +0000] POST /oauth2/introspect HTTP/1.1 200 341 - Jakarta Commons-HttpClient/3.1 0.012
172.26.0.1 - - [17/Jan/2024:06:38:11 +0000] GET /devportal/services/auth/introspect HTTP/1.1 200 354 https://localhost:9443/devportal/apis/8b05a2c6-cd79-417d-b762-93994127c08d/credentials Mozilla/5.0 (X11; Linux x86_64) AppleWebKit/537.36 (KHTML, like Gecko) Chrome/120.0.0.0 Safari/537.36 0.064
127.0.0.1 - - [17/Jan/2024:06:38:11 +0000] POST /oauth2/token HTTP/1.1 200 1325 - Jakarta Commons-HttpClient/3.1 0.014
172.26.0.1 - - [17/Jan/2024:06:38:11 +0000] GET /devportal/services/auth/callback/login?code=203e7c03-6192-3f2a-9dc6-787e4fdb0696&state=%2Fapis%2F8b05a2c6-cd79-417d-b762-93994127c08d%2Fcredentials&session_state=5642002137a8c28a7a82fa22d4b1dd2f33ac3449ee44cad9ded684f7098307e1.1YvKX8IxTEqiGe09na39WA HTTP/1.1 302 - https://localhost:9443/devportal/apis/8b05a2c6-cd79-417d-b762-93994127c08d/credentials Mozilla/5.0 (X11; Linux x86_64) AppleWebKit/537.36 (KHTML, like Gecko) Chrome/120.0.0.0 Safari/537.36 0.041
172.26.0.1 - - [17/Jan/2024:06:38:11 +0000] GET /devportal/site/public/dist/vendors~ApiListing~Apis~ApplicationDetails.08ac37224f0cd5518eac.bundle.js HTTP/1.1 200 5350 https://localhost:9443/devportal/apis/8b05a2c6-cd79-417d-b762-93994127c08d/credentials Mozilla/5.0 (X11; Linux x86_64) AppleWebKit/537.36 (KHTML, like Gecko) Chrome/120.0.0.0 Safari/537.36 0.004
172.26.0.1 - - [17/Jan/2024:06:38:11 +0000] GET /devportal/site/public/dist/vendors~Apis.807bf6b9a5502492c51d.bundle.js HTTP/1.1 200 11779 https://localhost:9443/devportal/apis/8b05a2c6-cd79-417d-b762-93994127c08d/credentials Mozilla/5.0 (X11; Linux x86_64) AppleWebKit/537.36 (KHTML, like Gecko) Chrome/120.0.0.0 Safari/537.36 0.005
172.26.0.1 - - [17/Jan/2024:06:38:11 +0000] GET /devportal/site/public/dist/Apis~Landing.24e9096bfcfa01d7b293.bundle.js HTTP/1.1 200 6356 https://localhost:9443/devportal/apis/8b05a2c6-cd79-417d-b762-93994127c08d/credentials Mozilla/5.0 (X11; Linux x86_64) AppleWebKit/537.36 (KHTML, like Gecko) Chrome/120.0.0.0 Safari/537.36 0.004
172.26.0.1 - - [17/Jan/2024:06:38:11 +0000] - 400 - - - 0.000
172.26.0.1 - - [17/Jan/2024:06:38:11 +0000] - 400 - - - 0.000
172.26.0.1 - - [17/Jan/2024:06:38:11 +0000] GET /devportal/apis/8b05a2c6-cd79-417d-b762-93994127c08d/credentials HTTP/1.1 200 2031 https://localhost:9443/devportal/apis/8b05a2c6-cd79-417d-b762-93994127c08d/credentials Mozilla/5.0 (X11; Linux x86_64) AppleWebKit/537.36 (KHTML, like Gecko) Chrome/120.0.0.0 Safari/537.36 0.013
172.26.0.1 - - [17/Jan/2024:06:38:11 +0000] GET /devportal/site/public/dist/vendors~Apis~ApplicationDetails.6b8bb269d872c149f64e.bundle.js HTTP/1.1 200 63596 https://localhost:9443/devportal/apis/8b05a2c6-cd79-417d-b762-93994127c08d/credentials Mozilla/5.0 (X11; Linux x86_64) AppleWebKit/537.36 (KHTML, like Gecko) Chrome/120.0.0.0 Safari/537.36 0.025
172.26.0.1 - - [17/Jan/2024:06:38:11 +0000] GET /oidc/checksession?client_id=t0eegfR7zJzfZ7t5EaLLAHgFEnMa&redirect_uri=https://localhost:9443/devportal/services/auth/callback/login HTTP/1.1 200 3130 https://localhost:9443/devportal/apis/8b05a2c6-cd79-417d-b762-93994127c08d/credentials Mozilla/5.0 (X11; Linux x86_64) AppleWebKit/537.36 (KHTML, like Gecko) Chrome/120.0.0.0 Safari/537.36 0.005
172.26.0.1 - - [17/Jan/2024:06:38:11 +0000] GET /devportal/site/public/dist/Apis.6b300e16fae186a1127c.bundle.js HTTP/1.1 200 21811 https://localhost:9443/devportal/apis/8b05a2c6-cd79-417d-b762-93994127c08d/credentials Mozilla/5.0 (X11; Linux x86_64) AppleWebKit/537.36 (KHTML, like Gecko) Chrome/120.0.0.0 Safari/537.36 0.007
172.26.0.1 - - [17/Jan/2024:06:38:11 +0000] GET /devportal/site/public/images/logo.svg HTTP/1.1 200 74991 https://localhost:9443/devportal/apis/8b05a2c6-cd79-417d-b762-93994127c08d/credentials Mozilla/5.0 (X11; Linux x86_64) AppleWebKit/537.36 (KHTML, like Gecko) Chrome/120.0.0.0 Safari/537.36 0.007
172.26.0.1 - - [17/Jan/2024:06:38:11 +0000] - 400 - - - 0.000
172.26.0.1 - - [17/Jan/2024:06:38:11 +0000] GET /devportal HTTP/1.1 302 - https://localhost:9443/devportal/apis/8b05a2c6-cd79-417d-b762-93994127c08d/credentials Mozilla/5.0 (X11; Linux x86_64) AppleWebKit/537.36 (KHTML, like Gecko) Chrome/120.0.0.0 Safari/537.36 0.000
172.26.0.1 - - [17/Jan/2024:06:38:11 +0000] GET /devportal/site/public/images/appbarBack.png HTTP/1.1 200 1964 https://localhost:9443/devportal/apis/8b05a2c6-cd79-417d-b762-93994127c08d/credentials Mozilla/5.0 (X11; Linux x86_64) AppleWebKit/537.36 (KHTML, like Gecko) Chrome/120.0.0.0 Safari/537.36 0.002
172.26.0.1 - - [17/Jan/2024:06:38:11 +0000] GET /devportal/services/settings/settings.js HTTP/1.1 200 965 https://localhost:9443/devportal/apis/8b05a2c6-cd79-417d-b762-93994127c08d/credentials Mozilla/5.0 (X11; Linux x86_64) AppleWebKit/537.36 (KHTML, like Gecko) Chrome/120.0.0.0 Safari/537.36 0.004
172.26.0.1 - - [17/Jan/2024:06:38:11 +0000] GET /devportal/site/public/css/overrides.css HTTP/1.1 200 - https://localhost:9443/devportal/apis/8b05a2c6-cd79-417d-b762-93994127c08d/credentials Mozilla/5.0 (X11; Linux x86_64) AppleWebKit/537.36 (KHTML, like Gecko) Chrome/120.0.0.0 Safari/537.36 0.002
172.26.0.1 - - [17/Jan/2024:06:38:11 +0000] GET /api/am/devportal/v2/settings HTTP/1.1 200 592 https://localhost:9443/devportal/apis/8b05a2c6-cd79-417d-b762-93994127c08d/credentials Mozilla/5.0 (X11; Linux x86_64) AppleWebKit/537.36 (KHTML, like Gecko) Chrome/120.0.0.0 Safari/537.36 0.044
172.26.0.1 - - [17/Jan/2024:06:38:11 +0000] GET /devportal/site/public/locales/en.json HTTP/1.1 200 44152 https://localhost:9443/devportal/apis/8b05a2c6-cd79-417d-b762-93994127c08d/credentials Mozilla/5.0 (X11; Linux x86_64) AppleWebKit/537.36 (KHTML, like Gecko) Chrome/120.0.0.0 Safari/537.36 0.003
172.26.0.1 - - [17/Jan/2024:06:38:11 +0000] GET /api/am/devportal/v2/swagger.yaml HTTP/1.1 200 22477 https://localhost:9443/devportal/apis/8b05a2c6-cd79-417d-b762-93994127c08d/credentials Mozilla/5.0 (X11; Linux x86_64) AppleWebKit/537.36 (KHTML, like Gecko) Chrome/120.0.0.0 Safari/537.36 0.010
172.26.0.1 - - [17/Jan/2024:06:38:11 +0000] GET /devportal/site/public/images/_favicon.ico HTTP/1.1 200 1150 https://localhost:9443/devportal/apis/8b05a2c6-cd79-417d-b762-93994127c08d/credentials Mozilla/5.0 (X11; Linux x86_64) AppleWebKit/537.36 (KHTML, like Gecko) Chrome/120.0.0.0 Safari/537.36 0.001
172.26.0.1 - - [17/Jan/2024:06:38:11 +0000] GET /api/am/devportal/v2/settings HTTP/1.1 200 592 https://localhost:9443/devportal/apis/8b05a2c6-cd79-417d-b762-93994127c08d/credentials Mozilla/5.0 (X11; Linux x86_64) AppleWebKit/537.36 (KHTML, like Gecko) Chrome/120.0.0.0 Safari/537.36 0.039
172.26.0.1 - - [17/Jan/2024:06:38:11 +0000] GET /devportal/site/public/dist/ProtectedApp.824ba3b4b8e9a2967729.bundle.js HTTP/1.1 200 71446 https://localhost:9443/devportal/apis/8b05a2c6-cd79-417d-b762-93994127c08d/credentials Mozilla/5.0 (X11; Linux x86_64) AppleWebKit/537.36 (KHTML, like Gecko) Chrome/120.0.0.0 Safari/537.36 0.010
172.26.0.1 - - [17/Jan/2024:06:38:11 +0000] GET /devportal/site/public/dist/vendors~ProtectedApp.a1a55e633861af6d46c0.bundle.js HTTP/1.1 200 195845 https://localhost:9443/devportal/apis/8b05a2c6-cd79-417d-b762-93994127c08d/credentials Mozilla/5.0 (X11; Linux x86_64) AppleWebKit/537.36 (KHTML, like Gecko) Chrome/120.0.0.0 Safari/537.36 0.048
172.26.0.1 - - [17/Jan/2024:06:38:11 +0000] GET /devportal/site/public/theme/temporary_environments_config.json HTTP/1.1 200 - https://localhost:9443/devportal/apis/8b05a2c6-cd79-417d-b762-93994127c08d/credentials Mozilla/5.0 (X11; Linux x86_64) AppleWebKit/537.36 (KHTML, like Gecko) Chrome/120.0.0.0 Safari/537.36 0.002
172.26.0.1 - - [17/Jan/2024:06:38:11 +0000] GET /devportal/site/public/theme/temporary_features_config.json HTTP/1.1 200 - https://localhost:9443/devportal/apis/8b05a2c6-cd79-417d-b762-93994127c08d/credentials Mozilla/5.0 (X11; Linux x86_64) AppleWebKit/537.36 (KHTML, like Gecko) Chrome/120.0.0.0 Safari/537.36 0.002
172.26.0.1 - - [17/Jan/2024:06:38:11 +0000] - 400 - - - 0.000
172.26.0.1 - - [17/Jan/2024:06:38:11 +0000] - 400 - - - 0.000
127.0.0.1 - - [17/Jan/2024:06:38:11 +0000] GET /oauth2/userinfo HTTP/1.1 200 15 - Jakarta Commons-HttpClient/3.1 0.026
172.26.0.1 - - [17/Jan/2024:06:38:11 +0000] GET /api/am/devportal/v2/tenants?state=active HTTP/1.1 200 96 https://localhost:9443/devportal/apis/8b05a2c6-cd79-417d-b762-93994127c08d/credentials Mozilla/5.0 (X11; Linux x86_64) AppleWebKit/537.36 (KHTML, like Gecko) Chrome/120.0.0.0 Safari/537.36 0.003
127.0.0.1 - - [17/Jan/2024:06:38:11 +0000] POST /oauth2/introspect HTTP/1.1 200 341 - Jakarta Commons-HttpClient/3.1 0.006
172.26.0.1 - - [17/Jan/2024:06:38:11 +0000] GET /devportal/services/auth/introspect HTTP/1.1 200 354 https://localhost:9443/devportal/apis/8b05a2c6-cd79-417d-b762-93994127c08d/credentials Mozilla/5.0 (X11; Linux x86_64) AppleWebKit/537.36 (KHTML, like Gecko) Chrome/120.0.0.0 Safari/537.36 0.058
172.26.0.1 - - [17/Jan/2024:06:38:11 +0000] GET /api/am/publisher/v2/settings HTTP/1.1 200 569 https://localhost:9443/publisher/apis/8b05a2c6-cd79-417d-b762-93994127c08d/overview Mozilla/5.0 (X11; Linux x86_64) AppleWebKit/537.36 (KHTML, like Gecko) Chrome/120.0.0.0 Safari/537.36 0.091
