172.21.0.1 - - [16/Jan/2024:14:29:51 +0000] GET /api/am/publisher/v2/apis/8b05a2c6-cd79-417d-b762-93994127c08d/swagger HTTP/1.1 200 665 https://localhost:9443/publisher/apis/8b05a2c6-cd79-417d-b762-93994127c08d/overview Mozilla/5.0 (X11; Linux x86_64) AppleWebKit/537.36 (KHTML, like Gecko) Chrome/120.0.0.0 Safari/537.36 0.021
127.0.0.1 - - [16/Jan/2024:14:29:52 +0000] GET /internal/data/v1/apis?context=/json-placeholder/v1&version=v1&gatewayLabel=Default HTTP/1.1 200 792 - Apache-HttpClient/4.5.13 (Java/11.0.10) 0.006
172.21.0.1 - - [16/Jan/2024:14:29:54 +0000] GET /devportal/apis/8b05a2c6-cd79-417d-b762-93994127c08d/overview HTTP/1.1 200 2031 - Mozilla/5.0 (X11; Linux x86_64) AppleWebKit/537.36 (KHTML, like Gecko) Chrome/120.0.0.0 Safari/537.36 0.006
172.21.0.1 - - [16/Jan/2024:14:29:54 +0000] GET /devportal/site/public/css/main.css HTTP/1.1 200 1722 https://localhost:9443/devportal/apis/8b05a2c6-cd79-417d-b762-93994127c08d/overview Mozilla/5.0 (X11; Linux x86_64) AppleWebKit/537.36 (KHTML, like Gecko) Chrome/120.0.0.0 Safari/537.36 0.002
172.21.0.1 - - [16/Jan/2024:14:29:54 +0000] GET /devportal/site/public/theme/userTheme.js HTTP/1.1 200 305 https://localhost:9443/devportal/apis/8b05a2c6-cd79-417d-b762-93994127c08d/overview Mozilla/5.0 (X11; Linux x86_64) AppleWebKit/537.36 (KHTML, like Gecko) Chrome/120.0.0.0 Safari/537.36 0.002
172.21.0.1 - - [16/Jan/2024:14:29:54 +0000] GET /devportal/services/settings/settings.js HTTP/1.1 200 965 https://localhost:9443/devportal/apis/8b05a2c6-cd79-417d-b762-93994127c08d/overview Mozilla/5.0 (X11; Linux x86_64) AppleWebKit/537.36 (KHTML, like Gecko) Chrome/120.0.0.0 Safari/537.36 0.006
172.21.0.1 - - [16/Jan/2024:14:29:54 +0000] GET /devportal/site/public/fonts/iconfont/material-icons.css HTTP/1.1 200 970 https://localhost:9443/devportal/apis/8b05a2c6-cd79-417d-b762-93994127c08d/overview Mozilla/5.0 (X11; Linux x86_64) AppleWebKit/537.36 (KHTML, like Gecko) Chrome/120.0.0.0 Safari/537.36 0.002
172.21.0.1 - - [16/Jan/2024:14:29:54 +0000] GET /devportal/site/public/css/overrides.css HTTP/1.1 200 - https://localhost:9443/devportal/apis/8b05a2c6-cd79-417d-b762-93994127c08d/overview Mozilla/5.0 (X11; Linux x86_64) AppleWebKit/537.36 (KHTML, like Gecko) Chrome/120.0.0.0 Safari/537.36 0.002
172.21.0.1 - - [16/Jan/2024:14:29:54 +0000] - 400 - - - 0.000
172.21.0.1 - - [16/Jan/2024:14:29:54 +0000] - 400 - - - 0.000
172.21.0.1 - - [16/Jan/2024:14:29:54 +0000] - 400 - - - 0.000
172.21.0.1 - - [16/Jan/2024:14:29:54 +0000] GET /devportal/site/public/fonts/iconfont/MaterialIcons.js HTTP/1.1 200 6703 https://localhost:9443/devportal/apis/8b05a2c6-cd79-417d-b762-93994127c08d/overview Mozilla/5.0 (X11; Linux x86_64) AppleWebKit/537.36 (KHTML, like Gecko) Chrome/120.0.0.0 Safari/537.36 0.002
172.21.0.1 - - [16/Jan/2024:14:29:54 +0000] GET /devportal/site/public/dist/index.4d8ef87846e92153c06c.bundle.js HTTP/1.1 200 270724 https://localhost:9443/devportal/apis/8b05a2c6-cd79-417d-b762-93994127c08d/overview Mozilla/5.0 (X11; Linux x86_64) AppleWebKit/537.36 (KHTML, like Gecko) Chrome/120.0.0.0 Safari/537.36 0.047
172.21.0.1 - - [16/Jan/2024:14:29:54 +0000] GET /devportal/site/public/locales/en.json HTTP/1.1 200 44152 https://localhost:9443/devportal/apis/8b05a2c6-cd79-417d-b762-93994127c08d/overview Mozilla/5.0 (X11; Linux x86_64) AppleWebKit/537.36 (KHTML, like Gecko) Chrome/120.0.0.0 Safari/537.36 0.003
172.21.0.1 - - [16/Jan/2024:14:29:54 +0000] GET /api/am/devportal/v2/swagger.yaml HTTP/1.1 200 22477 https://localhost:9443/devportal/apis/8b05a2c6-cd79-417d-b762-93994127c08d/overview Mozilla/5.0 (X11; Linux x86_64) AppleWebKit/537.36 (KHTML, like Gecko) Chrome/120.0.0.0 Safari/537.36 0.018
172.21.0.1 - - [16/Jan/2024:14:29:55 +0000] GET /devportal/site/public/images/_favicon.ico HTTP/1.1 200 1150 https://localhost:9443/devportal/apis/8b05a2c6-cd79-417d-b762-93994127c08d/overview Mozilla/5.0 (X11; Linux x86_64) AppleWebKit/537.36 (KHTML, like Gecko) Chrome/120.0.0.0 Safari/537.36 0.002
172.21.0.1 - - [16/Jan/2024:14:29:55 +0000] GET /api/am/devportal/v2/settings HTTP/1.1 200 818 https://localhost:9443/devportal/apis/8b05a2c6-cd79-417d-b762-93994127c08d/overview Mozilla/5.0 (X11; Linux x86_64) AppleWebKit/537.36 (KHTML, like Gecko) Chrome/120.0.0.0 Safari/537.36 0.036
172.21.0.1 - - [16/Jan/2024:14:29:55 +0000] GET /devportal/site/public/dist/ProtectedApp.824ba3b4b8e9a2967729.bundle.js HTTP/1.1 200 71446 https://localhost:9443/devportal/apis/8b05a2c6-cd79-417d-b762-93994127c08d/overview Mozilla/5.0 (X11; Linux x86_64) AppleWebKit/537.36 (KHTML, like Gecko) Chrome/120.0.0.0 Safari/537.36 0.009
172.21.0.1 - - [16/Jan/2024:14:29:55 +0000] GET /devportal/site/public/dist/vendors~ProtectedApp.a1a55e633861af6d46c0.bundle.js HTTP/1.1 200 195845 https://localhost:9443/devportal/apis/8b05a2c6-cd79-417d-b762-93994127c08d/overview Mozilla/5.0 (X11; Linux x86_64) AppleWebKit/537.36 (KHTML, like Gecko) Chrome/120.0.0.0 Safari/537.36 0.038
172.21.0.1 - - [16/Jan/2024:14:29:55 +0000] GET /devportal/site/public/theme/temporary_environments_config.json HTTP/1.1 200 - https://localhost:9443/devportal/apis/8b05a2c6-cd79-417d-b762-93994127c08d/overview Mozilla/5.0 (X11; Linux x86_64) AppleWebKit/537.36 (KHTML, like Gecko) Chrome/120.0.0.0 Safari/537.36 0.002
172.21.0.1 - - [16/Jan/2024:14:29:55 +0000] GET /devportal/site/public/theme/temporary_features_config.json HTTP/1.1 200 - https://localhost:9443/devportal/apis/8b05a2c6-cd79-417d-b762-93994127c08d/overview Mozilla/5.0 (X11; Linux x86_64) AppleWebKit/537.36 (KHTML, like Gecko) Chrome/120.0.0.0 Safari/537.36 0.003
172.21.0.1 - - [16/Jan/2024:14:29:55 +0000] GET /api/am/devportal/v2/tenants?state=active HTTP/1.1 200 96 https://localhost:9443/devportal/apis/8b05a2c6-cd79-417d-b762-93994127c08d/overview Mozilla/5.0 (X11; Linux x86_64) AppleWebKit/537.36 (KHTML, like Gecko) Chrome/120.0.0.0 Safari/537.36 0.005
172.21.0.1 - - [16/Jan/2024:14:29:55 +0000] GET /devportal/site/public/dist/vendors~ApiListing~Apis~ApplicationDetails.08ac37224f0cd5518eac.bundle.js HTTP/1.1 200 5350 https://localhost:9443/devportal/apis/8b05a2c6-cd79-417d-b762-93994127c08d/overview Mozilla/5.0 (X11; Linux x86_64) AppleWebKit/537.36 (KHTML, like Gecko) Chrome/120.0.0.0 Safari/537.36 0.003
172.21.0.1 - - [16/Jan/2024:14:29:55 +0000] GET /devportal/site/public/dist/vendors~Apis.807bf6b9a5502492c51d.bundle.js HTTP/1.1 200 11779 https://localhost:9443/devportal/apis/8b05a2c6-cd79-417d-b762-93994127c08d/overview Mozilla/5.0 (X11; Linux x86_64) AppleWebKit/537.36 (KHTML, like Gecko) Chrome/120.0.0.0 Safari/537.36 0.003
172.21.0.1 - - [16/Jan/2024:14:29:55 +0000] GET /devportal/site/public/dist/Apis~Landing.24e9096bfcfa01d7b293.bundle.js HTTP/1.1 200 6356 https://localhost:9443/devportal/apis/8b05a2c6-cd79-417d-b762-93994127c08d/overview Mozilla/5.0 (X11; Linux x86_64) AppleWebKit/537.36 (KHTML, like Gecko) Chrome/120.0.0.0 Safari/537.36 0.003
172.21.0.1 - - [16/Jan/2024:14:29:55 +0000] - 400 - - - 0.000
172.21.0.1 - - [16/Jan/2024:14:29:55 +0000] - 400 - - - 0.000
172.21.0.1 - - [16/Jan/2024:14:29:55 +0000] GET /devportal/site/public/dist/vendors~Apis~ApplicationDetails.6b8bb269d872c149f64e.bundle.js HTTP/1.1 200 63596 https://localhost:9443/devportal/apis/8b05a2c6-cd79-417d-b762-93994127c08d/overview Mozilla/5.0 (X11; Linux x86_64) AppleWebKit/537.36 (KHTML, like Gecko) Chrome/120.0.0.0 Safari/537.36 0.011
172.21.0.1 - - [16/Jan/2024:14:29:55 +0000] GET /oidc/checksession?client_id=t0eegfR7zJzfZ7t5EaLLAHgFEnMa&redirect_uri=https://localhost:9443/devportal/services/auth/callback/login HTTP/1.1 200 3130 https://localhost:9443/devportal/apis/8b05a2c6-cd79-417d-b762-93994127c08d/overview Mozilla/5.0 (X11; Linux x86_64) AppleWebKit/537.36 (KHTML, like Gecko) Chrome/120.0.0.0 Safari/537.36 0.003
172.21.0.1 - - [16/Jan/2024:14:29:55 +0000] GET /devportal/site/public/dist/Apis.6b300e16fae186a1127c.bundle.js HTTP/1.1 200 21811 https://localhost:9443/devportal/apis/8b05a2c6-cd79-417d-b762-93994127c08d/overview Mozilla/5.0 (X11; Linux x86_64) AppleWebKit/537.36 (KHTML, like Gecko) Chrome/120.0.0.0 Safari/537.36 0.006
172.21.0.1 - - [16/Jan/2024:14:29:55 +0000] GET /devportal/site/public/images/logo.svg HTTP/1.1 200 74991 https://localhost:9443/devportal/apis/8b05a2c6-cd79-417d-b762-93994127c08d/overview Mozilla/5.0 (X11; Linux x86_64) AppleWebKit/537.36 (KHTML, like Gecko) Chrome/120.0.0.0 Safari/537.36 0.002
172.21.0.1 - - [16/Jan/2024:14:29:55 +0000] GET /devportal HTTP/1.1 302 - https://localhost:9443/devportal/apis/8b05a2c6-cd79-417d-b762-93994127c08d/overview Mozilla/5.0 (X11; Linux x86_64) AppleWebKit/537.36 (KHTML, like Gecko) Chrome/120.0.0.0 Safari/537.36 0.000
172.21.0.1 - - [16/Jan/2024:14:29:55 +0000] GET /devportal/site/public/images/appbarBack.png HTTP/1.1 200 1964 https://localhost:9443/devportal/apis/8b05a2c6-cd79-417d-b762-93994127c08d/overview Mozilla/5.0 (X11; Linux x86_64) AppleWebKit/537.36 (KHTML, like Gecko) Chrome/120.0.0.0 Safari/537.36 0.002
172.21.0.1 - - [16/Jan/2024:14:29:55 +0000] GET /devportal/ HTTP/1.1 200 2031 https://localhost:9443/devportal/apis/8b05a2c6-cd79-417d-b762-93994127c08d/overview Mozilla/5.0 (X11; Linux x86_64) AppleWebKit/537.36 (KHTML, like Gecko) Chrome/120.0.0.0 Safari/537.36 0.004
172.21.0.1 - - [16/Jan/2024:14:29:55 +0000] GET /devportal/site/public/fonts/Open_Sans/mem8YaGs126MiZpBA-UFVZ0bf8pkAg.woff2 HTTP/1.1 200 8892 https://localhost:9443/devportal/site/public/css/main.css Mozilla/5.0 (X11; Linux x86_64) AppleWebKit/537.36 (KHTML, like Gecko) Chrome/120.0.0.0 Safari/537.36 0.002
172.21.0.1 - - [16/Jan/2024:14:29:55 +0000] GET /devportal/site/public/fonts/Open_Sans/mem5YaGs126MiZpBA-UN7rgOUuhpKKSTjw.woff2 HTTP/1.1 200 8800 https://localhost:9443/devportal/site/public/css/main.css Mozilla/5.0 (X11; Linux x86_64) AppleWebKit/537.36 (KHTML, like Gecko) Chrome/120.0.0.0 Safari/537.36 0.002
172.21.0.1 - - [16/Jan/2024:14:29:55 +0000] GET /devportal/site/public/fonts/iconfont/MaterialIcons-Regular.woff2 HTTP/1.1 200 60840 https://localhost:9443/devportal/site/public/fonts/iconfont/material-icons.css Mozilla/5.0 (X11; Linux x86_64) AppleWebKit/537.36 (KHTML, like Gecko) Chrome/120.0.0.0 Safari/537.36 0.003
172.21.0.1 - - [16/Jan/2024:14:29:55 +0000] - 400 - - - 0.000
172.21.0.1 - - [16/Jan/2024:14:29:55 +0000] GET /api/am/devportal/v2/subscriptions?apiId=8b05a2c6-cd79-417d-b762-93994127c08d&limit=5000 HTTP/1.1 200 94 https://localhost:9443/devportal/apis/8b05a2c6-cd79-417d-b762-93994127c08d/overview Mozilla/5.0 (X11; Linux x86_64) AppleWebKit/537.36 (KHTML, like Gecko) Chrome/120.0.0.0 Safari/537.36 0.015
172.21.0.1 - - [16/Jan/2024:14:29:55 +0000] GET /api/am/devportal/v2/apis/8b05a2c6-cd79-417d-b762-93994127c08d HTTP/1.1 200 948 https://localhost:9443/devportal/apis/8b05a2c6-cd79-417d-b762-93994127c08d/overview Mozilla/5.0 (X11; Linux x86_64) AppleWebKit/537.36 (KHTML, like Gecko) Chrome/120.0.0.0 Safari/537.36 0.019
172.21.0.1 - - [16/Jan/2024:14:29:55 +0000] GET /api/am/devportal/v2/subscriptions?apiId=8b05a2c6-cd79-417d-b762-93994127c08d&limit=25 HTTP/1.1 200 92 https://localhost:9443/devportal/apis/8b05a2c6-cd79-417d-b762-93994127c08d/overview Mozilla/5.0 (X11; Linux x86_64) AppleWebKit/537.36 (KHTML, like Gecko) Chrome/120.0.0.0 Safari/537.36 0.018
172.21.0.1 - - [16/Jan/2024:14:29:55 +0000] GET /api/am/devportal/v2/applications?limit=5000 HTTP/1.1 200 343 https://localhost:9443/devportal/apis/8b05a2c6-cd79-417d-b762-93994127c08d/overview Mozilla/5.0 (X11; Linux x86_64) AppleWebKit/537.36 (KHTML, like Gecko) Chrome/120.0.0.0 Safari/537.36 0.007
172.21.0.1 - - [16/Jan/2024:14:29:55 +0000] GET /devportal/site/public/dist/APIOverview.dfa68eab7c87537d270b.bundle.js HTTP/1.1 200 10448 https://localhost:9443/devportal/apis/8b05a2c6-cd79-417d-b762-93994127c08d/overview Mozilla/5.0 (X11; Linux x86_64) AppleWebKit/537.36 (KHTML, like Gecko) Chrome/120.0.0.0 Safari/537.36 0.003
172.21.0.1 - - [16/Jan/2024:14:29:55 +0000] GET /devportal/site/public/dist/APIComments.2d2dc404bcef1ee2cd62.bundle.js HTTP/1.1 200 11415 https://localhost:9443/devportal/apis/8b05a2c6-cd79-417d-b762-93994127c08d/overview Mozilla/5.0 (X11; Linux x86_64) AppleWebKit/537.36 (KHTML, like Gecko) Chrome/120.0.0.0 Safari/537.36 0.003
172.21.0.1 - - [16/Jan/2024:14:29:55 +0000] GET /devportal/site/public/dist/vendors~APIDocuments~APIOverview.a3bf3e4b6a073abbdc9e.bundle.js HTTP/1.1 200 30910 https://localhost:9443/devportal/apis/8b05a2c6-cd79-417d-b762-93994127c08d/overview Mozilla/5.0 (X11; Linux x86_64) AppleWebKit/537.36 (KHTML, like Gecko) Chrome/120.0.0.0 Safari/537.36 0.008
172.21.0.1 - - [16/Jan/2024:14:29:55 +0000] GET /devportal/site/public/images/leftMenuBack.png HTTP/1.1 200 5308 https://localhost:9443/devportal/apis/8b05a2c6-cd79-417d-b762-93994127c08d/overview Mozilla/5.0 (X11; Linux x86_64) AppleWebKit/537.36 (KHTML, like Gecko) Chrome/120.0.0.0 Safari/537.36 0.002
172.21.0.1 - - [16/Jan/2024:14:29:55 +0000] GET /api/am/devportal/v2/throttling-policies/subscription HTTP/1.1 200 634 https://localhost:9443/devportal/apis/8b05a2c6-cd79-417d-b762-93994127c08d/overview Mozilla/5.0 (X11; Linux x86_64) AppleWebKit/537.36 (KHTML, like Gecko) Chrome/120.0.0.0 Safari/537.36 0.005
172.21.0.1 - - [16/Jan/2024:14:29:55 +0000] GET /api/am/devportal/v2/apis/8b05a2c6-cd79-417d-b762-93994127c08d/documents HTTP/1.1 200 92 https://localhost:9443/devportal/apis/8b05a2c6-cd79-417d-b762-93994127c08d/overview Mozilla/5.0 (X11; Linux x86_64) AppleWebKit/537.36 (KHTML, like Gecko) Chrome/120.0.0.0 Safari/537.36 0.013
172.21.0.1 - - [16/Jan/2024:14:29:55 +0000] GET /api/am/devportal/v2/throttling-policies/subscription HTTP/1.1 200 634 https://localhost:9443/devportal/apis/8b05a2c6-cd79-417d-b762-93994127c08d/overview Mozilla/5.0 (X11; Linux x86_64) AppleWebKit/537.36 (KHTML, like Gecko) Chrome/120.0.0.0 Safari/537.36 0.007
172.21.0.1 - - [16/Jan/2024:14:29:55 +0000] GET /api/am/devportal/v2/apis/8b05a2c6-cd79-417d-b762-93994127c08d/documents HTTP/1.1 200 92 https://localhost:9443/devportal/apis/8b05a2c6-cd79-417d-b762-93994127c08d/overview Mozilla/5.0 (X11; Linux x86_64) AppleWebKit/537.36 (KHTML, like Gecko) Chrome/120.0.0.0 Safari/537.36 0.014
172.21.0.1 - - [16/Jan/2024:14:29:55 +0000] GET /api/am/devportal/v2/apis/8b05a2c6-cd79-417d-b762-93994127c08d/thumbnail HTTP/1.1 204 - https://localhost:9443/devportal/apis/8b05a2c6-cd79-417d-b762-93994127c08d/overview Mozilla/5.0 (X11; Linux x86_64) AppleWebKit/537.36 (KHTML, like Gecko) Chrome/120.0.0.0 Safari/537.36 0.015
172.21.0.1 - - [16/Jan/2024:14:29:55 +0000] GET /api/am/devportal/v2/apis/8b05a2c6-cd79-417d-b762-93994127c08d/comments?limit=5&offset=0 HTTP/1.1 200 101 https://localhost:9443/devportal/apis/8b05a2c6-cd79-417d-b762-93994127c08d/overview Mozilla/5.0 (X11; Linux x86_64) AppleWebKit/537.36 (KHTML, like Gecko) Chrome/120.0.0.0 Safari/537.36 0.015
172.21.0.1 - - [16/Jan/2024:14:29:55 +0000] GET /api/am/devportal/v2/apis/8b05a2c6-cd79-417d-b762-93994127c08d/ratings HTTP/1.1 200 125 https://localhost:9443/devportal/apis/8b05a2c6-cd79-417d-b762-93994127c08d/overview Mozilla/5.0 (X11; Linux x86_64) AppleWebKit/537.36 (KHTML, like Gecko) Chrome/120.0.0.0 Safari/537.36 0.014
172.21.0.1 - - [16/Jan/2024:14:29:59 +0000] GET /devportal/site/public/dist/APICredentials.33c4b26f236c4e460bfc.bundle.js HTTP/1.1 200 15975 https://localhost:9443/devportal/apis/8b05a2c6-cd79-417d-b762-93994127c08d/credentials Mozilla/5.0 (X11; Linux x86_64) AppleWebKit/537.36 (KHTML, like Gecko) Chrome/120.0.0.0 Safari/537.36 0.004
172.21.0.1 - - [16/Jan/2024:14:29:59 +0000] GET /devportal/site/public/dist/1.dfee9ae3c1584f828b5f.bundle.js HTTP/1.1 200 43564 https://localhost:9443/devportal/apis/8b05a2c6-cd79-417d-b762-93994127c08d/credentials Mozilla/5.0 (X11; Linux x86_64) AppleWebKit/537.36 (KHTML, like Gecko) Chrome/120.0.0.0 Safari/537.36 0.008
172.21.0.1 - - [16/Jan/2024:14:29:59 +0000] GET /devportal/site/public/images/_favicon.ico HTTP/1.1 200 1150 https://localhost:9443/devportal/apis/8b05a2c6-cd79-417d-b762-93994127c08d/credentials Mozilla/5.0 (X11; Linux x86_64) AppleWebKit/537.36 (KHTML, like Gecko) Chrome/120.0.0.0 Safari/537.36 0.001
127.0.0.1 - - [16/Jan/2024:14:30:00 +0000] GET /keymanager-operations/dcr/register/jhYtVjnztTTcwdpeuHeSoZIZAcoa HTTP/1.1 200 560 - Apache-HttpClient/4.5.13 (Java/11.0.10) 0.004
172.21.0.1 - - [16/Jan/2024:14:30:00 +0000] POST /api/am/devportal/v2/subscriptions HTTP/1.1 201 575 https://localhost:9443/devportal/apis/8b05a2c6-cd79-417d-b762-93994127c08d/credentials Mozilla/5.0 (X11; Linux x86_64) AppleWebKit/537.36 (KHTML, like Gecko) Chrome/120.0.0.0 Safari/537.36 0.051
172.21.0.1 - - [16/Jan/2024:14:30:00 +0000] GET /api/am/devportal/v2/applications?limit=5000 HTTP/1.1 200 343 https://localhost:9443/devportal/apis/8b05a2c6-cd79-417d-b762-93994127c08d/credentials Mozilla/5.0 (X11; Linux x86_64) AppleWebKit/537.36 (KHTML, like Gecko) Chrome/120.0.0.0 Safari/537.36 0.007
172.21.0.1 - - [16/Jan/2024:14:30:00 +0000] GET /api/am/devportal/v2/apis/8b05a2c6-cd79-417d-b762-93994127c08d HTTP/1.1 200 948 https://localhost:9443/devportal/apis/8b05a2c6-cd79-417d-b762-93994127c08d/credentials Mozilla/5.0 (X11; Linux x86_64) AppleWebKit/537.36 (KHTML, like Gecko) Chrome/120.0.0.0 Safari/537.36 0.017
127.0.0.1 - - [16/Jan/2024:14:30:00 +0000] GET /keymanager-operations/dcr/register/jhYtVjnztTTcwdpeuHeSoZIZAcoa HTTP/1.1 200 560 - Apache-HttpClient/4.5.13 (Java/11.0.10) 0.004
172.21.0.1 - - [16/Jan/2024:14:30:00 +0000] GET /api/am/devportal/v2/subscriptions?apiId=8b05a2c6-cd79-417d-b762-93994127c08d&limit=25 HTTP/1.1 200 618 https://localhost:9443/devportal/apis/8b05a2c6-cd79-417d-b762-93994127c08d/credentials Mozilla/5.0 (X11; Linux x86_64) AppleWebKit/537.36 (KHTML, like Gecko) Chrome/120.0.0.0 Safari/537.36 0.029
127.0.0.1 - - [16/Jan/2024:14:30:00 +0000] GET /keymanager-operations/dcr/register/jhYtVjnztTTcwdpeuHeSoZIZAcoa HTTP/1.1 200 560 - Apache-HttpClient/4.5.13 (Java/11.0.10) 0.005
172.21.0.1 - - [16/Jan/2024:14:30:00 +0000] GET /api/am/devportal/v2/subscriptions?apiId=8b05a2c6-cd79-417d-b762-93994127c08d&limit=5000 HTTP/1.1 200 618 https://localhost:9443/devportal/apis/8b05a2c6-cd79-417d-b762-93994127c08d/credentials Mozilla/5.0 (X11; Linux x86_64) AppleWebKit/537.36 (KHTML, like Gecko) Chrome/120.0.0.0 Safari/537.36 0.038
172.21.0.1 - - [16/Jan/2024:14:30:01 +0000] GET /api/am/devportal/v2/swagger.yaml HTTP/1.1 200 22477 https://localhost:9443/devportal/apis/8b05a2c6-cd79-417d-b762-93994127c08d/credentials Mozilla/5.0 (X11; Linux x86_64) AppleWebKit/537.36 (KHTML, like Gecko) Chrome/120.0.0.0 Safari/537.36 0.006
172.21.0.1 - - [16/Jan/2024:14:30:01 +0000] GET /api/am/devportal/v2/swagger.yaml HTTP/1.1 200 22477 https://localhost:9443/devportal/apis/8b05a2c6-cd79-417d-b762-93994127c08d/credentials Mozilla/5.0 (X11; Linux x86_64) AppleWebKit/537.36 (KHTML, like Gecko) Chrome/120.0.0.0 Safari/537.36 0.007
127.0.0.1 - - [16/Jan/2024:14:30:01 +0000] GET /oauth2/token/.well-known/openid-configuration HTTP/1.1 200 2195 - Apache-HttpClient/4.5.13 (Java/11.0.10) 0.004
172.21.0.1 - - [16/Jan/2024:14:30:01 +0000] GET /api/am/devportal/v2/key-managers HTTP/1.1 200 586 https://localhost:9443/devportal/apis/8b05a2c6-cd79-417d-b762-93994127c08d/credentials Mozilla/5.0 (X11; Linux x86_64) AppleWebKit/537.36 (KHTML, like Gecko) Chrome/120.0.0.0 Safari/537.36 0.035
127.0.0.1 - - [16/Jan/2024:14:30:02 +0000] GET /keymanager-operations/dcr/register/jhYtVjnztTTcwdpeuHeSoZIZAcoa HTTP/1.1 200 560 - Apache-HttpClient/4.5.13 (Java/11.0.10) 0.006
172.21.0.1 - - [16/Jan/2024:14:30:02 +0000] GET /api/am/devportal/v2/applications/a56847b6-9e03-42a3-a369-4d12a47e88f3 HTTP/1.1 200 321 https://localhost:9443/devportal/apis/8b05a2c6-cd79-417d-b762-93994127c08d/credentials Mozilla/5.0 (X11; Linux x86_64) AppleWebKit/537.36 (KHTML, like Gecko) Chrome/120.0.0.0 Safari/537.36 0.017
127.0.0.1 - - [16/Jan/2024:14:30:02 +0000] GET /keymanager-operations/dcr/register/jhYtVjnztTTcwdpeuHeSoZIZAcoa HTTP/1.1 200 560 - Apache-HttpClient/4.5.13 (Java/11.0.10) 0.003
172.21.0.1 - - [16/Jan/2024:14:30:02 +0000] GET /api/am/devportal/v2/applications/a56847b6-9e03-42a3-a369-4d12a47e88f3 HTTP/1.1 200 321 https://localhost:9443/devportal/apis/8b05a2c6-cd79-417d-b762-93994127c08d/credentials Mozilla/5.0 (X11; Linux x86_64) AppleWebKit/537.36 (KHTML, like Gecko) Chrome/120.0.0.0 Safari/537.36 0.009
127.0.0.1 - - [16/Jan/2024:14:30:02 +0000] GET /keymanager-operations/dcr/register/jhYtVjnztTTcwdpeuHeSoZIZAcoa HTTP/1.1 200 560 - Apache-HttpClient/4.5.13 (Java/11.0.10) 0.005
172.21.0.1 - - [16/Jan/2024:14:30:02 +0000] GET /api/am/devportal/v2/applications/a56847b6-9e03-42a3-a369-4d12a47e88f3/oauth-keys HTTP/1.1 200 708 https://localhost:9443/devportal/apis/8b05a2c6-cd79-417d-b762-93994127c08d/credentials Mozilla/5.0 (X11; Linux x86_64) AppleWebKit/537.36 (KHTML, like Gecko) Chrome/120.0.0.0 Safari/537.36 0.012
172.21.0.1 - - [16/Jan/2024:14:30:02 +0000] GET /api/am/devportal/v2/swagger.yaml HTTP/1.1 200 22477 https://localhost:9443/devportal/apis/8b05a2c6-cd79-417d-b762-93994127c08d/credentials Mozilla/5.0 (X11; Linux x86_64) AppleWebKit/537.36 (KHTML, like Gecko) Chrome/120.0.0.0 Safari/537.36 0.006
127.0.0.1 - - [16/Jan/2024:14:30:02 +0000] GET /keymanager-operations/dcr/register/jhYtVjnztTTcwdpeuHeSoZIZAcoa HTTP/1.1 200 560 - Apache-HttpClient/4.5.13 (Java/11.0.10) 0.004
172.21.0.1 - - [16/Jan/2024:14:30:02 +0000] GET /api/am/devportal/v2/applications/a56847b6-9e03-42a3-a369-4d12a47e88f3 HTTP/1.1 200 321 https://localhost:9443/devportal/apis/8b05a2c6-cd79-417d-b762-93994127c08d/credentials Mozilla/5.0 (X11; Linux x86_64) AppleWebKit/537.36 (KHTML, like Gecko) Chrome/120.0.0.0 Safari/537.36 0.011
127.0.0.1 - - [16/Jan/2024:14:30:02 +0000] GET /keymanager-operations/dcr/register/jhYtVjnztTTcwdpeuHeSoZIZAcoa HTTP/1.1 200 560 - Apache-HttpClient/4.5.13 (Java/11.0.10) 0.003
172.21.0.1 - - [16/Jan/2024:14:30:02 +0000] GET /api/am/devportal/v2/applications/a56847b6-9e03-42a3-a369-4d12a47e88f3/oauth-keys HTTP/1.1 200 708 https://localhost:9443/devportal/apis/8b05a2c6-cd79-417d-b762-93994127c08d/credentials Mozilla/5.0 (X11; Linux x86_64) AppleWebKit/537.36 (KHTML, like Gecko) Chrome/120.0.0.0 Safari/537.36 0.009
127.0.0.1 - - [16/Jan/2024:14:30:06 +0000] GET /keymanager-operations/dcr/register/jhYtVjnztTTcwdpeuHeSoZIZAcoa HTTP/1.1 200 560 - Apache-HttpClient/4.5.13 (Java/11.0.10) 0.005
172.21.0.1 - - [16/Jan/2024:14:30:06 +0000] GET /api/am/devportal/v2/applications/a56847b6-9e03-42a3-a369-4d12a47e88f3/oauth-keys HTTP/1.1 200 708 https://localhost:9443/devportal/apis/8b05a2c6-cd79-417d-b762-93994127c08d/credentials Mozilla/5.0 (X11; Linux x86_64) AppleWebKit/537.36 (KHTML, like Gecko) Chrome/120.0.0.0 Safari/537.36 0.014
127.0.0.1 - - [16/Jan/2024:14:30:06 +0000] GET /keymanager-operations/dcr/register/jhYtVjnztTTcwdpeuHeSoZIZAcoa HTTP/1.1 200 560 - Apache-HttpClient/4.5.13 (Java/11.0.10) 0.004
127.0.0.1 - - [16/Jan/2024:14:30:06 +0000] POST /oauth2/token HTTP/1.1 200 1065 - Apache-HttpClient/4.5.13 (Java/11.0.10) 0.010
172.21.0.1 - - [16/Jan/2024:14:30:06 +0000] POST /api/am/devportal/v2/applications/a56847b6-9e03-42a3-a369-4d12a47e88f3/oauth-keys/7aed9985-002a-407b-a06b-4b7c42335799/generate-token HTTP/1.1 200 810 https://localhost:9443/devportal/apis/8b05a2c6-cd79-417d-b762-93994127c08d/credentials Mozilla/5.0 (X11; Linux x86_64) AppleWebKit/537.36 (KHTML, like Gecko) Chrome/120.0.0.0 Safari/537.36 0.039
172.21.0.1 - - [16/Jan/2024:14:30:30 +0000] GET /api/am/publisher/v2/apis/8b05a2c6-cd79-417d-b762-93994127c08d/revisions?query=deployed%3Atrue HTTP/1.1 200 327 https://localhost:9443/publisher/apis/8b05a2c6-cd79-417d-b762-93994127c08d/overview Mozilla/5.0 (X11; Linux x86_64) AppleWebKit/537.36 (KHTML, like Gecko) Chrome/120.0.0.0 Safari/537.36 0.006
172.21.0.1 - - [16/Jan/2024:14:30:30 +0000] GET /api/am/publisher/v2/apis/8b05a2c6-cd79-417d-b762-93994127c08d/swagger HTTP/1.1 200 665 https://localhost:9443/publisher/apis/8b05a2c6-cd79-417d-b762-93994127c08d/overview Mozilla/5.0 (X11; Linux x86_64) AppleWebKit/537.36 (KHTML, like Gecko) Chrome/120.0.0.0 Safari/537.36 0.017
172.21.0.1 - - [16/Jan/2024:14:30:31 +0000] GET /api/am/publisher/v2/apis/8b05a2c6-cd79-417d-b762-93994127c08d/revisions?query=deployed%3Atrue HTTP/1.1 200 327 https://localhost:9443/publisher/apis/8b05a2c6-cd79-417d-b762-93994127c08d/overview Mozilla/5.0 (X11; Linux x86_64) AppleWebKit/537.36 (KHTML, like Gecko) Chrome/120.0.0.0 Safari/537.36 0.004
172.21.0.1 - - [16/Jan/2024:14:30:31 +0000] GET /api/am/publisher/v2/apis/8b05a2c6-cd79-417d-b762-93994127c08d/swagger HTTP/1.1 200 665 https://localhost:9443/publisher/apis/8b05a2c6-cd79-417d-b762-93994127c08d/overview Mozilla/5.0 (X11; Linux x86_64) AppleWebKit/537.36 (KHTML, like Gecko) Chrome/120.0.0.0 Safari/537.36 0.016
172.21.0.1 - - [16/Jan/2024:14:30:33 +0000] GET /api/am/publisher/v2/apis?limit=10&offset=0 HTTP/1.1 200 424 https://localhost:9443/publisher/apis/ Mozilla/5.0 (X11; Linux x86_64) AppleWebKit/537.36 (KHTML, like Gecko) Chrome/120.0.0.0 Safari/537.36 0.028
172.21.0.1 - - [16/Jan/2024:14:30:37 +0000] GET /api/am/publisher/v2/search?limit=1&offset=0&query=name%3APizzaShackAPI%20version%3A1.0%20context%3Apizzashack HTTP/1.1 200 91 https://localhost:9443/publisher/apis/ Mozilla/5.0 (X11; Linux x86_64) AppleWebKit/537.36 (KHTML, like Gecko) Chrome/120.0.0.0 Safari/537.36 0.028
172.21.0.1 - - [16/Jan/2024:14:30:44 +0000] GET /api/am/publisher/v2/throttling-policies/subscription HTTP/1.1 200 407 https://localhost:9443/publisher/apis/create/rest Mozilla/5.0 (X11; Linux x86_64) AppleWebKit/537.36 (KHTML, like Gecko) Chrome/120.0.0.0 Safari/537.36 0.007
172.21.0.1 - - [16/Jan/2024:14:30:51 +0000] GET /api/am/publisher/v2/search?limit=1&offset=0&query=name%3Afakeapi HTTP/1.1 200 91 https://localhost:9443/publisher/apis/create/rest Mozilla/5.0 (X11; Linux x86_64) AppleWebKit/537.36 (KHTML, like Gecko) Chrome/120.0.0.0 Safari/537.36 0.012
172.21.0.1 - - [16/Jan/2024:14:31:04 +0000] GET /api/am/publisher/v2/search?limit=1&offset=0&query=name%3Afakestoreapi HTTP/1.1 200 91 https://localhost:9443/publisher/apis/create/rest Mozilla/5.0 (X11; Linux x86_64) AppleWebKit/537.36 (KHTML, like Gecko) Chrome/120.0.0.0 Safari/537.36 0.013
172.21.0.1 - - [16/Jan/2024:14:31:11 +0000] GET /api/am/publisher/v2/search?limit=1&offset=0&query=context%3A%2Ffakestore-api HTTP/1.1 200 91 https://localhost:9443/publisher/apis/create/rest Mozilla/5.0 (X11; Linux x86_64) AppleWebKit/537.36 (KHTML, like Gecko) Chrome/120.0.0.0 Safari/537.36 0.016
172.21.0.1 - - [16/Jan/2024:14:31:13 +0000] GET /api/am/publisher/v2/search?limit=1&offset=0&query=context%3A%2Ffakestore-api%2Fv1 HTTP/1.1 200 91 https://localhost:9443/publisher/apis/create/rest Mozilla/5.0 (X11; Linux x86_64) AppleWebKit/537.36 (KHTML, like Gecko) Chrome/120.0.0.0 Safari/537.36 0.020
172.21.0.1 - - [16/Jan/2024:14:31:17 +0000] POST /api/am/publisher/v2/apis?openAPIVersion=v3 HTTP/1.1 201 1089 https://localhost:9443/publisher/apis/create/rest Mozilla/5.0 (X11; Linux x86_64) AppleWebKit/537.36 (KHTML, like Gecko) Chrome/120.0.0.0 Safari/537.36 0.221
172.21.0.1 - - [16/Jan/2024:14:31:18 +0000] GET /api/am/publisher/v2/tenants?state=active HTTP/1.1 200 96 https://localhost:9443/publisher/apis/510ded44-638f-4f40-9900-7034dc91967f/overview Mozilla/5.0 (X11; Linux x86_64) AppleWebKit/537.36 (KHTML, like Gecko) Chrome/120.0.0.0 Safari/537.36 0.005
172.21.0.1 - - [16/Jan/2024:14:31:18 +0000] GET /api/am/publisher/v2/apis/510ded44-638f-4f40-9900-7034dc91967f HTTP/1.1 200 1089 https://localhost:9443/publisher/apis/510ded44-638f-4f40-9900-7034dc91967f/overview Mozilla/5.0 (X11; Linux x86_64) AppleWebKit/537.36 (KHTML, like Gecko) Chrome/120.0.0.0 Safari/537.36 0.021
172.21.0.1 - - [16/Jan/2024:14:31:18 +0000] - 400 - - - 0.000
172.21.0.1 - - [16/Jan/2024:14:31:18 +0000] GET /api/am/publisher/v2/apis/510ded44-638f-4f40-9900-7034dc91967f/revisions?query=deployed%3Atrue HTTP/1.1 200 21 https://localhost:9443/publisher/apis/510ded44-638f-4f40-9900-7034dc91967f/overview Mozilla/5.0 (X11; Linux x86_64) AppleWebKit/537.36 (KHTML, like Gecko) Chrome/120.0.0.0 Safari/537.36 0.009
172.21.0.1 - - [16/Jan/2024:14:31:18 +0000] GET /api/am/publisher/v2/apis/510ded44-638f-4f40-9900-7034dc91967f/revisions HTTP/1.1 200 21 https://localhost:9443/publisher/apis/510ded44-638f-4f40-9900-7034dc91967f/overview Mozilla/5.0 (X11; Linux x86_64) AppleWebKit/537.36 (KHTML, like Gecko) Chrome/120.0.0.0 Safari/537.36 0.008
172.21.0.1 - - [16/Jan/2024:14:31:18 +0000] - 400 - - - 0.000
172.21.0.1 - - [16/Jan/2024:14:31:18 +0000] GET /api/am/publisher/v2/apis/510ded44-638f-4f40-9900-7034dc91967f/revisions?query=deployed%3Atrue HTTP/1.1 200 21 https://localhost:9443/publisher/apis/510ded44-638f-4f40-9900-7034dc91967f/overview Mozilla/5.0 (X11; Linux x86_64) AppleWebKit/537.36 (KHTML, like Gecko) Chrome/120.0.0.0 Safari/537.36 0.006
172.21.0.1 - - [16/Jan/2024:14:31:18 +0000] GET /api/am/publisher/v2/apis/510ded44-638f-4f40-9900-7034dc91967f/swagger HTTP/1.1 200 692 https://localhost:9443/publisher/apis/510ded44-638f-4f40-9900-7034dc91967f/overview Mozilla/5.0 (X11; Linux x86_64) AppleWebKit/537.36 (KHTML, like Gecko) Chrome/120.0.0.0 Safari/537.36 0.026
172.21.0.1 - - [16/Jan/2024:14:31:18 +0000] GET /api/am/publisher/v2/apis/510ded44-638f-4f40-9900-7034dc91967f/revisions?query=deployed%3Atrue HTTP/1.1 200 21 https://localhost:9443/publisher/apis/510ded44-638f-4f40-9900-7034dc91967f/overview Mozilla/5.0 (X11; Linux x86_64) AppleWebKit/537.36 (KHTML, like Gecko) Chrome/120.0.0.0 Safari/537.36 0.005
172.21.0.1 - - [16/Jan/2024:14:31:18 +0000] GET /api/am/publisher/v2/apis/510ded44-638f-4f40-9900-7034dc91967f/swagger HTTP/1.1 200 692 https://localhost:9443/publisher/apis/510ded44-638f-4f40-9900-7034dc91967f/overview Mozilla/5.0 (X11; Linux x86_64) AppleWebKit/537.36 (KHTML, like Gecko) Chrome/120.0.0.0 Safari/537.36 0.018
172.21.0.1 - - [16/Jan/2024:14:31:19 +0000] GET /api/am/publisher/v2/apis/510ded44-638f-4f40-9900-7034dc91967f/revisions?query=deployed%3Atrue HTTP/1.1 200 21 https://localhost:9443/publisher/apis/510ded44-638f-4f40-9900-7034dc91967f/overview Mozilla/5.0 (X11; Linux x86_64) AppleWebKit/537.36 (KHTML, like Gecko) Chrome/120.0.0.0 Safari/537.36 0.005
172.21.0.1 - - [16/Jan/2024:14:31:19 +0000] GET /api/am/publisher/v2/apis/510ded44-638f-4f40-9900-7034dc91967f/swagger HTTP/1.1 200 692 https://localhost:9443/publisher/apis/510ded44-638f-4f40-9900-7034dc91967f/overview Mozilla/5.0 (X11; Linux x86_64) AppleWebKit/537.36 (KHTML, like Gecko) Chrome/120.0.0.0 Safari/537.36 0.016
172.21.0.1 - - [16/Jan/2024:14:31:29 +0000] POST /api/am/publisher/v2/apis/510ded44-638f-4f40-9900-7034dc91967f/revisions HTTP/1.1 201 193 https://localhost:9443/publisher/apis/510ded44-638f-4f40-9900-7034dc91967f/deployments Mozilla/5.0 (X11; Linux x86_64) AppleWebKit/537.36 (KHTML, like Gecko) Chrome/120.0.0.0 Safari/537.36 0.046
172.21.0.1 - - [16/Jan/2024:14:31:29 +0000] POST /api/am/publisher/v2/apis/510ded44-638f-4f40-9900-7034dc91967f/deploy-revision?revisionId=546fcda0-7e21-4995-a85a-712b9de46359 HTTP/1.1 201 149 https://localhost:9443/publisher/apis/510ded44-638f-4f40-9900-7034dc91967f/deployments Mozilla/5.0 (X11; Linux x86_64) AppleWebKit/537.36 (KHTML, like Gecko) Chrome/120.0.0.0 Safari/537.36 0.025
127.0.0.1 - - [16/Jan/2024:14:31:30 +0000] GET /internal/data/v1/apis?context=/fakestore-api/v1&version=v1&gatewayLabel=Default HTTP/1.1 200 784 - Apache-HttpClient/4.5.13 (Java/11.0.10) 0.006
172.21.0.1 - - [16/Jan/2024:14:31:30 +0000] GET /api/am/publisher/v2/apis/510ded44-638f-4f40-9900-7034dc91967f/revisions HTTP/1.1 200 327 https://localhost:9443/publisher/apis/510ded44-638f-4f40-9900-7034dc91967f/deployments Mozilla/5.0 (X11; Linux x86_64) AppleWebKit/537.36 (KHTML, like Gecko) Chrome/120.0.0.0 Safari/537.36 0.005
172.21.0.1 - - [16/Jan/2024:14:31:30 +0000] GET /api/am/publisher/v2/apis/510ded44-638f-4f40-9900-7034dc91967f/revisions?query=deployed%3Atrue HTTP/1.1 200 327 https://localhost:9443/publisher/apis/510ded44-638f-4f40-9900-7034dc91967f/deployments Mozilla/5.0 (X11; Linux x86_64) AppleWebKit/537.36 (KHTML, like Gecko) Chrome/120.0.0.0 Safari/537.36 0.009
172.21.0.1 - - [16/Jan/2024:14:31:32 +0000] - 400 - - - 0.000
172.21.0.1 - - [16/Jan/2024:14:31:32 +0000] GET /api/am/publisher/v2/scopes HTTP/1.1 200 92 https://localhost:9443/publisher/apis/510ded44-638f-4f40-9900-7034dc91967f/resources Mozilla/5.0 (X11; Linux x86_64) AppleWebKit/537.36 (KHTML, like Gecko) Chrome/120.0.0.0 Safari/537.36 0.006
172.21.0.1 - - [16/Jan/2024:14:31:32 +0000] GET /api/am/publisher/v2/apis/510ded44-638f-4f40-9900-7034dc91967f/swagger HTTP/1.1 200 692 https://localhost:9443/publisher/apis/510ded44-638f-4f40-9900-7034dc91967f/resources Mozilla/5.0 (X11; Linux x86_64) AppleWebKit/537.36 (KHTML, like Gecko) Chrome/120.0.0.0 Safari/537.36 0.020
172.21.0.1 - - [16/Jan/2024:14:31:32 +0000] GET /api/am/publisher/v2/apis/510ded44-638f-4f40-9900-7034dc91967f/amznResourceNames HTTP/1.1 204 - https://localhost:9443/publisher/apis/510ded44-638f-4f40-9900-7034dc91967f/resources Mozilla/5.0 (X11; Linux x86_64) AppleWebKit/537.36 (KHTML, like Gecko) Chrome/120.0.0.0 Safari/537.36 0.014
172.21.0.1 - - [16/Jan/2024:14:31:32 +0000] GET /api/am/publisher/v2/throttling-policies/api HTTP/1.1 200 396 https://localhost:9443/publisher/apis/510ded44-638f-4f40-9900-7034dc91967f/resources Mozilla/5.0 (X11; Linux x86_64) AppleWebKit/537.36 (KHTML, like Gecko) Chrome/120.0.0.0 Safari/537.36 0.007
127.0.0.1 - - [16/Jan/2024:14:31:35 +0000] GET /internal/data/v1/runtime-artifacts?apiId=510ded44-638f-4f40-9900-7034dc91967f&gatewayLabel=RGVmYXVsdA&type=Synapse HTTP/1.1 200 2536 - Apache-HttpClient/4.5.13 (Java/11.0.10) 0.048
172.21.0.1 - - [16/Jan/2024:14:31:59 +0000] PUT /api/am/publisher/v2/apis/510ded44-638f-4f40-9900-7034dc91967f/swagger HTTP/1.1 200 653 https://localhost:9443/publisher/apis/510ded44-638f-4f40-9900-7034dc91967f/resources Mozilla/5.0 (X11; Linux x86_64) AppleWebKit/537.36 (KHTML, like Gecko) Chrome/120.0.0.0 Safari/537.36 0.234
172.21.0.1 - - [16/Jan/2024:14:31:59 +0000] GET /api/am/publisher/v2/apis/510ded44-638f-4f40-9900-7034dc91967f HTTP/1.1 200 1061 https://localhost:9443/publisher/apis/510ded44-638f-4f40-9900-7034dc91967f/resources Mozilla/5.0 (X11; Linux x86_64) AppleWebKit/537.36 (KHTML, like Gecko) Chrome/120.0.0.0 Safari/537.36 0.016
127.0.0.1 - - [16/Jan/2024:14:32:00 +0000] GET /internal/data/v1/apis?context=/fakestore-api/v1&version=v1&gatewayLabel=Default HTTP/1.1 200 784 - Apache-HttpClient/4.5.13 (Java/11.0.10) 0.006
172.21.0.1 - - [16/Jan/2024:14:32:09 +0000] GET /api/am/publisher/v2/apis/510ded44-638f-4f40-9900-7034dc91967f/revisions?query=deployed%3Atrue HTTP/1.1 200 327 https://localhost:9443/publisher/apis/510ded44-638f-4f40-9900-7034dc91967f/overview Mozilla/5.0 (X11; Linux x86_64) AppleWebKit/537.36 (KHTML, like Gecko) Chrome/120.0.0.0 Safari/537.36 0.006
172.21.0.1 - - [16/Jan/2024:14:32:09 +0000] GET /api/am/publisher/v2/apis/510ded44-638f-4f40-9900-7034dc91967f/swagger HTTP/1.1 200 653 https://localhost:9443/publisher/apis/510ded44-638f-4f40-9900-7034dc91967f/overview Mozilla/5.0 (X11; Linux x86_64) AppleWebKit/537.36 (KHTML, like Gecko) Chrome/120.0.0.0 Safari/537.36 0.022
172.21.0.1 - - [16/Jan/2024:14:32:11 +0000] POST /api/am/publisher/v2/apis/change-lifecycle?action=Publish&apiId=510ded44-638f-4f40-9900-7034dc91967f HTTP/1.1 200 300 https://localhost:9443/publisher/apis/510ded44-638f-4f40-9900-7034dc91967f/overview Mozilla/5.0 (X11; Linux x86_64) AppleWebKit/537.36 (KHTML, like Gecko) Chrome/120.0.0.0 Safari/537.36 0.173
172.21.0.1 - - [16/Jan/2024:14:32:11 +0000] GET /api/am/publisher/v2/apis/510ded44-638f-4f40-9900-7034dc91967f HTTP/1.1 200 1061 https://localhost:9443/publisher/apis/510ded44-638f-4f40-9900-7034dc91967f/overview Mozilla/5.0 (X11; Linux x86_64) AppleWebKit/537.36 (KHTML, like Gecko) Chrome/120.0.0.0 Safari/537.36 0.014
127.0.0.1 - - [16/Jan/2024:14:32:11 +0000] GET /internal/data/v1/apis?context=/fakestore-api/v1&version=v1&gatewayLabel=Default HTTP/1.1 200 786 - Apache-HttpClient/4.5.13 (Java/11.0.10) 0.006
172.21.0.1 - - [16/Jan/2024:14:32:11 +0000] GET /api/am/publisher/v2/apis/510ded44-638f-4f40-9900-7034dc91967f/revisions?query=deployed%3Atrue HTTP/1.1 200 327 https://localhost:9443/publisher/apis/510ded44-638f-4f40-9900-7034dc91967f/overview Mozilla/5.0 (X11; Linux x86_64) AppleWebKit/537.36 (KHTML, like Gecko) Chrome/120.0.0.0 Safari/537.36 0.005
172.21.0.1 - - [16/Jan/2024:14:32:11 +0000] GET /api/am/publisher/v2/apis/510ded44-638f-4f40-9900-7034dc91967f/swagger HTTP/1.1 200 653 https://localhost:9443/publisher/apis/510ded44-638f-4f40-9900-7034dc91967f/overview Mozilla/5.0 (X11; Linux x86_64) AppleWebKit/537.36 (KHTML, like Gecko) Chrome/120.0.0.0 Safari/537.36 0.018
172.21.0.1 - - [16/Jan/2024:14:32:12 +0000] GET /devportal/apis/510ded44-638f-4f40-9900-7034dc91967f/overview HTTP/1.1 200 2031 - Mozilla/5.0 (X11; Linux x86_64) AppleWebKit/537.36 (KHTML, like Gecko) Chrome/120.0.0.0 Safari/537.36 0.007
172.21.0.1 - - [16/Jan/2024:14:32:12 +0000] GET /devportal/site/public/css/main.css HTTP/1.1 200 1722 https://localhost:9443/devportal/apis/510ded44-638f-4f40-9900-7034dc91967f/overview Mozilla/5.0 (X11; Linux x86_64) AppleWebKit/537.36 (KHTML, like Gecko) Chrome/120.0.0.0 Safari/537.36 0.002
172.21.0.1 - - [16/Jan/2024:14:32:12 +0000] GET /devportal/site/public/theme/userTheme.js HTTP/1.1 200 305 https://localhost:9443/devportal/apis/510ded44-638f-4f40-9900-7034dc91967f/overview Mozilla/5.0 (X11; Linux x86_64) AppleWebKit/537.36 (KHTML, like Gecko) Chrome/120.0.0.0 Safari/537.36 0.002
172.21.0.1 - - [16/Jan/2024:14:32:12 +0000] GET /devportal/services/settings/settings.js HTTP/1.1 200 965 https://localhost:9443/devportal/apis/510ded44-638f-4f40-9900-7034dc91967f/overview Mozilla/5.0 (X11; Linux x86_64) AppleWebKit/537.36 (KHTML, like Gecko) Chrome/120.0.0.0 Safari/537.36 0.005
172.21.0.1 - - [16/Jan/2024:14:32:12 +0000] - 400 - - - 0.000
172.21.0.1 - - [16/Jan/2024:14:32:12 +0000] - 400 - - - 0.000
172.21.0.1 - - [16/Jan/2024:14:32:12 +0000] - 400 - - - 0.000
172.21.0.1 - - [16/Jan/2024:14:32:12 +0000] GET /devportal/site/public/fonts/iconfont/material-icons.css HTTP/1.1 200 970 https://localhost:9443/devportal/apis/510ded44-638f-4f40-9900-7034dc91967f/overview Mozilla/5.0 (X11; Linux x86_64) AppleWebKit/537.36 (KHTML, like Gecko) Chrome/120.0.0.0 Safari/537.36 0.002
172.21.0.1 - - [16/Jan/2024:14:32:12 +0000] GET /devportal/site/public/css/overrides.css HTTP/1.1 200 - https://localhost:9443/devportal/apis/510ded44-638f-4f40-9900-7034dc91967f/overview Mozilla/5.0 (X11; Linux x86_64) AppleWebKit/537.36 (KHTML, like Gecko) Chrome/120.0.0.0 Safari/537.36 0.002
172.21.0.1 - - [16/Jan/2024:14:32:12 +0000] GET /devportal/site/public/fonts/iconfont/MaterialIcons.js HTTP/1.1 200 6703 https://localhost:9443/devportal/apis/510ded44-638f-4f40-9900-7034dc91967f/overview Mozilla/5.0 (X11; Linux x86_64) AppleWebKit/537.36 (KHTML, like Gecko) Chrome/120.0.0.0 Safari/537.36 0.003
172.21.0.1 - - [16/Jan/2024:14:32:12 +0000] GET /devportal/site/public/dist/index.4d8ef87846e92153c06c.bundle.js HTTP/1.1 200 270724 https://localhost:9443/devportal/apis/510ded44-638f-4f40-9900-7034dc91967f/overview Mozilla/5.0 (X11; Linux x86_64) AppleWebKit/537.36 (KHTML, like Gecko) Chrome/120.0.0.0 Safari/537.36 0.048
172.21.0.1 - - [16/Jan/2024:14:32:12 +0000] GET /devportal/site/public/locales/en.json HTTP/1.1 200 44152 https://localhost:9443/devportal/apis/510ded44-638f-4f40-9900-7034dc91967f/overview Mozilla/5.0 (X11; Linux x86_64) AppleWebKit/537.36 (KHTML, like Gecko) Chrome/120.0.0.0 Safari/537.36 0.002
172.21.0.1 - - [16/Jan/2024:14:32:12 +0000] GET /api/am/devportal/v2/swagger.yaml HTTP/1.1 200 22477 https://localhost:9443/devportal/apis/510ded44-638f-4f40-9900-7034dc91967f/overview Mozilla/5.0 (X11; Linux x86_64) AppleWebKit/537.36 (KHTML, like Gecko) Chrome/120.0.0.0 Safari/537.36 0.022
172.21.0.1 - - [16/Jan/2024:14:32:13 +0000] GET /devportal/site/public/images/_favicon.ico HTTP/1.1 200 1150 https://localhost:9443/devportal/apis/510ded44-638f-4f40-9900-7034dc91967f/overview Mozilla/5.0 (X11; Linux x86_64) AppleWebKit/537.36 (KHTML, like Gecko) Chrome/120.0.0.0 Safari/537.36 0.002
172.21.0.1 - - [16/Jan/2024:14:32:13 +0000] GET /api/am/devportal/v2/settings HTTP/1.1 200 818 https://localhost:9443/devportal/apis/510ded44-638f-4f40-9900-7034dc91967f/overview Mozilla/5.0 (X11; Linux x86_64) AppleWebKit/537.36 (KHTML, like Gecko) Chrome/120.0.0.0 Safari/537.36 0.034
172.21.0.1 - - [16/Jan/2024:14:32:13 +0000] GET /devportal/site/public/dist/ProtectedApp.824ba3b4b8e9a2967729.bundle.js HTTP/1.1 200 71446 https://localhost:9443/devportal/apis/510ded44-638f-4f40-9900-7034dc91967f/overview Mozilla/5.0 (X11; Linux x86_64) AppleWebKit/537.36 (KHTML, like Gecko) Chrome/120.0.0.0 Safari/537.36 0.010
172.21.0.1 - - [16/Jan/2024:14:32:13 +0000] GET /devportal/site/public/dist/vendors~ProtectedApp.a1a55e633861af6d46c0.bundle.js HTTP/1.1 200 195845 https://localhost:9443/devportal/apis/510ded44-638f-4f40-9900-7034dc91967f/overview Mozilla/5.0 (X11; Linux x86_64) AppleWebKit/537.36 (KHTML, like Gecko) Chrome/120.0.0.0 Safari/537.36 0.032
172.21.0.1 - - [16/Jan/2024:14:32:13 +0000] GET /devportal/site/public/theme/temporary_environments_config.json HTTP/1.1 200 - https://localhost:9443/devportal/apis/510ded44-638f-4f40-9900-7034dc91967f/overview Mozilla/5.0 (X11; Linux x86_64) AppleWebKit/537.36 (KHTML, like Gecko) Chrome/120.0.0.0 Safari/537.36 0.002
172.21.0.1 - - [16/Jan/2024:14:32:13 +0000] GET /devportal/site/public/theme/temporary_features_config.json HTTP/1.1 200 - https://localhost:9443/devportal/apis/510ded44-638f-4f40-9900-7034dc91967f/overview Mozilla/5.0 (X11; Linux x86_64) AppleWebKit/537.36 (KHTML, like Gecko) Chrome/120.0.0.0 Safari/537.36 0.002
172.21.0.1 - - [16/Jan/2024:14:32:13 +0000] GET /api/am/devportal/v2/tenants?state=active HTTP/1.1 200 96 https://localhost:9443/devportal/apis/510ded44-638f-4f40-9900-7034dc91967f/overview Mozilla/5.0 (X11; Linux x86_64) AppleWebKit/537.36 (KHTML, like Gecko) Chrome/120.0.0.0 Safari/537.36 0.004
172.21.0.1 - - [16/Jan/2024:14:32:13 +0000] GET /devportal/site/public/dist/vendors~ApiListing~Apis~ApplicationDetails.08ac37224f0cd5518eac.bundle.js HTTP/1.1 200 5350 https://localhost:9443/devportal/apis/510ded44-638f-4f40-9900-7034dc91967f/overview Mozilla/5.0 (X11; Linux x86_64) AppleWebKit/537.36 (KHTML, like Gecko) Chrome/120.0.0.0 Safari/537.36 0.003
172.21.0.1 - - [16/Jan/2024:14:32:13 +0000] GET /devportal/site/public/dist/Apis~Landing.24e9096bfcfa01d7b293.bundle.js HTTP/1.1 200 6356 https://localhost:9443/devportal/apis/510ded44-638f-4f40-9900-7034dc91967f/overview Mozilla/5.0 (X11; Linux x86_64) AppleWebKit/537.36 (KHTML, like Gecko) Chrome/120.0.0.0 Safari/537.36 0.003
172.21.0.1 - - [16/Jan/2024:14:32:13 +0000] GET /devportal/site/public/dist/vendors~Apis.807bf6b9a5502492c51d.bundle.js HTTP/1.1 200 11779 https://localhost:9443/devportal/apis/510ded44-638f-4f40-9900-7034dc91967f/overview Mozilla/5.0 (X11; Linux x86_64) AppleWebKit/537.36 (KHTML, like Gecko) Chrome/120.0.0.0 Safari/537.36 0.003
172.21.0.1 - - [16/Jan/2024:14:32:13 +0000] - 400 - - - 0.000
172.21.0.1 - - [16/Jan/2024:14:32:13 +0000] GET /devportal/site/public/dist/vendors~Apis~ApplicationDetails.6b8bb269d872c149f64e.bundle.js HTTP/1.1 200 63596 https://localhost:9443/devportal/apis/510ded44-638f-4f40-9900-7034dc91967f/overview Mozilla/5.0 (X11; Linux x86_64) AppleWebKit/537.36 (KHTML, like Gecko) Chrome/120.0.0.0 Safari/537.36 0.011
172.21.0.1 - - [16/Jan/2024:14:32:13 +0000] GET /devportal/site/public/dist/Apis.6b300e16fae186a1127c.bundle.js HTTP/1.1 200 21811 https://localhost:9443/devportal/apis/510ded44-638f-4f40-9900-7034dc91967f/overview Mozilla/5.0 (X11; Linux x86_64) AppleWebKit/537.36 (KHTML, like Gecko) Chrome/120.0.0.0 Safari/537.36 0.005
172.21.0.1 - - [16/Jan/2024:14:32:13 +0000] GET /oidc/checksession?client_id=t0eegfR7zJzfZ7t5EaLLAHgFEnMa&redirect_uri=https://localhost:9443/devportal/services/auth/callback/login HTTP/1.1 200 3130 https://localhost:9443/devportal/apis/510ded44-638f-4f40-9900-7034dc91967f/overview Mozilla/5.0 (X11; Linux x86_64) AppleWebKit/537.36 (KHTML, like Gecko) Chrome/120.0.0.0 Safari/537.36 0.003
172.21.0.1 - - [16/Jan/2024:14:32:13 +0000] - 400 - - - 0.000
172.21.0.1 - - [16/Jan/2024:14:32:13 +0000] GET /devportal/site/public/images/logo.svg HTTP/1.1 200 74991 https://localhost:9443/devportal/apis/510ded44-638f-4f40-9900-7034dc91967f/overview Mozilla/5.0 (X11; Linux x86_64) AppleWebKit/537.36 (KHTML, like Gecko) Chrome/120.0.0.0 Safari/537.36 0.002
172.21.0.1 - - [16/Jan/2024:14:32:13 +0000] GET /devportal HTTP/1.1 302 - https://localhost:9443/devportal/apis/510ded44-638f-4f40-9900-7034dc91967f/overview Mozilla/5.0 (X11; Linux x86_64) AppleWebKit/537.36 (KHTML, like Gecko) Chrome/120.0.0.0 Safari/537.36 0.000
172.21.0.1 - - [16/Jan/2024:14:32:13 +0000] GET /devportal/site/public/images/appbarBack.png HTTP/1.1 200 1964 https://localhost:9443/devportal/apis/510ded44-638f-4f40-9900-7034dc91967f/overview Mozilla/5.0 (X11; Linux x86_64) AppleWebKit/537.36 (KHTML, like Gecko) Chrome/120.0.0.0 Safari/537.36 0.002
172.21.0.1 - - [16/Jan/2024:14:32:13 +0000] GET /devportal/ HTTP/1.1 200 2031 https://localhost:9443/devportal/apis/510ded44-638f-4f40-9900-7034dc91967f/overview Mozilla/5.0 (X11; Linux x86_64) AppleWebKit/537.36 (KHTML, like Gecko) Chrome/120.0.0.0 Safari/537.36 0.003
172.21.0.1 - - [16/Jan/2024:14:32:13 +0000] GET /devportal/site/public/fonts/Open_Sans/mem8YaGs126MiZpBA-UFVZ0bf8pkAg.woff2 HTTP/1.1 200 8892 https://localhost:9443/devportal/site/public/css/main.css Mozilla/5.0 (X11; Linux x86_64) AppleWebKit/537.36 (KHTML, like Gecko) Chrome/120.0.0.0 Safari/537.36 0.002
172.21.0.1 - - [16/Jan/2024:14:32:13 +0000] GET /devportal/site/public/fonts/Open_Sans/mem5YaGs126MiZpBA-UN7rgOUuhpKKSTjw.woff2 HTTP/1.1 200 8800 https://localhost:9443/devportal/site/public/css/main.css Mozilla/5.0 (X11; Linux x86_64) AppleWebKit/537.36 (KHTML, like Gecko) Chrome/120.0.0.0 Safari/537.36 0.002
172.21.0.1 - - [16/Jan/2024:14:32:13 +0000] GET /devportal/site/public/fonts/iconfont/MaterialIcons-Regular.woff2 HTTP/1.1 200 60840 https://localhost:9443/devportal/site/public/fonts/iconfont/material-icons.css Mozilla/5.0 (X11; Linux x86_64) AppleWebKit/537.36 (KHTML, like Gecko) Chrome/120.0.0.0 Safari/537.36 0.002
172.21.0.1 - - [16/Jan/2024:14:32:13 +0000] GET /api/am/devportal/v2/applications?limit=5000 HTTP/1.1 200 343 https://localhost:9443/devportal/apis/510ded44-638f-4f40-9900-7034dc91967f/overview Mozilla/5.0 (X11; Linux x86_64) AppleWebKit/537.36 (KHTML, like Gecko) Chrome/120.0.0.0 Safari/537.36 0.013
172.21.0.1 - - [16/Jan/2024:14:32:13 +0000] GET /api/am/devportal/v2/subscriptions?apiId=510ded44-638f-4f40-9900-7034dc91967f&limit=5000 HTTP/1.1 200 94 https://localhost:9443/devportal/apis/510ded44-638f-4f40-9900-7034dc91967f/overview Mozilla/5.0 (X11; Linux x86_64) AppleWebKit/537.36 (KHTML, like Gecko) Chrome/120.0.0.0 Safari/537.36 0.021
172.21.0.1 - - [16/Jan/2024:14:32:13 +0000] GET /api/am/devportal/v2/subscriptions?apiId=510ded44-638f-4f40-9900-7034dc91967f&limit=25 HTTP/1.1 200 92 https://localhost:9443/devportal/apis/510ded44-638f-4f40-9900-7034dc91967f/overview Mozilla/5.0 (X11; Linux x86_64) AppleWebKit/537.36 (KHTML, like Gecko) Chrome/120.0.0.0 Safari/537.36 0.022
172.21.0.1 - - [16/Jan/2024:14:32:13 +0000] GET /api/am/devportal/v2/apis/510ded44-638f-4f40-9900-7034dc91967f HTTP/1.1 200 944 https://localhost:9443/devportal/apis/510ded44-638f-4f40-9900-7034dc91967f/overview Mozilla/5.0 (X11; Linux x86_64) AppleWebKit/537.36 (KHTML, like Gecko) Chrome/120.0.0.0 Safari/537.36 0.025
172.21.0.1 - - [16/Jan/2024:14:32:13 +0000] GET /devportal/site/public/dist/APIComments.2d2dc404bcef1ee2cd62.bundle.js HTTP/1.1 200 11415 https://localhost:9443/devportal/apis/510ded44-638f-4f40-9900-7034dc91967f/overview Mozilla/5.0 (X11; Linux x86_64) AppleWebKit/537.36 (KHTML, like Gecko) Chrome/120.0.0.0 Safari/537.36 0.002
172.21.0.1 - - [16/Jan/2024:14:32:13 +0000] GET /devportal/site/public/dist/APIOverview.dfa68eab7c87537d270b.bundle.js HTTP/1.1 200 10448 https://localhost:9443/devportal/apis/510ded44-638f-4f40-9900-7034dc91967f/overview Mozilla/5.0 (X11; Linux x86_64) AppleWebKit/537.36 (KHTML, like Gecko) Chrome/120.0.0.0 Safari/537.36 0.002
172.21.0.1 - - [16/Jan/2024:14:32:13 +0000] GET /devportal/site/public/dist/vendors~APIDocuments~APIOverview.a3bf3e4b6a073abbdc9e.bundle.js HTTP/1.1 200 30910 https://localhost:9443/devportal/apis/510ded44-638f-4f40-9900-7034dc91967f/overview Mozilla/5.0 (X11; Linux x86_64) AppleWebKit/537.36 (KHTML, like Gecko) Chrome/120.0.0.0 Safari/537.36 0.008
172.21.0.1 - - [16/Jan/2024:14:32:13 +0000] GET /devportal/site/public/images/leftMenuBack.png HTTP/1.1 200 5308 https://localhost:9443/devportal/apis/510ded44-638f-4f40-9900-7034dc91967f/overview Mozilla/5.0 (X11; Linux x86_64) AppleWebKit/537.36 (KHTML, like Gecko) Chrome/120.0.0.0 Safari/537.36 0.002
172.21.0.1 - - [16/Jan/2024:14:32:14 +0000] GET /api/am/devportal/v2/throttling-policies/subscription HTTP/1.1 200 634 https://localhost:9443/devportal/apis/510ded44-638f-4f40-9900-7034dc91967f/overview Mozilla/5.0 (X11; Linux x86_64) AppleWebKit/537.36 (KHTML, like Gecko) Chrome/120.0.0.0 Safari/537.36 0.006
172.21.0.1 - - [16/Jan/2024:14:32:14 +0000] GET /api/am/devportal/v2/apis/510ded44-638f-4f40-9900-7034dc91967f/documents HTTP/1.1 200 92 https://localhost:9443/devportal/apis/510ded44-638f-4f40-9900-7034dc91967f/overview Mozilla/5.0 (X11; Linux x86_64) AppleWebKit/537.36 (KHTML, like Gecko) Chrome/120.0.0.0 Safari/537.36 0.012
172.21.0.1 - - [16/Jan/2024:14:32:14 +0000] GET /api/am/devportal/v2/throttling-policies/subscription HTTP/1.1 200 634 https://localhost:9443/devportal/apis/510ded44-638f-4f40-9900-7034dc91967f/overview Mozilla/5.0 (X11; Linux x86_64) AppleWebKit/537.36 (KHTML, like Gecko) Chrome/120.0.0.0 Safari/537.36 0.005
