172.21.0.1 - - [16/Jan/2024:14:23:30 +0000] GET /api/am/devportal/v2/apis/8ccd9be9-071b-457c-9fb9-8790e8ec66ef/comments?limit=5&offset=0 HTTP/1.1 200 101 https://localhost:9443/devportal/apis/8ccd9be9-071b-457c-9fb9-8790e8ec66ef/overview Mozilla/5.0 (X11; Linux x86_64) AppleWebKit/537.36 (KHTML, like Gecko) Chrome/120.0.0.0 Safari/537.36 0.030
172.21.0.1 - - [16/Jan/2024:14:23:30 +0000] GET /api/am/publisher/v2/settings HTTP/1.1 200 569 https://localhost:9443/publisher/apis/8ccd9be9-071b-457c-9fb9-8790e8ec66ef/overview Mozilla/5.0 (X11; Linux x86_64) AppleWebKit/537.36 (KHTML, like Gecko) Chrome/120.0.0.0 Safari/537.36 0.095
172.21.0.1 - - [16/Jan/2024:14:23:31 +0000] GET /publisher/site/public/dist/DeferredAPIs.9892f4358a5280553668.bundle.js HTTP/1.1 200 29953 https://localhost:9443/publisher/apis/8ccd9be9-071b-457c-9fb9-8790e8ec66ef/overview Mozilla/5.0 (X11; Linux x86_64) AppleWebKit/537.36 (KHTML, like Gecko) Chrome/120.0.0.0 Safari/537.36 0.010
172.21.0.1 - - [16/Jan/2024:14:23:31 +0000] GET /publisher/site/public/dist/vendors~APICreateRoutes~DeferredDetails.1d56aca65cff9cd9bfe5.bundle.js HTTP/1.1 200 6825 https://localhost:9443/publisher/apis/8ccd9be9-071b-457c-9fb9-8790e8ec66ef/overview Mozilla/5.0 (X11; Linux x86_64) AppleWebKit/537.36 (KHTML, like Gecko) Chrome/120.0.0.0 Safari/537.36 0.004
172.21.0.1 - - [16/Jan/2024:14:23:31 +0000] GET /publisher/site/public/dist/APICreateRoutes~DeferredDetails.f6d303016a0861c0733e.bundle.js HTTP/1.1 200 10270 https://localhost:9443/publisher/apis/8ccd9be9-071b-457c-9fb9-8790e8ec66ef/overview Mozilla/5.0 (X11; Linux x86_64) AppleWebKit/537.36 (KHTML, like Gecko) Chrome/120.0.0.0 Safari/537.36 0.004
172.21.0.1 - - [16/Jan/2024:14:23:31 +0000] GET /publisher/site/public/dist/APICreateRoutes.540a782d9203f390c626.bundle.js HTTP/1.1 200 12921 https://localhost:9443/publisher/apis/8ccd9be9-071b-457c-9fb9-8790e8ec66ef/overview Mozilla/5.0 (X11; Linux x86_64) AppleWebKit/537.36 (KHTML, like Gecko) Chrome/120.0.0.0 Safari/537.36 0.004
172.21.0.1 - - [16/Jan/2024:14:23:31 +0000] GET /publisher/site/public/dist/vendors~APICreateRoutes~DeferredDetails.1d56aca65cff9cd9bfe5.bundle.js HTTP/1.1 200 6825 https://localhost:9443/publisher/apis/8ccd9be9-071b-457c-9fb9-8790e8ec66ef/overview Mozilla/5.0 (X11; Linux x86_64) AppleWebKit/537.36 (KHTML, like Gecko) Chrome/120.0.0.0 Safari/537.36 0.004
172.21.0.1 - - [16/Jan/2024:14:23:31 +0000] GET /publisher/site/public/dist/APICreateRoutes~DeferredDetails.f6d303016a0861c0733e.bundle.js HTTP/1.1 200 10270 https://localhost:9443/publisher/apis/8ccd9be9-071b-457c-9fb9-8790e8ec66ef/overview Mozilla/5.0 (X11; Linux x86_64) AppleWebKit/537.36 (KHTML, like Gecko) Chrome/120.0.0.0 Safari/537.36 0.003
172.21.0.1 - - [16/Jan/2024:14:23:31 +0000] GET /publisher/site/public/dist/vendors~DeferredDetails.dffb8d2e0fe95c126305.bundle.js HTTP/1.1 200 212655 https://localhost:9443/publisher/apis/8ccd9be9-071b-457c-9fb9-8790e8ec66ef/overview Mozilla/5.0 (X11; Linux x86_64) AppleWebKit/537.36 (KHTML, like Gecko) Chrome/120.0.0.0 Safari/537.36 0.042
172.21.0.1 - - [16/Jan/2024:14:23:31 +0000] GET /publisher/site/public/dist/DeferredDetails.dfe4c468da63f78b94cd.bundle.js HTTP/1.1 200 234263 https://localhost:9443/publisher/apis/8ccd9be9-071b-457c-9fb9-8790e8ec66ef/overview Mozilla/5.0 (X11; Linux x86_64) AppleWebKit/537.36 (KHTML, like Gecko) Chrome/120.0.0.0 Safari/537.36 0.054
172.21.0.1 - - [16/Jan/2024:14:23:31 +0000] GET /publisher/site/public/dist/vendors~APIDefMonacoEditor~DeferredDetails.5ff786fee6f8c96b35f7.bundle.js HTTP/1.1 200 625163 https://localhost:9443/publisher/apis/8ccd9be9-071b-457c-9fb9-8790e8ec66ef/overview Mozilla/5.0 (X11; Linux x86_64) AppleWebKit/537.36 (KHTML, like Gecko) Chrome/120.0.0.0 Safari/537.36 0.135
172.21.0.1 - - [16/Jan/2024:14:23:31 +0000] GET /api/am/publisher/v2/tenants?state=active HTTP/1.1 200 96 https://localhost:9443/publisher/apis/8ccd9be9-071b-457c-9fb9-8790e8ec66ef/overview Mozilla/5.0 (X11; Linux x86_64) AppleWebKit/537.36 (KHTML, like Gecko) Chrome/120.0.0.0 Safari/537.36 0.004
172.21.0.1 - - [16/Jan/2024:14:23:31 +0000] GET /api/am/publisher/v2/apis/8ccd9be9-071b-457c-9fb9-8790e8ec66ef HTTP/1.1 200 1065 https://localhost:9443/publisher/apis/8ccd9be9-071b-457c-9fb9-8790e8ec66ef/overview Mozilla/5.0 (X11; Linux x86_64) AppleWebKit/537.36 (KHTML, like Gecko) Chrome/120.0.0.0 Safari/537.36 0.021
172.21.0.1 - - [16/Jan/2024:14:23:32 +0000] GET /api/am/publisher/v2/apis/8ccd9be9-071b-457c-9fb9-8790e8ec66ef/revisions?query=deployed%3Atrue HTTP/1.1 200 327 https://localhost:9443/publisher/apis/8ccd9be9-071b-457c-9fb9-8790e8ec66ef/overview Mozilla/5.0 (X11; Linux x86_64) AppleWebKit/537.36 (KHTML, like Gecko) Chrome/120.0.0.0 Safari/537.36 0.006
172.21.0.1 - - [16/Jan/2024:14:23:32 +0000] GET /api/am/publisher/v2/apis/8ccd9be9-071b-457c-9fb9-8790e8ec66ef/revisions HTTP/1.1 200 327 https://localhost:9443/publisher/apis/8ccd9be9-071b-457c-9fb9-8790e8ec66ef/overview Mozilla/5.0 (X11; Linux x86_64) AppleWebKit/537.36 (KHTML, like Gecko) Chrome/120.0.0.0 Safari/537.36 0.006
172.21.0.1 - - [16/Jan/2024:14:23:32 +0000] GET /api/am/publisher/v2/apis/8ccd9be9-071b-457c-9fb9-8790e8ec66ef/revisions?query=deployed%3Atrue HTTP/1.1 200 327 https://localhost:9443/publisher/apis/8ccd9be9-071b-457c-9fb9-8790e8ec66ef/overview Mozilla/5.0 (X11; Linux x86_64) AppleWebKit/537.36 (KHTML, like Gecko) Chrome/120.0.0.0 Safari/537.36 0.006
172.21.0.1 - - [16/Jan/2024:14:23:32 +0000] GET /api/am/publisher/v2/apis/8ccd9be9-071b-457c-9fb9-8790e8ec66ef/swagger HTTP/1.1 200 665 https://localhost:9443/publisher/apis/8ccd9be9-071b-457c-9fb9-8790e8ec66ef/overview Mozilla/5.0 (X11; Linux x86_64) AppleWebKit/537.36 (KHTML, like Gecko) Chrome/120.0.0.0 Safari/537.36 0.035
172.21.0.1 - - [16/Jan/2024:14:23:32 +0000] GET /devportal/site/public/dist/2.afd5c7223d310f3b5fcd.bundle.js HTTP/1.1 200 4246 https://localhost:9443/devportal/apis/8ccd9be9-071b-457c-9fb9-8790e8ec66ef/test Mozilla/5.0 (X11; Linux x86_64) AppleWebKit/537.36 (KHTML, like Gecko) Chrome/120.0.0.0 Safari/537.36 0.003
172.21.0.1 - - [16/Jan/2024:14:23:32 +0000] GET /devportal/site/public/dist/8.dd55591e635aaff3aceb.bundle.js HTTP/1.1 200 21152 https://localhost:9443/devportal/apis/8ccd9be9-071b-457c-9fb9-8790e8ec66ef/test Mozilla/5.0 (X11; Linux x86_64) AppleWebKit/537.36 (KHTML, like Gecko) Chrome/120.0.0.0 Safari/537.36 0.006
172.21.0.1 - - [16/Jan/2024:14:23:32 +0000] GET /devportal/site/public/dist/APIConsole.255084ab5830bb641fa4.bundle.js HTTP/1.1 200 3355 https://localhost:9443/devportal/apis/8ccd9be9-071b-457c-9fb9-8790e8ec66ef/test Mozilla/5.0 (X11; Linux x86_64) AppleWebKit/537.36 (KHTML, like Gecko) Chrome/120.0.0.0 Safari/537.36 0.003
172.21.0.1 - - [16/Jan/2024:14:23:32 +0000] GET /devportal/site/public/dist/vendors~APIConsole~GraphQLConsole.d34767c583d8ec2d877d.bundle.js HTTP/1.1 200 70873 https://localhost:9443/devportal/apis/8ccd9be9-071b-457c-9fb9-8790e8ec66ef/test Mozilla/5.0 (X11; Linux x86_64) AppleWebKit/537.36 (KHTML, like Gecko) Chrome/120.0.0.0 Safari/537.36 0.017
172.21.0.1 - - [16/Jan/2024:14:23:32 +0000] GET /devportal/site/public/images/_favicon.ico HTTP/1.1 200 1150 https://localhost:9443/devportal/apis/8ccd9be9-071b-457c-9fb9-8790e8ec66ef/test Mozilla/5.0 (X11; Linux x86_64) AppleWebKit/537.36 (KHTML, like Gecko) Chrome/120.0.0.0 Safari/537.36 0.002
172.21.0.1 - - [16/Jan/2024:14:23:32 +0000] GET /api/am/publisher/v2/apis/8ccd9be9-071b-457c-9fb9-8790e8ec66ef/revisions?query=deployed%3Atrue HTTP/1.1 200 327 https://localhost:9443/publisher/apis/8ccd9be9-071b-457c-9fb9-8790e8ec66ef/overview Mozilla/5.0 (X11; Linux x86_64) AppleWebKit/537.36 (KHTML, like Gecko) Chrome/120.0.0.0 Safari/537.36 0.007
172.21.0.1 - - [16/Jan/2024:14:23:32 +0000] GET /devportal/site/public/dist/vendors~APIConsole.68a5697891f2d1b84c7c.bundle.js HTTP/1.1 200 1357444 https://localhost:9443/devportal/apis/8ccd9be9-071b-457c-9fb9-8790e8ec66ef/test Mozilla/5.0 (X11; Linux x86_64) AppleWebKit/537.36 (KHTML, like Gecko) Chrome/120.0.0.0 Safari/537.36 0.246
172.21.0.1 - - [16/Jan/2024:14:23:32 +0000] GET /api/am/publisher/v2/apis/8ccd9be9-071b-457c-9fb9-8790e8ec66ef/swagger HTTP/1.1 200 665 https://localhost:9443/publisher/apis/8ccd9be9-071b-457c-9fb9-8790e8ec66ef/overview Mozilla/5.0 (X11; Linux x86_64) AppleWebKit/537.36 (KHTML, like Gecko) Chrome/120.0.0.0 Safari/537.36 0.022
172.21.0.1 - - [16/Jan/2024:14:23:32 +0000] GET /api/am/publisher/v2/apis/8ccd9be9-071b-457c-9fb9-8790e8ec66ef/revisions?query=deployed%3Atrue HTTP/1.1 200 327 https://localhost:9443/publisher/apis/8ccd9be9-071b-457c-9fb9-8790e8ec66ef/overview Mozilla/5.0 (X11; Linux x86_64) AppleWebKit/537.36 (KHTML, like Gecko) Chrome/120.0.0.0 Safari/537.36 0.007
172.21.0.1 - - [16/Jan/2024:14:23:32 +0000] GET /api/am/devportal/v2/apis/8ccd9be9-071b-457c-9fb9-8790e8ec66ef HTTP/1.1 200 946 https://localhost:9443/devportal/apis/8ccd9be9-071b-457c-9fb9-8790e8ec66ef/test Mozilla/5.0 (X11; Linux x86_64) AppleWebKit/537.36 (KHTML, like Gecko) Chrome/120.0.0.0 Safari/537.36 0.021
172.21.0.1 - - [16/Jan/2024:14:23:32 +0000] GET /api/am/publisher/v2/apis/8ccd9be9-071b-457c-9fb9-8790e8ec66ef/swagger HTTP/1.1 200 665 https://localhost:9443/publisher/apis/8ccd9be9-071b-457c-9fb9-8790e8ec66ef/overview Mozilla/5.0 (X11; Linux x86_64) AppleWebKit/537.36 (KHTML, like Gecko) Chrome/120.0.0.0 Safari/537.36 0.024
172.21.0.1 - - [16/Jan/2024:14:23:32 +0000] GET /devportal/site/public/dist/APICredentials.33c4b26f236c4e460bfc.bundle.js HTTP/1.1 200 15975 https://localhost:9443/devportal/apis/8ccd9be9-071b-457c-9fb9-8790e8ec66ef/credentials Mozilla/5.0 (X11; Linux x86_64) AppleWebKit/537.36 (KHTML, like Gecko) Chrome/120.0.0.0 Safari/537.36 0.005
172.21.0.1 - - [16/Jan/2024:14:23:32 +0000] GET /devportal/site/public/dist/1.dfee9ae3c1584f828b5f.bundle.js HTTP/1.1 200 43564 https://localhost:9443/devportal/apis/8ccd9be9-071b-457c-9fb9-8790e8ec66ef/credentials Mozilla/5.0 (X11; Linux x86_64) AppleWebKit/537.36 (KHTML, like Gecko) Chrome/120.0.0.0 Safari/537.36 0.010
172.21.0.1 - - [16/Jan/2024:14:23:32 +0000] GET /devportal/site/public/images/_favicon.ico HTTP/1.1 200 1150 https://localhost:9443/devportal/apis/8ccd9be9-071b-457c-9fb9-8790e8ec66ef/credentials Mozilla/5.0 (X11; Linux x86_64) AppleWebKit/537.36 (KHTML, like Gecko) Chrome/120.0.0.0 Safari/537.36 0.002
172.21.0.1 - - [16/Jan/2024:14:23:32 +0000] GET /api/am/devportal/v2/apis/8ccd9be9-071b-457c-9fb9-8790e8ec66ef/swagger?environmentName=Default HTTP/1.1 200 913 https://localhost:9443/devportal/apis/8ccd9be9-071b-457c-9fb9-8790e8ec66ef/credentials Mozilla/5.0 (X11; Linux x86_64) AppleWebKit/537.36 (KHTML, like Gecko) Chrome/120.0.0.0 Safari/537.36 0.018
172.21.0.1 - - [16/Jan/2024:14:23:32 +0000] GET /api/am/devportal/v2/subscriptions?apiId=8ccd9be9-071b-457c-9fb9-8790e8ec66ef&limit=25 HTTP/1.1 200 92 https://localhost:9443/devportal/apis/8ccd9be9-071b-457c-9fb9-8790e8ec66ef/credentials Mozilla/5.0 (X11; Linux x86_64) AppleWebKit/537.36 (KHTML, like Gecko) Chrome/120.0.0.0 Safari/537.36 0.012
172.21.0.1 - - [16/Jan/2024:14:23:34 +0000] POST /api/am/devportal/v2/subscriptions HTTP/1.1 201 574 https://localhost:9443/devportal/apis/8ccd9be9-071b-457c-9fb9-8790e8ec66ef/credentials Mozilla/5.0 (X11; Linux x86_64) AppleWebKit/537.36 (KHTML, like Gecko) Chrome/120.0.0.0 Safari/537.36 0.180
172.21.0.1 - - [16/Jan/2024:14:23:34 +0000] GET /api/am/devportal/v2/applications?limit=5000 HTTP/1.1 200 343 https://localhost:9443/devportal/apis/8ccd9be9-071b-457c-9fb9-8790e8ec66ef/credentials Mozilla/5.0 (X11; Linux x86_64) AppleWebKit/537.36 (KHTML, like Gecko) Chrome/120.0.0.0 Safari/537.36 0.014
172.21.0.1 - - [16/Jan/2024:14:23:34 +0000] GET /api/am/devportal/v2/apis/8ccd9be9-071b-457c-9fb9-8790e8ec66ef HTTP/1.1 200 946 https://localhost:9443/devportal/apis/8ccd9be9-071b-457c-9fb9-8790e8ec66ef/credentials Mozilla/5.0 (X11; Linux x86_64) AppleWebKit/537.36 (KHTML, like Gecko) Chrome/120.0.0.0 Safari/537.36 0.020
172.21.0.1 - - [16/Jan/2024:14:23:34 +0000] GET /api/am/devportal/v2/subscriptions?apiId=8ccd9be9-071b-457c-9fb9-8790e8ec66ef&limit=5000 HTTP/1.1 200 618 https://localhost:9443/devportal/apis/8ccd9be9-071b-457c-9fb9-8790e8ec66ef/credentials Mozilla/5.0 (X11; Linux x86_64) AppleWebKit/537.36 (KHTML, like Gecko) Chrome/120.0.0.0 Safari/537.36 0.028
172.21.0.1 - - [16/Jan/2024:14:23:34 +0000] GET /api/am/devportal/v2/subscriptions?apiId=8ccd9be9-071b-457c-9fb9-8790e8ec66ef&limit=25 HTTP/1.1 200 617 https://localhost:9443/devportal/apis/8ccd9be9-071b-457c-9fb9-8790e8ec66ef/credentials Mozilla/5.0 (X11; Linux x86_64) AppleWebKit/537.36 (KHTML, like Gecko) Chrome/120.0.0.0 Safari/537.36 0.028
172.21.0.1 - - [16/Jan/2024:14:23:35 +0000] GET /api/am/devportal/v2/swagger.yaml HTTP/1.1 200 22477 https://localhost:9443/devportal/apis/8ccd9be9-071b-457c-9fb9-8790e8ec66ef/credentials Mozilla/5.0 (X11; Linux x86_64) AppleWebKit/537.36 (KHTML, like Gecko) Chrome/120.0.0.0 Safari/537.36 0.006
172.21.0.1 - - [16/Jan/2024:14:23:35 +0000] GET /api/am/devportal/v2/swagger.yaml HTTP/1.1 200 22477 https://localhost:9443/devportal/apis/8ccd9be9-071b-457c-9fb9-8790e8ec66ef/credentials Mozilla/5.0 (X11; Linux x86_64) AppleWebKit/537.36 (KHTML, like Gecko) Chrome/120.0.0.0 Safari/537.36 0.007
127.0.0.1 - - [16/Jan/2024:14:23:35 +0000] GET /oauth2/token/.well-known/openid-configuration HTTP/1.1 200 2195 - Apache-HttpClient/4.5.13 (Java/11.0.10) 0.004
172.21.0.1 - - [16/Jan/2024:14:23:35 +0000] GET /api/am/devportal/v2/key-managers HTTP/1.1 200 586 https://localhost:9443/devportal/apis/8ccd9be9-071b-457c-9fb9-8790e8ec66ef/credentials Mozilla/5.0 (X11; Linux x86_64) AppleWebKit/537.36 (KHTML, like Gecko) Chrome/120.0.0.0 Safari/537.36 0.055
172.21.0.1 - - [16/Jan/2024:14:23:36 +0000] GET /api/am/devportal/v2/applications/a56847b6-9e03-42a3-a369-4d12a47e88f3 HTTP/1.1 200 321 https://localhost:9443/devportal/apis/8ccd9be9-071b-457c-9fb9-8790e8ec66ef/credentials Mozilla/5.0 (X11; Linux x86_64) AppleWebKit/537.36 (KHTML, like Gecko) Chrome/120.0.0.0 Safari/537.36 0.011
172.21.0.1 - - [16/Jan/2024:14:23:36 +0000] GET /api/am/devportal/v2/applications/a56847b6-9e03-42a3-a369-4d12a47e88f3 HTTP/1.1 200 321 https://localhost:9443/devportal/apis/8ccd9be9-071b-457c-9fb9-8790e8ec66ef/credentials Mozilla/5.0 (X11; Linux x86_64) AppleWebKit/537.36 (KHTML, like Gecko) Chrome/120.0.0.0 Safari/537.36 0.005
172.21.0.1 - - [16/Jan/2024:14:23:36 +0000] GET /api/am/devportal/v2/applications/a56847b6-9e03-42a3-a369-4d12a47e88f3/oauth-keys HTTP/1.1 200 21 https://localhost:9443/devportal/apis/8ccd9be9-071b-457c-9fb9-8790e8ec66ef/credentials Mozilla/5.0 (X11; Linux x86_64) AppleWebKit/537.36 (KHTML, like Gecko) Chrome/120.0.0.0 Safari/537.36 0.005
172.21.0.1 - - [16/Jan/2024:14:23:36 +0000] GET /api/am/devportal/v2/swagger.yaml HTTP/1.1 200 22477 https://localhost:9443/devportal/apis/8ccd9be9-071b-457c-9fb9-8790e8ec66ef/credentials Mozilla/5.0 (X11; Linux x86_64) AppleWebKit/537.36 (KHTML, like Gecko) Chrome/120.0.0.0 Safari/537.36 0.007
172.21.0.1 - - [16/Jan/2024:14:23:36 +0000] GET /api/am/devportal/v2/applications/a56847b6-9e03-42a3-a369-4d12a47e88f3 HTTP/1.1 200 321 https://localhost:9443/devportal/apis/8ccd9be9-071b-457c-9fb9-8790e8ec66ef/credentials Mozilla/5.0 (X11; Linux x86_64) AppleWebKit/537.36 (KHTML, like Gecko) Chrome/120.0.0.0 Safari/537.36 0.007
172.21.0.1 - - [16/Jan/2024:14:23:36 +0000] GET /api/am/devportal/v2/applications/a56847b6-9e03-42a3-a369-4d12a47e88f3/oauth-keys HTTP/1.1 200 21 https://localhost:9443/devportal/apis/8ccd9be9-071b-457c-9fb9-8790e8ec66ef/credentials Mozilla/5.0 (X11; Linux x86_64) AppleWebKit/537.36 (KHTML, like Gecko) Chrome/120.0.0.0 Safari/537.36 0.005
172.21.0.1 - - [16/Jan/2024:14:23:37 +0000] GET /api/am/devportal/v2/swagger.yaml HTTP/1.1 200 22477 https://localhost:9443/devportal/apis/8ccd9be9-071b-457c-9fb9-8790e8ec66ef/credentials Mozilla/5.0 (X11; Linux x86_64) AppleWebKit/537.36 (KHTML, like Gecko) Chrome/120.0.0.0 Safari/537.36 0.007
172.21.0.1 - - [16/Jan/2024:14:23:37 +0000] GET /api/am/devportal/v2/applications/a56847b6-9e03-42a3-a369-4d12a47e88f3 HTTP/1.1 200 321 https://localhost:9443/devportal/apis/8ccd9be9-071b-457c-9fb9-8790e8ec66ef/credentials Mozilla/5.0 (X11; Linux x86_64) AppleWebKit/537.36 (KHTML, like Gecko) Chrome/120.0.0.0 Safari/537.36 0.004
127.0.0.1 - - [16/Jan/2024:14:23:40 +0000] POST /keymanager-operations/dcr/register HTTP/1.1 201 560 - Apache-HttpClient/4.5.13 (Java/11.0.10) 0.739
127.0.0.1 - - [16/Jan/2024:14:23:40 +0000] POST /oauth2/token HTTP/1.1 200 1065 - Apache-HttpClient/4.5.13 (Java/11.0.10) 0.041
172.21.0.1 - - [16/Jan/2024:14:23:40 +0000] POST /api/am/devportal/v2/applications/a56847b6-9e03-42a3-a369-4d12a47e88f3/generate-keys HTTP/1.1 200 1170 https://localhost:9443/devportal/apis/8ccd9be9-071b-457c-9fb9-8790e8ec66ef/credentials Mozilla/5.0 (X11; Linux x86_64) AppleWebKit/537.36 (KHTML, like Gecko) Chrome/120.0.0.0 Safari/537.36 0.907
172.21.0.1 - - [16/Jan/2024:14:23:40 +0000] GET /api/am/devportal/v2/applications?limit=5000 HTTP/1.1 200 343 https://localhost:9443/devportal/apis/8ccd9be9-071b-457c-9fb9-8790e8ec66ef/credentials Mozilla/5.0 (X11; Linux x86_64) AppleWebKit/537.36 (KHTML, like Gecko) Chrome/120.0.0.0 Safari/537.36 0.010
172.21.0.1 - - [16/Jan/2024:14:23:40 +0000] GET /api/am/devportal/v2/apis/8ccd9be9-071b-457c-9fb9-8790e8ec66ef HTTP/1.1 200 946 https://localhost:9443/devportal/apis/8ccd9be9-071b-457c-9fb9-8790e8ec66ef/credentials Mozilla/5.0 (X11; Linux x86_64) AppleWebKit/537.36 (KHTML, like Gecko) Chrome/120.0.0.0 Safari/537.36 0.025
127.0.0.1 - - [16/Jan/2024:14:23:40 +0000] GET /keymanager-operations/dcr/register/jhYtVjnztTTcwdpeuHeSoZIZAcoa HTTP/1.1 200 560 - Apache-HttpClient/4.5.13 (Java/11.0.10) 0.017
127.0.0.1 - - [16/Jan/2024:14:23:40 +0000] GET /oauth2/token/.well-known/openid-configuration HTTP/1.1 200 2195 - Apache-HttpClient/4.5.13 (Java/11.0.10) 0.008
127.0.0.1 - - [16/Jan/2024:14:23:40 +0000] GET /keymanager-operations/dcr/register/jhYtVjnztTTcwdpeuHeSoZIZAcoa HTTP/1.1 200 560 - Apache-HttpClient/4.5.13 (Java/11.0.10) 0.006
127.0.0.1 - - [16/Jan/2024:14:23:40 +0000] GET /keymanager-operations/dcr/register/jhYtVjnztTTcwdpeuHeSoZIZAcoa HTTP/1.1 200 560 - Apache-HttpClient/4.5.13 (Java/11.0.10) 0.006
172.21.0.1 - - [16/Jan/2024:14:23:40 +0000] GET /api/am/devportal/v2/key-managers HTTP/1.1 200 586 https://localhost:9443/devportal/apis/8ccd9be9-071b-457c-9fb9-8790e8ec66ef/credentials Mozilla/5.0 (X11; Linux x86_64) AppleWebKit/537.36 (KHTML, like Gecko) Chrome/120.0.0.0 Safari/537.36 0.052
172.21.0.1 - - [16/Jan/2024:14:23:40 +0000] GET /api/am/devportal/v2/subscriptions?apiId=8ccd9be9-071b-457c-9fb9-8790e8ec66ef&limit=25 HTTP/1.1 200 617 https://localhost:9443/devportal/apis/8ccd9be9-071b-457c-9fb9-8790e8ec66ef/credentials Mozilla/5.0 (X11; Linux x86_64) AppleWebKit/537.36 (KHTML, like Gecko) Chrome/120.0.0.0 Safari/537.36 0.056
172.21.0.1 - - [16/Jan/2024:14:23:40 +0000] GET /api/am/devportal/v2/applications/a56847b6-9e03-42a3-a369-4d12a47e88f3/oauth-keys HTTP/1.1 200 708 https://localhost:9443/devportal/apis/8ccd9be9-071b-457c-9fb9-8790e8ec66ef/credentials Mozilla/5.0 (X11; Linux x86_64) AppleWebKit/537.36 (KHTML, like Gecko) Chrome/120.0.0.0 Safari/537.36 0.035
172.21.0.1 - - [16/Jan/2024:14:23:40 +0000] GET /api/am/devportal/v2/subscriptions?apiId=8ccd9be9-071b-457c-9fb9-8790e8ec66ef&limit=5000 HTTP/1.1 200 618 https://localhost:9443/devportal/apis/8ccd9be9-071b-457c-9fb9-8790e8ec66ef/credentials Mozilla/5.0 (X11; Linux x86_64) AppleWebKit/537.36 (KHTML, like Gecko) Chrome/120.0.0.0 Safari/537.36 0.060
127.0.0.1 - - [16/Jan/2024:14:23:43 +0000] GET /keymanager-operations/dcr/register/jhYtVjnztTTcwdpeuHeSoZIZAcoa HTTP/1.1 200 560 - Apache-HttpClient/4.5.13 (Java/11.0.10) 0.004
172.21.0.1 - - [16/Jan/2024:14:23:43 +0000] GET /api/am/devportal/v2/applications/a56847b6-9e03-42a3-a369-4d12a47e88f3/oauth-keys HTTP/1.1 200 708 https://localhost:9443/devportal/apis/8ccd9be9-071b-457c-9fb9-8790e8ec66ef/credentials Mozilla/5.0 (X11; Linux x86_64) AppleWebKit/537.36 (KHTML, like Gecko) Chrome/120.0.0.0 Safari/537.36 0.016
127.0.0.1 - - [16/Jan/2024:14:23:43 +0000] GET /keymanager-operations/dcr/register/jhYtVjnztTTcwdpeuHeSoZIZAcoa HTTP/1.1 200 560 - Apache-HttpClient/4.5.13 (Java/11.0.10) 0.003
127.0.0.1 - - [16/Jan/2024:14:23:43 +0000] POST /oauth2/token HTTP/1.1 200 1065 - Apache-HttpClient/4.5.13 (Java/11.0.10) 0.030
172.21.0.1 - - [16/Jan/2024:14:23:43 +0000] POST /api/am/devportal/v2/applications/a56847b6-9e03-42a3-a369-4d12a47e88f3/oauth-keys/7aed9985-002a-407b-a06b-4b7c42335799/generate-token HTTP/1.1 200 811 https://localhost:9443/devportal/apis/8ccd9be9-071b-457c-9fb9-8790e8ec66ef/credentials Mozilla/5.0 (X11; Linux x86_64) AppleWebKit/537.36 (KHTML, like Gecko) Chrome/120.0.0.0 Safari/537.36 0.065
172.21.0.1 - - [16/Jan/2024:14:23:46 +0000] GET /devportal/site/public/images/_favicon.ico HTTP/1.1 200 1150 https://localhost:9443/devportal/apis/8ccd9be9-071b-457c-9fb9-8790e8ec66ef/test Mozilla/5.0 (X11; Linux x86_64) AppleWebKit/537.36 (KHTML, like Gecko) Chrome/120.0.0.0 Safari/537.36 0.002
172.21.0.1 - - [16/Jan/2024:14:23:46 +0000] GET /api/am/devportal/v2/apis/8ccd9be9-071b-457c-9fb9-8790e8ec66ef HTTP/1.1 200 946 https://localhost:9443/devportal/apis/8ccd9be9-071b-457c-9fb9-8790e8ec66ef/test Mozilla/5.0 (X11; Linux x86_64) AppleWebKit/537.36 (KHTML, like Gecko) Chrome/120.0.0.0 Safari/537.36 0.015
172.21.0.1 - - [16/Jan/2024:14:23:46 +0000] GET /api/am/devportal/v2/apis/8ccd9be9-071b-457c-9fb9-8790e8ec66ef/swagger?environmentName=Default HTTP/1.1 200 913 https://localhost:9443/devportal/apis/8ccd9be9-071b-457c-9fb9-8790e8ec66ef/test Mozilla/5.0 (X11; Linux x86_64) AppleWebKit/537.36 (KHTML, like Gecko) Chrome/120.0.0.0 Safari/537.36 0.011
172.21.0.1 - - [16/Jan/2024:14:23:46 +0000] GET /api/am/devportal/v2/swagger.yaml HTTP/1.1 200 22477 https://localhost:9443/devportal/apis/8ccd9be9-071b-457c-9fb9-8790e8ec66ef/test Mozilla/5.0 (X11; Linux x86_64) AppleWebKit/537.36 (KHTML, like Gecko) Chrome/120.0.0.0 Safari/537.36 0.007
127.0.0.1 - - [16/Jan/2024:14:23:46 +0000] GET /keymanager-operations/dcr/register/jhYtVjnztTTcwdpeuHeSoZIZAcoa HTTP/1.1 200 560 - Apache-HttpClient/4.5.13 (Java/11.0.10) 0.007
127.0.0.1 - - [16/Jan/2024:14:23:46 +0000] GET /oauth2/token/.well-known/openid-configuration HTTP/1.1 200 2195 - Apache-HttpClient/4.5.13 (Java/11.0.10) 0.005
172.21.0.1 - - [16/Jan/2024:14:23:46 +0000] GET /api/am/devportal/v2/key-managers HTTP/1.1 200 586 https://localhost:9443/devportal/apis/8ccd9be9-071b-457c-9fb9-8790e8ec66ef/test Mozilla/5.0 (X11; Linux x86_64) AppleWebKit/537.36 (KHTML, like Gecko) Chrome/120.0.0.0 Safari/537.36 0.033
172.21.0.1 - - [16/Jan/2024:14:23:46 +0000] GET /api/am/devportal/v2/subscriptions?apiId=8ccd9be9-071b-457c-9fb9-8790e8ec66ef&limit=25 HTTP/1.1 200 617 https://localhost:9443/devportal/apis/8ccd9be9-071b-457c-9fb9-8790e8ec66ef/test Mozilla/5.0 (X11; Linux x86_64) AppleWebKit/537.36 (KHTML, like Gecko) Chrome/120.0.0.0 Safari/537.36 0.034
127.0.0.1 - - [16/Jan/2024:14:23:46 +0000] GET /keymanager-operations/dcr/register/jhYtVjnztTTcwdpeuHeSoZIZAcoa HTTP/1.1 200 560 - Apache-HttpClient/4.5.13 (Java/11.0.10) 0.004
172.21.0.1 - - [16/Jan/2024:14:23:46 +0000] GET /api/am/devportal/v2/subscriptions?apiId=8ccd9be9-071b-457c-9fb9-8790e8ec66ef&limit=25 HTTP/1.1 200 617 https://localhost:9443/devportal/apis/8ccd9be9-071b-457c-9fb9-8790e8ec66ef/test Mozilla/5.0 (X11; Linux x86_64) AppleWebKit/537.36 (KHTML, like Gecko) Chrome/120.0.0.0 Safari/537.36 0.025
172.21.0.1 - - [16/Jan/2024:14:23:46 +0000] GET /api/am/devportal/v2/applications/ HTTP/1.1 200 341 https://localhost:9443/devportal/apis/8ccd9be9-071b-457c-9fb9-8790e8ec66ef/test Mozilla/5.0 (X11; Linux x86_64) AppleWebKit/537.36 (KHTML, like Gecko) Chrome/120.0.0.0 Safari/537.36 0.007
172.21.0.1 - - [16/Jan/2024:14:23:46 +0000] GET /api/am/devportal/v2/swagger.yaml HTTP/1.1 200 22477 https://localhost:9443/devportal/apis/8ccd9be9-071b-457c-9fb9-8790e8ec66ef/test Mozilla/5.0 (X11; Linux x86_64) AppleWebKit/537.36 (KHTML, like Gecko) Chrome/120.0.0.0 Safari/537.36 0.007
127.0.0.1 - - [16/Jan/2024:14:23:46 +0000] GET /keymanager-operations/dcr/register/jhYtVjnztTTcwdpeuHeSoZIZAcoa HTTP/1.1 200 560 - Apache-HttpClient/4.5.13 (Java/11.0.10) 0.003
172.21.0.1 - - [16/Jan/2024:14:23:46 +0000] GET /api/am/devportal/v2/applications/a56847b6-9e03-42a3-a369-4d12a47e88f3 HTTP/1.1 200 321 https://localhost:9443/devportal/apis/8ccd9be9-071b-457c-9fb9-8790e8ec66ef/test Mozilla/5.0 (X11; Linux x86_64) AppleWebKit/537.36 (KHTML, like Gecko) Chrome/120.0.0.0 Safari/537.36 0.012
127.0.0.1 - - [16/Jan/2024:14:23:46 +0000] GET /keymanager-operations/dcr/register/jhYtVjnztTTcwdpeuHeSoZIZAcoa HTTP/1.1 200 560 - Apache-HttpClient/4.5.13 (Java/11.0.10) 0.003
172.21.0.1 - - [16/Jan/2024:14:23:46 +0000] GET /api/am/devportal/v2/applications/a56847b6-9e03-42a3-a369-4d12a47e88f3/oauth-keys HTTP/1.1 200 708 https://localhost:9443/devportal/apis/8ccd9be9-071b-457c-9fb9-8790e8ec66ef/test Mozilla/5.0 (X11; Linux x86_64) AppleWebKit/537.36 (KHTML, like Gecko) Chrome/120.0.0.0 Safari/537.36 0.010
172.21.0.1 - - [16/Jan/2024:14:23:47 +0000] GET /api/am/devportal/v2/swagger.yaml HTTP/1.1 200 22477 https://localhost:9443/devportal/apis/8ccd9be9-071b-457c-9fb9-8790e8ec66ef/test Mozilla/5.0 (X11; Linux x86_64) AppleWebKit/537.36 (KHTML, like Gecko) Chrome/120.0.0.0 Safari/537.36 0.007
127.0.0.1 - - [16/Jan/2024:14:23:47 +0000] GET /keymanager-operations/dcr/register/jhYtVjnztTTcwdpeuHeSoZIZAcoa HTTP/1.1 200 560 - Apache-HttpClient/4.5.13 (Java/11.0.10) 0.004
172.21.0.1 - - [16/Jan/2024:14:23:47 +0000] GET /api/am/devportal/v2/applications/a56847b6-9e03-42a3-a369-4d12a47e88f3 HTTP/1.1 200 321 https://localhost:9443/devportal/apis/8ccd9be9-071b-457c-9fb9-8790e8ec66ef/test Mozilla/5.0 (X11; Linux x86_64) AppleWebKit/537.36 (KHTML, like Gecko) Chrome/120.0.0.0 Safari/537.36 0.012
127.0.0.1 - - [16/Jan/2024:14:23:47 +0000] GET /keymanager-operations/dcr/register/jhYtVjnztTTcwdpeuHeSoZIZAcoa HTTP/1.1 200 560 - Apache-HttpClient/4.5.13 (Java/11.0.10) 0.004
172.21.0.1 - - [16/Jan/2024:14:23:47 +0000] GET /api/am/devportal/v2/applications/a56847b6-9e03-42a3-a369-4d12a47e88f3/oauth-keys HTTP/1.1 200 708 https://localhost:9443/devportal/apis/8ccd9be9-071b-457c-9fb9-8790e8ec66ef/test Mozilla/5.0 (X11; Linux x86_64) AppleWebKit/537.36 (KHTML, like Gecko) Chrome/120.0.0.0 Safari/537.36 0.011
127.0.0.1 - - [16/Jan/2024:14:23:58 +0000] GET /oauth2/jwks HTTP/1.1 200 511 - Apache-HttpClient/4.5.13 (Java/11.0.10) 0.043
127.0.0.1 - - [16/Jan/2024:14:24:39 +0000] GET /oauth2/jwks HTTP/1.1 200 511 - Apache-HttpClient/4.5.13 (Java/11.0.10) 0.003
172.21.0.1 - - [16/Jan/2024:14:28:36 +0000] - 400 - - - 0.000
172.21.0.1 - - [16/Jan/2024:14:28:36 +0000] GET /devportal/site/public/images/_favicon.ico HTTP/1.1 200 1150 https://localhost:9443/devportal/apis/8ccd9be9-071b-457c-9fb9-8790e8ec66ef/credentials Mozilla/5.0 (X11; Linux x86_64) AppleWebKit/537.36 (KHTML, like Gecko) Chrome/120.0.0.0 Safari/537.36 0.002
172.21.0.1 - - [16/Jan/2024:14:28:37 +0000] GET /devportal/site/public/dist/ApiListing.f5e80933dee0feadf636.bundle.js HTTP/1.1 200 6050 https://localhost:9443/devportal/applications Mozilla/5.0 (X11; Linux x86_64) AppleWebKit/537.36 (KHTML, like Gecko) Chrome/120.0.0.0 Safari/537.36 0.003
172.21.0.1 - - [16/Jan/2024:14:28:37 +0000] GET /devportal/site/public/images/_favicon.ico HTTP/1.1 200 1150 https://localhost:9443/devportal/applications Mozilla/5.0 (X11; Linux x86_64) AppleWebKit/537.36 (KHTML, like Gecko) Chrome/120.0.0.0 Safari/537.36 0.001
172.21.0.1 - - [16/Jan/2024:14:28:37 +0000] GET /api/am/devportal/v2/swagger.yaml HTTP/1.1 200 22477 https://localhost:9443/devportal/applications Mozilla/5.0 (X11; Linux x86_64) AppleWebKit/537.36 (KHTML, like Gecko) Chrome/120.0.0.0 Safari/537.36 0.012
172.21.0.1 - - [16/Jan/2024:14:28:38 +0000] GET /api/am/devportal/v2/applications?sortBy=name&sortOrder=asc&limit=10&offset=0 HTTP/1.1 200 341 https://localhost:9443/devportal/applications Mozilla/5.0 (X11; Linux x86_64) AppleWebKit/537.36 (KHTML, like Gecko) Chrome/120.0.0.0 Safari/537.36 0.084
172.21.0.1 - - [16/Jan/2024:14:28:41 +0000] GET /api/am/devportal/v2/swagger.yaml HTTP/1.1 200 22477 https://localhost:9443/devportal/applications/a56847b6-9e03-42a3-a369-4d12a47e88f3/edit/ Mozilla/5.0 (X11; Linux x86_64) AppleWebKit/537.36 (KHTML, like Gecko) Chrome/120.0.0.0 Safari/537.36 0.007
172.21.0.1 - - [16/Jan/2024:14:28:41 +0000] - 400 - - - 0.000
172.21.0.1 - - [16/Jan/2024:14:28:41 +0000] - 400 - - - 0.000
172.21.0.1 - - [16/Jan/2024:14:28:41 +0000] GET /api/am/devportal/v2/throttling-policies/application HTTP/1.1 200 473 https://localhost:9443/devportal/applications/a56847b6-9e03-42a3-a369-4d12a47e88f3/edit/ Mozilla/5.0 (X11; Linux x86_64) AppleWebKit/537.36 (KHTML, like Gecko) Chrome/120.0.0.0 Safari/537.36 0.012
172.21.0.1 - - [16/Jan/2024:14:28:41 +0000] - 400 - - - 0.000
172.21.0.1 - - [16/Jan/2024:14:28:41 +0000] GET /devportal/site/public/images/_favicon.ico HTTP/1.1 200 1150 https://localhost:9443/devportal/applications/a56847b6-9e03-42a3-a369-4d12a47e88f3/edit/ Mozilla/5.0 (X11; Linux x86_64) AppleWebKit/537.36 (KHTML, like Gecko) Chrome/120.0.0.0 Safari/537.36 0.003
172.21.0.1 - - [16/Jan/2024:14:28:41 +0000] GET /api/am/devportal/v2/settings/application-attributes HTTP/1.1 200 21 https://localhost:9443/devportal/applications/a56847b6-9e03-42a3-a369-4d12a47e88f3/edit/ Mozilla/5.0 (X11; Linux x86_64) AppleWebKit/537.36 (KHTML, like Gecko) Chrome/120.0.0.0 Safari/537.36 0.012
127.0.0.1 - - [16/Jan/2024:14:28:41 +0000] GET /keymanager-operations/dcr/register/jhYtVjnztTTcwdpeuHeSoZIZAcoa HTTP/1.1 200 560 - Apache-HttpClient/4.5.13 (Java/11.0.10) 0.007
172.21.0.1 - - [16/Jan/2024:14:28:41 +0000] GET /api/am/devportal/v2/applications/a56847b6-9e03-42a3-a369-4d12a47e88f3 HTTP/1.1 200 321 https://localhost:9443/devportal/applications/a56847b6-9e03-42a3-a369-4d12a47e88f3/edit/ Mozilla/5.0 (X11; Linux x86_64) AppleWebKit/537.36 (KHTML, like Gecko) Chrome/120.0.0.0 Safari/537.36 0.035
172.21.0.1 - - [16/Jan/2024:14:28:43 +0000] GET /api/am/devportal/v2/swagger.yaml HTTP/1.1 200 22477 https://localhost:9443/devportal/applications/ Mozilla/5.0 (X11; Linux x86_64) AppleWebKit/537.36 (KHTML, like Gecko) Chrome/120.0.0.0 Safari/537.36 0.007
172.21.0.1 - - [16/Jan/2024:14:28:44 +0000] GET /devportal/site/public/images/_favicon.ico HTTP/1.1 200 1150 https://localhost:9443/devportal/applications/ Mozilla/5.0 (X11; Linux x86_64) AppleWebKit/537.36 (KHTML, like Gecko) Chrome/120.0.0.0 Safari/537.36 0.001
172.21.0.1 - - [16/Jan/2024:14:28:44 +0000] GET /api/am/devportal/v2/applications?sortBy=name&sortOrder=asc&limit=10&offset=0 HTTP/1.1 200 341 https://localhost:9443/devportal/applications/ Mozilla/5.0 (X11; Linux x86_64) AppleWebKit/537.36 (KHTML, like Gecko) Chrome/120.0.0.0 Safari/537.36 0.006
172.21.0.1 - - [16/Jan/2024:14:28:45 +0000] GET /devportal/site/public/dist/ApplicationDetails.b6a354cc8d745b146434.bundle.js HTTP/1.1 200 29161 https://localhost:9443/devportal/applications/a56847b6-9e03-42a3-a369-4d12a47e88f3 Mozilla/5.0 (X11; Linux x86_64) AppleWebKit/537.36 (KHTML, like Gecko) Chrome/120.0.0.0 Safari/537.36 0.010
172.21.0.1 - - [16/Jan/2024:14:28:45 +0000] GET /devportal/site/public/dist/vendors~ApplicationDetails.e7ca0e6710500dedd7e0.bundle.js HTTP/1.1 200 33024 https://localhost:9443/devportal/applications/a56847b6-9e03-42a3-a369-4d12a47e88f3 Mozilla/5.0 (X11; Linux x86_64) AppleWebKit/537.36 (KHTML, like Gecko) Chrome/120.0.0.0 Safari/537.36 0.012
172.21.0.1 - - [16/Jan/2024:14:28:45 +0000] GET /devportal/site/public/images/_favicon.ico HTTP/1.1 200 1150 https://localhost:9443/devportal/applications/a56847b6-9e03-42a3-a369-4d12a47e88f3 Mozilla/5.0 (X11; Linux x86_64) AppleWebKit/537.36 (KHTML, like Gecko) Chrome/120.0.0.0 Safari/537.36 0.003
127.0.0.1 - - [16/Jan/2024:14:28:45 +0000] GET /keymanager-operations/dcr/register/jhYtVjnztTTcwdpeuHeSoZIZAcoa HTTP/1.1 200 560 - Apache-HttpClient/4.5.13 (Java/11.0.10) 0.004
172.21.0.1 - - [16/Jan/2024:14:28:45 +0000] GET /api/am/devportal/v2/applications/a56847b6-9e03-42a3-a369-4d12a47e88f3 HTTP/1.1 200 321 https://localhost:9443/devportal/applications/a56847b6-9e03-42a3-a369-4d12a47e88f3 Mozilla/5.0 (X11; Linux x86_64) AppleWebKit/537.36 (KHTML, like Gecko) Chrome/120.0.0.0 Safari/537.36 0.016
172.21.0.1 - - [16/Jan/2024:14:28:45 +0000] GET /devportal/site/public/images/leftMenuBack.png HTTP/1.1 200 5308 https://localhost:9443/devportal/applications/a56847b6-9e03-42a3-a369-4d12a47e88f3/overview Mozilla/5.0 (X11; Linux x86_64) AppleWebKit/537.36 (KHTML, like Gecko) Chrome/120.0.0.0 Safari/537.36 0.002
127.0.0.1 - - [16/Jan/2024:14:28:45 +0000] GET /keymanager-operations/dcr/register/jhYtVjnztTTcwdpeuHeSoZIZAcoa HTTP/1.1 200 560 - Apache-HttpClient/4.5.13 (Java/11.0.10) 0.005
172.21.0.1 - - [16/Jan/2024:14:28:45 +0000] GET /devportal/site/public/images/_favicon.ico HTTP/1.1 200 1150 https://localhost:9443/devportal/applications/a56847b6-9e03-42a3-a369-4d12a47e88f3/overview Mozilla/5.0 (X11; Linux x86_64) AppleWebKit/537.36 (KHTML, like Gecko) Chrome/120.0.0.0 Safari/537.36 0.002
172.21.0.1 - - [16/Jan/2024:14:28:45 +0000] GET /api/am/devportal/v2/applications/a56847b6-9e03-42a3-a369-4d12a47e88f3 HTTP/1.1 200 321 https://localhost:9443/devportal/applications/a56847b6-9e03-42a3-a369-4d12a47e88f3/overview Mozilla/5.0 (X11; Linux x86_64) AppleWebKit/537.36 (KHTML, like Gecko) Chrome/120.0.0.0 Safari/537.36 0.016
127.0.0.1 - - [16/Jan/2024:14:28:45 +0000] GET /keymanager-operations/dcr/register/jhYtVjnztTTcwdpeuHeSoZIZAcoa HTTP/1.1 200 560 - Apache-HttpClient/4.5.13 (Java/11.0.10) 0.008
172.21.0.1 - - [16/Jan/2024:14:28:45 +0000] GET /api/am/devportal/v2/applications/a56847b6-9e03-42a3-a369-4d12a47e88f3 HTTP/1.1 200 321 https://localhost:9443/devportal/applications/a56847b6-9e03-42a3-a369-4d12a47e88f3/overview Mozilla/5.0 (X11; Linux x86_64) AppleWebKit/537.36 (KHTML, like Gecko) Chrome/120.0.0.0 Safari/537.36 0.018
172.21.0.1 - - [16/Jan/2024:14:28:45 +0000] GET /api/am/devportal/v2/throttling-policies/application/Unlimited HTTP/1.1 200 490 https://localhost:9443/devportal/applications/a56847b6-9e03-42a3-a369-4d12a47e88f3/overview Mozilla/5.0 (X11; Linux x86_64) AppleWebKit/537.36 (KHTML, like Gecko) Chrome/120.0.0.0 Safari/537.36 0.007
172.21.0.1 - - [16/Jan/2024:14:28:45 +0000] GET /api/am/devportal/v2/throttling-policies/application/Unlimited HTTP/1.1 200 490 https://localhost:9443/devportal/applications/a56847b6-9e03-42a3-a369-4d12a47e88f3/overview Mozilla/5.0 (X11; Linux x86_64) AppleWebKit/537.36 (KHTML, like Gecko) Chrome/120.0.0.0 Safari/537.36 0.004
127.0.0.1 - - [16/Jan/2024:14:28:45 +0000] GET /keymanager-operations/dcr/register/jhYtVjnztTTcwdpeuHeSoZIZAcoa HTTP/1.1 200 560 - Apache-HttpClient/4.5.13 (Java/11.0.10) 0.005
172.21.0.1 - - [16/Jan/2024:14:28:45 +0000] GET /devportal/site/public/images/_favicon.ico HTTP/1.1 200 1150 https://localhost:9443/devportal/applications/a56847b6-9e03-42a3-a369-4d12a47e88f3/subscriptions Mozilla/5.0 (X11; Linux x86_64) AppleWebKit/537.36 (KHTML, like Gecko) Chrome/120.0.0.0 Safari/537.36 0.002
172.21.0.1 - - [16/Jan/2024:14:28:45 +0000] GET /api/am/devportal/v2/subscriptions?applicationId=a56847b6-9e03-42a3-a369-4d12a47e88f3&limit=1000 HTTP/1.1 200 586 https://localhost:9443/devportal/applications/a56847b6-9e03-42a3-a369-4d12a47e88f3/subscriptions Mozilla/5.0 (X11; Linux x86_64) AppleWebKit/537.36 (KHTML, like Gecko) Chrome/120.0.0.0 Safari/537.36 0.026
172.21.0.1 - - [16/Jan/2024:14:28:45 +0000] GET /api/am/devportal/v2/subscriptions/71199a72-046f-4f71-a772-7e73332a9fee HTTP/1.1 200 566 https://localhost:9443/devportal/applications/a56847b6-9e03-42a3-a369-4d12a47e88f3/subscriptions Mozilla/5.0 (X11; Linux x86_64) AppleWebKit/537.36 (KHTML, like Gecko) Chrome/120.0.0.0 Safari/537.36 0.014
172.21.0.1 - - [16/Jan/2024:14:28:45 +0000] GET /api/am/devportal/v2/apis/8ccd9be9-071b-457c-9fb9-8790e8ec66ef HTTP/1.1 200 946 https://localhost:9443/devportal/applications/a56847b6-9e03-42a3-a369-4d12a47e88f3/subscriptions Mozilla/5.0 (X11; Linux x86_64) AppleWebKit/537.36 (KHTML, like Gecko) Chrome/120.0.0.0 Safari/537.36 0.021
172.21.0.1 - - [16/Jan/2024:14:28:45 +0000] GET /api/am/devportal/v2/throttling-policies/subscription/Unlimited HTTP/1.1 200 491 https://localhost:9443/devportal/applications/a56847b6-9e03-42a3-a369-4d12a47e88f3/subscriptions Mozilla/5.0 (X11; Linux x86_64) AppleWebKit/537.36 (KHTML, like Gecko) Chrome/120.0.0.0 Safari/537.36 0.004
172.21.0.1 - - [16/Jan/2024:14:28:45 +0000] GET /api/am/devportal/v2/apis/8ccd9be9-071b-457c-9fb9-8790e8ec66ef HTTP/1.1 200 946 https://localhost:9443/devportal/applications/a56847b6-9e03-42a3-a369-4d12a47e88f3/subscriptions Mozilla/5.0 (X11; Linux x86_64) AppleWebKit/537.36 (KHTML, like Gecko) Chrome/120.0.0.0 Safari/537.36 0.015
172.21.0.1 - - [16/Jan/2024:14:28:48 +0000] DELETE /api/am/devportal/v2/subscriptions/71199a72-046f-4f71-a772-7e73332a9fee HTTP/1.1 200 - https://localhost:9443/devportal/applications/a56847b6-9e03-42a3-a369-4d12a47e88f3/subscriptions Mozilla/5.0 (X11; Linux x86_64) AppleWebKit/537.36 (KHTML, like Gecko) Chrome/120.0.0.0 Safari/537.36 0.011
172.21.0.1 - - [16/Jan/2024:14:28:51 +0000] DELETE /api/am/publisher/v2/apis/8ccd9be9-071b-457c-9fb9-8790e8ec66ef HTTP/1.1 200 - https://localhost:9443/publisher/apis/8ccd9be9-071b-457c-9fb9-8790e8ec66ef/overview Mozilla/5.0 (X11; Linux x86_64) AppleWebKit/537.36 (KHTML, like Gecko) Chrome/120.0.0.0 Safari/537.36 0.097
172.21.0.1 - - [16/Jan/2024:14:28:51 +0000] GET /api/am/publisher/v2/apis?limit=10&offset=0 HTTP/1.1 200 92 https://localhost:9443/publisher/apis Mozilla/5.0 (X11; Linux x86_64) AppleWebKit/537.36 (KHTML, like Gecko) Chrome/120.0.0.0 Safari/537.36 0.019
172.21.0.1 - - [16/Jan/2024:14:28:51 +0000] GET /publisher/site/public/images/landing-icons/restapi.svg HTTP/1.1 200 5067 https://localhost:9443/publisher/apis Mozilla/5.0 (X11; Linux x86_64) AppleWebKit/537.36 (KHTML, like Gecko) Chrome/120.0.0.0 Safari/537.36 0.002
172.21.0.1 - - [16/Jan/2024:14:28:51 +0000] GET /publisher/site/public/images/landing-icons/soapapi.svg HTTP/1.1 200 4523 https://localhost:9443/publisher/apis Mozilla/5.0 (X11; Linux x86_64) AppleWebKit/537.36 (KHTML, like Gecko) Chrome/120.0.0.0 Safari/537.36 0.003
172.21.0.1 - - [16/Jan/2024:14:28:51 +0000] GET /publisher/site/public/images/landing-icons/graphqlapi.svg HTTP/1.1 200 6208 https://localhost:9443/publisher/apis Mozilla/5.0 (X11; Linux x86_64) AppleWebKit/537.36 (KHTML, like Gecko) Chrome/120.0.0.0 Safari/537.36 0.002
172.21.0.1 - - [16/Jan/2024:14:28:51 +0000] - 400 - - - 0.000
172.21.0.1 - - [16/Jan/2024:14:28:51 +0000] GET /publisher/site/public/images/landing-icons/streamingapi.svg HTTP/1.1 200 3457 https://localhost:9443/publisher/apis Mozilla/5.0 (X11; Linux x86_64) AppleWebKit/537.36 (KHTML, like Gecko) Chrome/120.0.0.0 Safari/537.36 0.002
172.21.0.1 - - [16/Jan/2024:14:28:57 +0000] GET /publisher/site/public/dist/APICreateRoutes.540a782d9203f390c626.bundle.js HTTP/1.1 200 12921 https://localhost:9443/publisher/apis/create/rest Mozilla/5.0 (X11; Linux x86_64) AppleWebKit/537.36 (KHTML, like Gecko) Chrome/120.0.0.0 Safari/537.36 0.006
172.21.0.1 - - [16/Jan/2024:14:28:57 +0000] GET /api/am/publisher/v2/throttling-policies/subscription HTTP/1.1 200 407 https://localhost:9443/publisher/apis/create/rest Mozilla/5.0 (X11; Linux x86_64) AppleWebKit/537.36 (KHTML, like Gecko) Chrome/120.0.0.0 Safari/537.36 0.005
172.21.0.1 - - [16/Jan/2024:14:29:08 +0000] GET /api/am/publisher/v2/search?limit=1&offset=0&query=name%3Ajsonplaceholder HTTP/1.1 200 91 https://localhost:9443/publisher/apis/create/rest Mozilla/5.0 (X11; Linux x86_64) AppleWebKit/537.36 (KHTML, like Gecko) Chrome/120.0.0.0 Safari/537.36 0.020
172.21.0.1 - - [16/Jan/2024:14:29:14 +0000] GET /api/am/publisher/v2/search?limit=1&offset=0&query=context%3A%2Fjson-placeholder HTTP/1.1 200 91 https://localhost:9443/publisher/apis/create/rest Mozilla/5.0 (X11; Linux x86_64) AppleWebKit/537.36 (KHTML, like Gecko) Chrome/120.0.0.0 Safari/537.36 0.022
172.21.0.1 - - [16/Jan/2024:14:29:16 +0000] GET /api/am/publisher/v2/search?limit=1&offset=0&query=context%3A%2Fjson-placeholder%2Fv1 HTTP/1.1 200 91 https://localhost:9443/publisher/apis/create/rest Mozilla/5.0 (X11; Linux x86_64) AppleWebKit/537.36 (KHTML, like Gecko) Chrome/120.0.0.0 Safari/537.36 0.023
172.21.0.1 - - [16/Jan/2024:14:29:23 +0000] POST /api/am/publisher/v2/apis?openAPIVersion=v3 HTTP/1.1 201 1095 https://localhost:9443/publisher/apis/create/rest Mozilla/5.0 (X11; Linux x86_64) AppleWebKit/537.36 (KHTML, like Gecko) Chrome/120.0.0.0 Safari/537.36 0.205
172.21.0.1 - - [16/Jan/2024:14:29:23 +0000] GET /api/am/publisher/v2/tenants?state=active HTTP/1.1 200 96 https://localhost:9443/publisher/apis/8b05a2c6-cd79-417d-b762-93994127c08d/overview Mozilla/5.0 (X11; Linux x86_64) AppleWebKit/537.36 (KHTML, like Gecko) Chrome/120.0.0.0 Safari/537.36 0.005
172.21.0.1 - - [16/Jan/2024:14:29:23 +0000] GET /api/am/publisher/v2/apis/8b05a2c6-cd79-417d-b762-93994127c08d HTTP/1.1 200 1098 https://localhost:9443/publisher/apis/8b05a2c6-cd79-417d-b762-93994127c08d/overview Mozilla/5.0 (X11; Linux x86_64) AppleWebKit/537.36 (KHTML, like Gecko) Chrome/120.0.0.0 Safari/537.36 0.021
172.21.0.1 - - [16/Jan/2024:14:29:24 +0000] GET /api/am/publisher/v2/apis/8b05a2c6-cd79-417d-b762-93994127c08d/revisions HTTP/1.1 200 21 https://localhost:9443/publisher/apis/8b05a2c6-cd79-417d-b762-93994127c08d/overview Mozilla/5.0 (X11; Linux x86_64) AppleWebKit/537.36 (KHTML, like Gecko) Chrome/120.0.0.0 Safari/537.36 0.004
172.21.0.1 - - [16/Jan/2024:14:29:24 +0000] GET /api/am/publisher/v2/apis/8b05a2c6-cd79-417d-b762-93994127c08d/revisions?query=deployed%3Atrue HTTP/1.1 200 21 https://localhost:9443/publisher/apis/8b05a2c6-cd79-417d-b762-93994127c08d/overview Mozilla/5.0 (X11; Linux x86_64) AppleWebKit/537.36 (KHTML, like Gecko) Chrome/120.0.0.0 Safari/537.36 0.004
172.21.0.1 - - [16/Jan/2024:14:29:24 +0000] GET /api/am/publisher/v2/apis/8b05a2c6-cd79-417d-b762-93994127c08d/revisions?query=deployed%3Atrue HTTP/1.1 200 21 https://localhost:9443/publisher/apis/8b05a2c6-cd79-417d-b762-93994127c08d/overview Mozilla/5.0 (X11; Linux x86_64) AppleWebKit/537.36 (KHTML, like Gecko) Chrome/120.0.0.0 Safari/537.36 0.005
172.21.0.1 - - [16/Jan/2024:14:29:24 +0000] - 400 - - - 0.000
172.21.0.1 - - [16/Jan/2024:14:29:24 +0000] GET /api/am/publisher/v2/apis/8b05a2c6-cd79-417d-b762-93994127c08d/swagger HTTP/1.1 200 700 https://localhost:9443/publisher/apis/8b05a2c6-cd79-417d-b762-93994127c08d/overview Mozilla/5.0 (X11; Linux x86_64) AppleWebKit/537.36 (KHTML, like Gecko) Chrome/120.0.0.0 Safari/537.36 0.020
172.21.0.1 - - [16/Jan/2024:14:29:24 +0000] GET /api/am/publisher/v2/apis/8b05a2c6-cd79-417d-b762-93994127c08d/revisions?query=deployed%3Atrue HTTP/1.1 200 21 https://localhost:9443/publisher/apis/8b05a2c6-cd79-417d-b762-93994127c08d/overview Mozilla/5.0 (X11; Linux x86_64) AppleWebKit/537.36 (KHTML, like Gecko) Chrome/120.0.0.0 Safari/537.36 0.005
172.21.0.1 - - [16/Jan/2024:14:29:24 +0000] GET /api/am/publisher/v2/apis/8b05a2c6-cd79-417d-b762-93994127c08d/swagger HTTP/1.1 200 700 https://localhost:9443/publisher/apis/8b05a2c6-cd79-417d-b762-93994127c08d/overview Mozilla/5.0 (X11; Linux x86_64) AppleWebKit/537.36 (KHTML, like Gecko) Chrome/120.0.0.0 Safari/537.36 0.016
172.21.0.1 - - [16/Jan/2024:14:29:24 +0000] GET /api/am/publisher/v2/apis/8b05a2c6-cd79-417d-b762-93994127c08d/revisions?query=deployed%3Atrue HTTP/1.1 200 21 https://localhost:9443/publisher/apis/8b05a2c6-cd79-417d-b762-93994127c08d/overview Mozilla/5.0 (X11; Linux x86_64) AppleWebKit/537.36 (KHTML, like Gecko) Chrome/120.0.0.0 Safari/537.36 0.009
172.21.0.1 - - [16/Jan/2024:14:29:24 +0000] GET /api/am/publisher/v2/apis/8b05a2c6-cd79-417d-b762-93994127c08d/swagger HTTP/1.1 200 700 https://localhost:9443/publisher/apis/8b05a2c6-cd79-417d-b762-93994127c08d/overview Mozilla/5.0 (X11; Linux x86_64) AppleWebKit/537.36 (KHTML, like Gecko) Chrome/120.0.0.0 Safari/537.36 0.025
172.21.0.1 - - [16/Jan/2024:14:29:26 +0000] POST /api/am/publisher/v2/apis/8b05a2c6-cd79-417d-b762-93994127c08d/revisions HTTP/1.1 201 193 https://localhost:9443/publisher/apis/8b05a2c6-cd79-417d-b762-93994127c08d/deployments Mozilla/5.0 (X11; Linux x86_64) AppleWebKit/537.36 (KHTML, like Gecko) Chrome/120.0.0.0 Safari/537.36 0.058
172.21.0.1 - - [16/Jan/2024:14:29:26 +0000] POST /api/am/publisher/v2/apis/8b05a2c6-cd79-417d-b762-93994127c08d/deploy-revision?revisionId=9e011e96-1662-4e66-8922-ef7577730aaa HTTP/1.1 201 149 https://localhost:9443/publisher/apis/8b05a2c6-cd79-417d-b762-93994127c08d/deployments Mozilla/5.0 (X11; Linux x86_64) AppleWebKit/537.36 (KHTML, like Gecko) Chrome/120.0.0.0 Safari/537.36 0.017
172.21.0.1 - - [16/Jan/2024:14:29:27 +0000] GET /api/am/publisher/v2/apis/8b05a2c6-cd79-417d-b762-93994127c08d/revisions?query=deployed%3Atrue HTTP/1.1 200 327 https://localhost:9443/publisher/apis/8b05a2c6-cd79-417d-b762-93994127c08d/deployments Mozilla/5.0 (X11; Linux x86_64) AppleWebKit/537.36 (KHTML, like Gecko) Chrome/120.0.0.0 Safari/537.36 0.006
172.21.0.1 - - [16/Jan/2024:14:29:27 +0000] GET /api/am/publisher/v2/apis/8b05a2c6-cd79-417d-b762-93994127c08d/revisions HTTP/1.1 200 327 https://localhost:9443/publisher/apis/8b05a2c6-cd79-417d-b762-93994127c08d/deployments Mozilla/5.0 (X11; Linux x86_64) AppleWebKit/537.36 (KHTML, like Gecko) Chrome/120.0.0.0 Safari/537.36 0.007
127.0.0.1 - - [16/Jan/2024:14:29:27 +0000] GET /internal/data/v1/apis?context=/json-placeholder/v1&version=v1&gatewayLabel=Default HTTP/1.1 200 790 - Apache-HttpClient/4.5.13 (Java/11.0.10) 0.008
172.21.0.1 - - [16/Jan/2024:14:29:30 +0000] GET /api/am/publisher/v2/apis/8b05a2c6-cd79-417d-b762-93994127c08d/swagger HTTP/1.1 200 700 https://localhost:9443/publisher/apis/8b05a2c6-cd79-417d-b762-93994127c08d/resources Mozilla/5.0 (X11; Linux x86_64) AppleWebKit/537.36 (KHTML, like Gecko) Chrome/120.0.0.0 Safari/537.36 0.016
172.21.0.1 - - [16/Jan/2024:14:29:30 +0000] - 400 - - - 0.000
172.21.0.1 - - [16/Jan/2024:14:29:30 +0000] GET /api/am/publisher/v2/scopes HTTP/1.1 200 92 https://localhost:9443/publisher/apis/8b05a2c6-cd79-417d-b762-93994127c08d/resources Mozilla/5.0 (X11; Linux x86_64) AppleWebKit/537.36 (KHTML, like Gecko) Chrome/120.0.0.0 Safari/537.36 0.007
172.21.0.1 - - [16/Jan/2024:14:29:30 +0000] GET /api/am/publisher/v2/apis/8b05a2c6-cd79-417d-b762-93994127c08d/amznResourceNames HTTP/1.1 204 - https://localhost:9443/publisher/apis/8b05a2c6-cd79-417d-b762-93994127c08d/resources Mozilla/5.0 (X11; Linux x86_64) AppleWebKit/537.36 (KHTML, like Gecko) Chrome/120.0.0.0 Safari/537.36 0.015
172.21.0.1 - - [16/Jan/2024:14:29:30 +0000] GET /api/am/publisher/v2/throttling-policies/api HTTP/1.1 200 396 https://localhost:9443/publisher/apis/8b05a2c6-cd79-417d-b762-93994127c08d/resources Mozilla/5.0 (X11; Linux x86_64) AppleWebKit/537.36 (KHTML, like Gecko) Chrome/120.0.0.0 Safari/537.36 0.012
127.0.0.1 - - [16/Jan/2024:14:29:32 +0000] GET /internal/data/v1/runtime-artifacts?apiId=8b05a2c6-cd79-417d-b762-93994127c08d&gatewayLabel=RGVmYXVsdA&type=Synapse HTTP/1.1 200 2549 - Apache-HttpClient/4.5.13 (Java/11.0.10) 0.066
172.21.0.1 - - [16/Jan/2024:14:29:42 +0000] PUT /api/am/publisher/v2/apis/8b05a2c6-cd79-417d-b762-93994127c08d/swagger HTTP/1.1 200 665 https://localhost:9443/publisher/apis/8b05a2c6-cd79-417d-b762-93994127c08d/resources Mozilla/5.0 (X11; Linux x86_64) AppleWebKit/537.36 (KHTML, like Gecko) Chrome/120.0.0.0 Safari/537.36 0.236
172.21.0.1 - - [16/Jan/2024:14:29:43 +0000] GET /api/am/publisher/v2/apis/8b05a2c6-cd79-417d-b762-93994127c08d HTTP/1.1 200 1072 https://localhost:9443/publisher/apis/8b05a2c6-cd79-417d-b762-93994127c08d/resources Mozilla/5.0 (X11; Linux x86_64) AppleWebKit/537.36 (KHTML, like Gecko) Chrome/120.0.0.0 Safari/537.36 0.017
127.0.0.1 - - [16/Jan/2024:14:29:43 +0000] GET /internal/data/v1/apis?context=/json-placeholder/v1&version=v1&gatewayLabel=Default HTTP/1.1 200 790 - Apache-HttpClient/4.5.13 (Java/11.0.10) 0.006
172.21.0.1 - - [16/Jan/2024:14:29:50 +0000] GET /api/am/publisher/v2/apis/8b05a2c6-cd79-417d-b762-93994127c08d/revisions?query=deployed%3Atrue HTTP/1.1 200 327 https://localhost:9443/publisher/apis/8b05a2c6-cd79-417d-b762-93994127c08d/overview Mozilla/5.0 (X11; Linux x86_64) AppleWebKit/537.36 (KHTML, like Gecko) Chrome/120.0.0.0 Safari/537.36 0.006
172.21.0.1 - - [16/Jan/2024:14:29:50 +0000] GET /api/am/publisher/v2/apis/8b05a2c6-cd79-417d-b762-93994127c08d/swagger HTTP/1.1 200 665 https://localhost:9443/publisher/apis/8b05a2c6-cd79-417d-b762-93994127c08d/overview Mozilla/5.0 (X11; Linux x86_64) AppleWebKit/537.36 (KHTML, like Gecko) Chrome/120.0.0.0 Safari/537.36 0.025
172.21.0.1 - - [16/Jan/2024:14:29:51 +0000] POST /api/am/publisher/v2/apis/change-lifecycle?action=Publish&apiId=8b05a2c6-cd79-417d-b762-93994127c08d HTTP/1.1 200 300 https://localhost:9443/publisher/apis/8b05a2c6-cd79-417d-b762-93994127c08d/overview Mozilla/5.0 (X11; Linux x86_64) AppleWebKit/537.36 (KHTML, like Gecko) Chrome/120.0.0.0 Safari/537.36 0.212
172.21.0.1 - - [16/Jan/2024:14:29:51 +0000] GET /api/am/publisher/v2/apis/8b05a2c6-cd79-417d-b762-93994127c08d HTTP/1.1 200 1069 https://localhost:9443/publisher/apis/8b05a2c6-cd79-417d-b762-93994127c08d/overview Mozilla/5.0 (X11; Linux x86_64) AppleWebKit/537.36 (KHTML, like Gecko) Chrome/120.0.0.0 Safari/537.36 0.015
172.21.0.1 - - [16/Jan/2024:14:29:51 +0000] GET /api/am/publisher/v2/apis/8b05a2c6-cd79-417d-b762-93994127c08d/revisions?query=deployed%3Atrue HTTP/1.1 200 327 https://localhost:9443/publisher/apis/8b05a2c6-cd79-417d-b762-93994127c08d/overview Mozilla/5.0 (X11; Linux x86_64) AppleWebKit/537.36 (KHTML, like Gecko) Chrome/120.0.0.0 Safari/537.36 0.008
